Command line invocation:
    /Applications/Xcode.app/Contents/Developer/usr/bin/xcodebuild test -project Tribeboard.xcodeproj -scheme Tribeboard -destination "platform=iOS Simulator,id=8D6CEC70-536D-4DA9-9EC5-3083A51C6D92"

2026-02-10 16:07:18.377 xcodebuild[71459:900759] [MT] IDERunDestination: Supported platforms for the buildables in the current scheme is empty.
--- xcodebuild: WARNING: Using the first of multiple matching destinations:
{ platform:iOS Simulator, arch:arm64, id:8D6CEC70-536D-4DA9-9EC5-3083A51C6D92, OS:18.6, name:iPhone 16e }
{ platform:iOS Simulator, arch:x86_64, id:8D6CEC70-536D-4DA9-9EC5-3083A51C6D92, OS:18.6, name:iPhone 16e }
ComputePackagePrebuildTargetDependencyGraph

Prepare packages

CreateBuildRequest

SendProjectDescription

CreateBuildOperation

ComputeTargetDependencyGraph
note: Building targets in dependency order
note: Target dependency graph (3 targets)
    Target 'TribeboardUITests' in project 'Tribeboard'
        ➜ Explicit dependency on target 'Tribeboard' in project 'Tribeboard'
    Target 'TribeboardTests' in project 'Tribeboard'
        ➜ Explicit dependency on target 'Tribeboard' in project 'Tribeboard'
    Target 'Tribeboard' in project 'Tribeboard' (no dependencies)

GatherProvisioningInputs

CreateBuildDescription

ExecuteExternalTool /Applications/Xcode.app/Contents/Developer/Toolchains/XcodeDefault.xctoolchain/usr/bin/clang -v -E -dM -isysroot /Applications/Xcode.app/Contents/Developer/Platforms/iPhoneSimulator.platform/Developer/SDKs/iPhoneSimulator26.2.sdk -x c -c /dev/null

ExecuteExternalTool /Applications/Xcode.app/Contents/Developer/Toolchains/XcodeDefault.xctoolchain/usr/bin/swiftc --version

ExecuteExternalTool /Applications/Xcode.app/Contents/Developer/usr/bin/momc --dry-run --action generate --swift-version 5.0 --sdkroot /Applications/Xcode.app/Contents/Developer/Platforms/iPhoneSimulator.platform/Developer/SDKs/iPhoneSimulator26.2.sdk --iphonesimulator-deployment-target 18.6 --module Tribeboard /Users/tafmawere/Projects Kiro/Tribeboard_MVP/Tribeboard/Tribeboard/Tribeboard.xcdatamodeld /Users/tafmawere/Library/Developer/Xcode/DerivedData/Tribeboard-hdigiwhflrfqtodtlckntnnupjxx/Build/Intermediates.noindex/Tribeboard.build/Debug-iphonesimulator/Tribeboard.build/DerivedSources/CoreDataGenerated/Tribeboard

ExecuteExternalTool /Applications/Xcode.app/Contents/Developer/usr/bin/actool --print-asset-tag-combinations --output-format xml1 /Users/tafmawere/Projects Kiro/Tribeboard_MVP/Tribeboard/Tribeboard/Assets.xcassets

ExecuteExternalTool /Applications/Xcode.app/Contents/Developer/usr/bin/actool --version --output-format xml1

ExecuteExternalTool /Applications/Xcode.app/Contents/Developer/Toolchains/XcodeDefault.xctoolchain/usr/bin/ld -version_details

Build description signature: 24d42b7d75ac33ef9bc45c33c6808c4d
Build description path: /Users/tafmawere/Library/Developer/Xcode/DerivedData/Tribeboard-hdigiwhflrfqtodtlckntnnupjxx/Build/Intermediates.noindex/XCBuildData/24d42b7d75ac33ef9bc45c33c6808c4d.xcbuilddata
ClangStatCache /Applications/Xcode.app/Contents/Developer/Toolchains/XcodeDefault.xctoolchain/usr/bin/clang-stat-cache /Applications/Xcode.app/Contents/Developer/Platforms/iPhoneSimulator.platform/Developer/SDKs/iPhoneSimulator26.2.sdk /Users/tafmawere/Library/Developer/Xcode/DerivedData/SDKStatCaches.noindex/iphonesimulator26.2-23C53-7d00a8b37fbd7999ea79df8ebc024bf0.sdkstatcache
    cd /Users/tafmawere/Projects\ Kiro/Tribeboard_MVP/Tribeboard/Tribeboard.xcodeproj
    /Applications/Xcode.app/Contents/Developer/Toolchains/XcodeDefault.xctoolchain/usr/bin/clang-stat-cache /Applications/Xcode.app/Contents/Developer/Platforms/iPhoneSimulator.platform/Developer/SDKs/iPhoneSimulator26.2.sdk -o /Users/tafmawere/Library/Developer/Xcode/DerivedData/SDKStatCaches.noindex/iphonesimulator26.2-23C53-7d00a8b37fbd7999ea79df8ebc024bf0.sdkstatcache

MkDir /Users/tafmawere/Library/Developer/Xcode/DerivedData/Tribeboard-hdigiwhflrfqtodtlckntnnupjxx/Build/Products/Debug-iphonesimulator/Tribeboard.app/Frameworks (in target 'Tribeboard' from project 'Tribeboard')
    cd /Users/tafmawere/Projects\ Kiro/Tribeboard_MVP/Tribeboard
    /bin/mkdir -p /Users/tafmawere/Library/Developer/Xcode/DerivedData/Tribeboard-hdigiwhflrfqtodtlckntnnupjxx/Build/Products/Debug-iphonesimulator/Tribeboard.app/Frameworks

MkDir /Users/tafmawere/Library/Developer/Xcode/DerivedData/Tribeboard-hdigiwhflrfqtodtlckntnnupjxx/Build/Products/Debug-iphonesimulator/Tribeboard.app/PlugIns (in target 'Tribeboard' from project 'Tribeboard')
    cd /Users/tafmawere/Projects\ Kiro/Tribeboard_MVP/Tribeboard
    /bin/mkdir -p /Users/tafmawere/Library/Developer/Xcode/DerivedData/Tribeboard-hdigiwhflrfqtodtlckntnnupjxx/Build/Products/Debug-iphonesimulator/Tribeboard.app/PlugIns

WriteAuxiliaryFile /Users/tafmawere/Library/Developer/Xcode/DerivedData/Tribeboard-hdigiwhflrfqtodtlckntnnupjxx/Build/Intermediates.noindex/Tribeboard.build/Debug-iphonesimulator/TribeboardUITests.build/TribeboardUITests.hmap (in target 'TribeboardUITests' from project 'Tribeboard')
    cd /Users/tafmawere/Projects\ Kiro/Tribeboard_MVP/Tribeboard
    write-file /Users/tafmawere/Library/Developer/Xcode/DerivedData/Tribeboard-hdigiwhflrfqtodtlckntnnupjxx/Build/Intermediates.noindex/Tribeboard.build/Debug-iphonesimulator/TribeboardUITests.build/TribeboardUITests.hmap

WriteAuxiliaryFile /Users/tafmawere/Library/Developer/Xcode/DerivedData/Tribeboard-hdigiwhflrfqtodtlckntnnupjxx/Build/Intermediates.noindex/Tribeboard.build/Debug-iphonesimulator/TribeboardUITests.build/empty-TribeboardUITests.plist (in target 'TribeboardUITests' from project 'Tribeboard')
    cd /Users/tafmawere/Projects\ Kiro/Tribeboard_MVP/Tribeboard
    write-file /Users/tafmawere/Library/Developer/Xcode/DerivedData/Tribeboard-hdigiwhflrfqtodtlckntnnupjxx/Build/Intermediates.noindex/Tribeboard.build/Debug-iphonesimulator/TribeboardUITests.build/empty-TribeboardUITests.plist

WriteAuxiliaryFile /Users/tafmawere/Library/Developer/Xcode/DerivedData/Tribeboard-hdigiwhflrfqtodtlckntnnupjxx/Build/Intermediates.noindex/Tribeboard.build/Debug-iphonesimulator/TribeboardUITests.build/TribeboardUITests-own-target-headers.hmap (in target 'TribeboardUITests' from project 'Tribeboard')
    cd /Users/tafmawere/Projects\ Kiro/Tribeboard_MVP/Tribeboard
    write-file /Users/tafmawere/Library/Developer/Xcode/DerivedData/Tribeboard-hdigiwhflrfqtodtlckntnnupjxx/Build/Intermediates.noindex/Tribeboard.build/Debug-iphonesimulator/TribeboardUITests.build/TribeboardUITests-own-target-headers.hmap

WriteAuxiliaryFile /Users/tafmawere/Library/Developer/Xcode/DerivedData/Tribeboard-hdigiwhflrfqtodtlckntnnupjxx/Build/Intermediates.noindex/Tribeboard.build/Debug-iphonesimulator/TribeboardUITests.build/TribeboardUITests.DependencyStaticMetadataFileList (in target 'TribeboardUITests' from project 'Tribeboard')
    cd /Users/tafmawere/Projects\ Kiro/Tribeboard_MVP/Tribeboard
    write-file /Users/tafmawere/Library/Developer/Xcode/DerivedData/Tribeboard-hdigiwhflrfqtodtlckntnnupjxx/Build/Intermediates.noindex/Tribeboard.build/Debug-iphonesimulator/TribeboardUITests.build/TribeboardUITests.DependencyStaticMetadataFileList

WriteAuxiliaryFile /Users/tafmawere/Library/Developer/Xcode/DerivedData/Tribeboard-hdigiwhflrfqtodtlckntnnupjxx/Build/Intermediates.noindex/Tribeboard.build/Debug-iphonesimulator/TribeboardUITests.build/TribeboardUITests-generated-files.hmap (in target 'TribeboardUITests' from project 'Tribeboard')
    cd /Users/tafmawere/Projects\ Kiro/Tribeboard_MVP/Tribeboard
    write-file /Users/tafmawere/Library/Developer/Xcode/DerivedData/Tribeboard-hdigiwhflrfqtodtlckntnnupjxx/Build/Intermediates.noindex/Tribeboard.build/Debug-iphonesimulator/TribeboardUITests.build/TribeboardUITests-generated-files.hmap

WriteAuxiliaryFile /Users/tafmawere/Library/Developer/Xcode/DerivedData/Tribeboard-hdigiwhflrfqtodtlckntnnupjxx/Build/Intermediates.noindex/Tribeboard.build/Debug-iphonesimulator/TribeboardUITests.build/TribeboardUITests.DependencyMetadataFileList (in target 'TribeboardUITests' from project 'Tribeboard')
    cd /Users/tafmawere/Projects\ Kiro/Tribeboard_MVP/Tribeboard
    write-file /Users/tafmawere/Library/Developer/Xcode/DerivedData/Tribeboard-hdigiwhflrfqtodtlckntnnupjxx/Build/Intermediates.noindex/Tribeboard.build/Debug-iphonesimulator/TribeboardUITests.build/TribeboardUITests.DependencyMetadataFileList

WriteAuxiliaryFile /Users/tafmawere/Library/Developer/Xcode/DerivedData/Tribeboard-hdigiwhflrfqtodtlckntnnupjxx/Build/Intermediates.noindex/Tribeboard.build/Debug-iphonesimulator/TribeboardUITests.build/TribeboardUITests-all-target-headers.hmap (in target 'TribeboardUITests' from project 'Tribeboard')
    cd /Users/tafmawere/Projects\ Kiro/Tribeboard_MVP/Tribeboard
    write-file /Users/tafmawere/Library/Developer/Xcode/DerivedData/Tribeboard-hdigiwhflrfqtodtlckntnnupjxx/Build/Intermediates.noindex/Tribeboard.build/Debug-iphonesimulator/TribeboardUITests.build/TribeboardUITests-all-target-headers.hmap

WriteAuxiliaryFile /Users/tafmawere/Library/Developer/Xcode/DerivedData/Tribeboard-hdigiwhflrfqtodtlckntnnupjxx/Build/Intermediates.noindex/Tribeboard.build/Debug-iphonesimulator/TribeboardUITests.build/TribeboardUITests-project-headers.hmap (in target 'TribeboardUITests' from project 'Tribeboard')
    cd /Users/tafmawere/Projects\ Kiro/Tribeboard_MVP/Tribeboard
    write-file /Users/tafmawere/Library/Developer/Xcode/DerivedData/Tribeboard-hdigiwhflrfqtodtlckntnnupjxx/Build/Intermediates.noindex/Tribeboard.build/Debug-iphonesimulator/TribeboardUITests.build/TribeboardUITests-project-headers.hmap

WriteAuxiliaryFile /Users/tafmawere/Library/Developer/Xcode/DerivedData/Tribeboard-hdigiwhflrfqtodtlckntnnupjxx/Build/Intermediates.noindex/Tribeboard.build/Debug-iphonesimulator/TribeboardUITests.build/TribeboardUITests-all-non-framework-target-headers.hmap (in target 'TribeboardUITests' from project 'Tribeboard')
    cd /Users/tafmawere/Projects\ Kiro/Tribeboard_MVP/Tribeboard
    write-file /Users/tafmawere/Library/Developer/Xcode/DerivedData/Tribeboard-hdigiwhflrfqtodtlckntnnupjxx/Build/Intermediates.noindex/Tribeboard.build/Debug-iphonesimulator/TribeboardUITests.build/TribeboardUITests-all-non-framework-target-headers.hmap

WriteAuxiliaryFile /Users/tafmawere/Library/Developer/Xcode/DerivedData/Tribeboard-hdigiwhflrfqtodtlckntnnupjxx/Build/Intermediates.noindex/Tribeboard.build/Debug-iphonesimulator/TribeboardUITests.build/ProductTypeInfoPlistAdditions.plist (in target 'TribeboardUITests' from project 'Tribeboard')
    cd /Users/tafmawere/Projects\ Kiro/Tribeboard_MVP/Tribeboard
    write-file /Users/tafmawere/Library/Developer/Xcode/DerivedData/Tribeboard-hdigiwhflrfqtodtlckntnnupjxx/Build/Intermediates.noindex/Tribeboard.build/Debug-iphonesimulator/TribeboardUITests.build/ProductTypeInfoPlistAdditions.plist

WriteAuxiliaryFile /Users/tafmawere/Library/Developer/Xcode/DerivedData/Tribeboard-hdigiwhflrfqtodtlckntnnupjxx/Build/Intermediates.noindex/Tribeboard.build/Debug-iphonesimulator/TribeboardUITests.build/Objects-normal/arm64/TribeboardUITests_const_extract_protocols.json (in target 'TribeboardUITests' from project 'Tribeboard')
    cd /Users/tafmawere/Projects\ Kiro/Tribeboard_MVP/Tribeboard
    write-file /Users/tafmawere/Library/Developer/Xcode/DerivedData/Tribeboard-hdigiwhflrfqtodtlckntnnupjxx/Build/Intermediates.noindex/Tribeboard.build/Debug-iphonesimulator/TribeboardUITests.build/Objects-normal/arm64/TribeboardUITests_const_extract_protocols.json

WriteAuxiliaryFile /Users/tafmawere/Library/Developer/Xcode/DerivedData/Tribeboard-hdigiwhflrfqtodtlckntnnupjxx/Build/Intermediates.noindex/Tribeboard.build/Debug-iphonesimulator/TribeboardUITests.build/Objects-normal/arm64/TribeboardUITests.LinkFileList (in target 'TribeboardUITests' from project 'Tribeboard')
    cd /Users/tafmawere/Projects\ Kiro/Tribeboard_MVP/Tribeboard
    write-file /Users/tafmawere/Library/Developer/Xcode/DerivedData/Tribeboard-hdigiwhflrfqtodtlckntnnupjxx/Build/Intermediates.noindex/Tribeboard.build/Debug-iphonesimulator/TribeboardUITests.build/Objects-normal/arm64/TribeboardUITests.LinkFileList

WriteAuxiliaryFile /Users/tafmawere/Library/Developer/Xcode/DerivedData/Tribeboard-hdigiwhflrfqtodtlckntnnupjxx/Build/Intermediates.noindex/Tribeboard.build/Debug-iphonesimulator/TribeboardUITests.build/Objects-normal/arm64/TribeboardUITests.SwiftConstValuesFileList (in target 'TribeboardUITests' from project 'Tribeboard')
    cd /Users/tafmawere/Projects\ Kiro/Tribeboard_MVP/Tribeboard
    write-file /Users/tafmawere/Library/Developer/Xcode/DerivedData/Tribeboard-hdigiwhflrfqtodtlckntnnupjxx/Build/Intermediates.noindex/Tribeboard.build/Debug-iphonesimulator/TribeboardUITests.build/Objects-normal/arm64/TribeboardUITests.SwiftConstValuesFileList

WriteAuxiliaryFile /Users/tafmawere/Library/Developer/Xcode/DerivedData/Tribeboard-hdigiwhflrfqtodtlckntnnupjxx/Build/Intermediates.noindex/Tribeboard.build/Debug-iphonesimulator/TribeboardUITests.build/Objects-normal/arm64/TribeboardUITests-OutputFileMap.json (in target 'TribeboardUITests' from project 'Tribeboard')
    cd /Users/tafmawere/Projects\ Kiro/Tribeboard_MVP/Tribeboard
    write-file /Users/tafmawere/Library/Developer/Xcode/DerivedData/Tribeboard-hdigiwhflrfqtodtlckntnnupjxx/Build/Intermediates.noindex/Tribeboard.build/Debug-iphonesimulator/TribeboardUITests.build/Objects-normal/arm64/TribeboardUITests-OutputFileMap.json

WriteAuxiliaryFile /Users/tafmawere/Library/Developer/Xcode/DerivedData/Tribeboard-hdigiwhflrfqtodtlckntnnupjxx/Build/Intermediates.noindex/Tribeboard.build/Debug-iphonesimulator/TribeboardUITests.build/Objects-normal/arm64/TribeboardUITests.SwiftFileList (in target 'TribeboardUITests' from project 'Tribeboard')
    cd /Users/tafmawere/Projects\ Kiro/Tribeboard_MVP/Tribeboard
    write-file /Users/tafmawere/Library/Developer/Xcode/DerivedData/Tribeboard-hdigiwhflrfqtodtlckntnnupjxx/Build/Intermediates.noindex/Tribeboard.build/Debug-iphonesimulator/TribeboardUITests.build/Objects-normal/arm64/TribeboardUITests.SwiftFileList

WriteAuxiliaryFile /Users/tafmawere/Library/Developer/Xcode/DerivedData/Tribeboard-hdigiwhflrfqtodtlckntnnupjxx/Build/Intermediates.noindex/Tribeboard.build/Debug-iphonesimulator/TribeboardTests.build/TribeboardTests.hmap (in target 'TribeboardTests' from project 'Tribeboard')
    cd /Users/tafmawere/Projects\ Kiro/Tribeboard_MVP/Tribeboard
    write-file /Users/tafmawere/Library/Developer/Xcode/DerivedData/Tribeboard-hdigiwhflrfqtodtlckntnnupjxx/Build/Intermediates.noindex/Tribeboard.build/Debug-iphonesimulator/TribeboardTests.build/TribeboardTests.hmap

WriteAuxiliaryFile /Users/tafmawere/Library/Developer/Xcode/DerivedData/Tribeboard-hdigiwhflrfqtodtlckntnnupjxx/Build/Intermediates.noindex/Tribeboard.build/Debug-iphonesimulator/TribeboardTests.build/empty-TribeboardTests.plist (in target 'TribeboardTests' from project 'Tribeboard')
    cd /Users/tafmawere/Projects\ Kiro/Tribeboard_MVP/Tribeboard
    write-file /Users/tafmawere/Library/Developer/Xcode/DerivedData/Tribeboard-hdigiwhflrfqtodtlckntnnupjxx/Build/Intermediates.noindex/Tribeboard.build/Debug-iphonesimulator/TribeboardTests.build/empty-TribeboardTests.plist

WriteAuxiliaryFile /Users/tafmawere/Library/Developer/Xcode/DerivedData/Tribeboard-hdigiwhflrfqtodtlckntnnupjxx/Build/Intermediates.noindex/Tribeboard.build/Debug-iphonesimulator/TribeboardTests.build/TribeboardTests.DependencyStaticMetadataFileList (in target 'TribeboardTests' from project 'Tribeboard')
    cd /Users/tafmawere/Projects\ Kiro/Tribeboard_MVP/Tribeboard
    write-file /Users/tafmawere/Library/Developer/Xcode/DerivedData/Tribeboard-hdigiwhflrfqtodtlckntnnupjxx/Build/Intermediates.noindex/Tribeboard.build/Debug-iphonesimulator/TribeboardTests.build/TribeboardTests.DependencyStaticMetadataFileList

WriteAuxiliaryFile /Users/tafmawere/Library/Developer/Xcode/DerivedData/Tribeboard-hdigiwhflrfqtodtlckntnnupjxx/Build/Intermediates.noindex/Tribeboard.build/Debug-iphonesimulator/TribeboardUITests.build/DerivedSources/Entitlements-Simulated.plist (in target 'TribeboardUITests' from project 'Tribeboard')
    cd /Users/tafmawere/Projects\ Kiro/Tribeboard_MVP/Tribeboard
    write-file /Users/tafmawere/Library/Developer/Xcode/DerivedData/Tribeboard-hdigiwhflrfqtodtlckntnnupjxx/Build/Intermediates.noindex/Tribeboard.build/Debug-iphonesimulator/TribeboardUITests.build/DerivedSources/Entitlements-Simulated.plist

WriteAuxiliaryFile /Users/tafmawere/Library/Developer/Xcode/DerivedData/Tribeboard-hdigiwhflrfqtodtlckntnnupjxx/Build/Intermediates.noindex/Tribeboard.build/Debug-iphonesimulator/TribeboardTests.build/TribeboardTests.DependencyMetadataFileList (in target 'TribeboardTests' from project 'Tribeboard')
    cd /Users/tafmawere/Projects\ Kiro/Tribeboard_MVP/Tribeboard
    write-file /Users/tafmawere/Library/Developer/Xcode/DerivedData/Tribeboard-hdigiwhflrfqtodtlckntnnupjxx/Build/Intermediates.noindex/Tribeboard.build/Debug-iphonesimulator/TribeboardTests.build/TribeboardTests.DependencyMetadataFileList

WriteAuxiliaryFile /Users/tafmawere/Library/Developer/Xcode/DerivedData/Tribeboard-hdigiwhflrfqtodtlckntnnupjxx/Build/Intermediates.noindex/Tribeboard.build/Debug-iphonesimulator/TribeboardTests.build/TribeboardTests-project-headers.hmap (in target 'TribeboardTests' from project 'Tribeboard')
    cd /Users/tafmawere/Projects\ Kiro/Tribeboard_MVP/Tribeboard
    write-file /Users/tafmawere/Library/Developer/Xcode/DerivedData/Tribeboard-hdigiwhflrfqtodtlckntnnupjxx/Build/Intermediates.noindex/Tribeboard.build/Debug-iphonesimulator/TribeboardTests.build/TribeboardTests-project-headers.hmap

WriteAuxiliaryFile /Users/tafmawere/Library/Developer/Xcode/DerivedData/Tribeboard-hdigiwhflrfqtodtlckntnnupjxx/Build/Intermediates.noindex/Tribeboard.build/Debug-iphonesimulator/TribeboardTests.build/TribeboardTests-own-target-headers.hmap (in target 'TribeboardTests' from project 'Tribeboard')
    cd /Users/tafmawere/Projects\ Kiro/Tribeboard_MVP/Tribeboard
    write-file /Users/tafmawere/Library/Developer/Xcode/DerivedData/Tribeboard-hdigiwhflrfqtodtlckntnnupjxx/Build/Intermediates.noindex/Tribeboard.build/Debug-iphonesimulator/TribeboardTests.build/TribeboardTests-own-target-headers.hmap

WriteAuxiliaryFile /Users/tafmawere/Library/Developer/Xcode/DerivedData/Tribeboard-hdigiwhflrfqtodtlckntnnupjxx/Build/Intermediates.noindex/Tribeboard.build/Debug-iphonesimulator/TribeboardTests.build/TribeboardTests-generated-files.hmap (in target 'TribeboardTests' from project 'Tribeboard')
    cd /Users/tafmawere/Projects\ Kiro/Tribeboard_MVP/Tribeboard
    write-file /Users/tafmawere/Library/Developer/Xcode/DerivedData/Tribeboard-hdigiwhflrfqtodtlckntnnupjxx/Build/Intermediates.noindex/Tribeboard.build/Debug-iphonesimulator/TribeboardTests.build/TribeboardTests-generated-files.hmap

WriteAuxiliaryFile /Users/tafmawere/Library/Developer/Xcode/DerivedData/Tribeboard-hdigiwhflrfqtodtlckntnnupjxx/Build/Intermediates.noindex/Tribeboard.build/Debug-iphonesimulator/TribeboardTests.build/TribeboardTests-all-target-headers.hmap (in target 'TribeboardTests' from project 'Tribeboard')
    cd /Users/tafmawere/Projects\ Kiro/Tribeboard_MVP/Tribeboard
    write-file /Users/tafmawere/Library/Developer/Xcode/DerivedData/Tribeboard-hdigiwhflrfqtodtlckntnnupjxx/Build/Intermediates.noindex/Tribeboard.build/Debug-iphonesimulator/TribeboardTests.build/TribeboardTests-all-target-headers.hmap

WriteAuxiliaryFile /Users/tafmawere/Library/Developer/Xcode/DerivedData/Tribeboard-hdigiwhflrfqtodtlckntnnupjxx/Build/Intermediates.noindex/Tribeboard.build/Debug-iphonesimulator/TribeboardTests.build/TribeboardTests-all-non-framework-target-headers.hmap (in target 'TribeboardTests' from project 'Tribeboard')
    cd /Users/tafmawere/Projects\ Kiro/Tribeboard_MVP/Tribeboard
    write-file /Users/tafmawere/Library/Developer/Xcode/DerivedData/Tribeboard-hdigiwhflrfqtodtlckntnnupjxx/Build/Intermediates.noindex/Tribeboard.build/Debug-iphonesimulator/TribeboardTests.build/TribeboardTests-all-non-framework-target-headers.hmap

WriteAuxiliaryFile /Users/tafmawere/Library/Developer/Xcode/DerivedData/Tribeboard-hdigiwhflrfqtodtlckntnnupjxx/Build/Intermediates.noindex/Tribeboard.build/Debug-iphonesimulator/TribeboardTests.build/Objects-normal/arm64/TribeboardTests_const_extract_protocols.json (in target 'TribeboardTests' from project 'Tribeboard')
    cd /Users/tafmawere/Projects\ Kiro/Tribeboard_MVP/Tribeboard
    write-file /Users/tafmawere/Library/Developer/Xcode/DerivedData/Tribeboard-hdigiwhflrfqtodtlckntnnupjxx/Build/Intermediates.noindex/Tribeboard.build/Debug-iphonesimulator/TribeboardTests.build/Objects-normal/arm64/TribeboardTests_const_extract_protocols.json

WriteAuxiliaryFile /Users/tafmawere/Library/Developer/Xcode/DerivedData/Tribeboard-hdigiwhflrfqtodtlckntnnupjxx/Build/Intermediates.noindex/Tribeboard.build/Debug-iphonesimulator/TribeboardTests.build/Objects-normal/arm64/TribeboardTests.SwiftFileList (in target 'TribeboardTests' from project 'Tribeboard')
    cd /Users/tafmawere/Projects\ Kiro/Tribeboard_MVP/Tribeboard
    write-file /Users/tafmawere/Library/Developer/Xcode/DerivedData/Tribeboard-hdigiwhflrfqtodtlckntnnupjxx/Build/Intermediates.noindex/Tribeboard.build/Debug-iphonesimulator/TribeboardTests.build/Objects-normal/arm64/TribeboardTests.SwiftFileList

WriteAuxiliaryFile /Users/tafmawere/Library/Developer/Xcode/DerivedData/Tribeboard-hdigiwhflrfqtodtlckntnnupjxx/Build/Intermediates.noindex/Tribeboard.build/Debug-iphonesimulator/TribeboardTests.build/Objects-normal/arm64/TribeboardTests.SwiftConstValuesFileList (in target 'TribeboardTests' from project 'Tribeboard')
    cd /Users/tafmawere/Projects\ Kiro/Tribeboard_MVP/Tribeboard
    write-file /Users/tafmawere/Library/Developer/Xcode/DerivedData/Tribeboard-hdigiwhflrfqtodtlckntnnupjxx/Build/Intermediates.noindex/Tribeboard.build/Debug-iphonesimulator/TribeboardTests.build/Objects-normal/arm64/TribeboardTests.SwiftConstValuesFileList

WriteAuxiliaryFile /Users/tafmawere/Library/Developer/Xcode/DerivedData/Tribeboard-hdigiwhflrfqtodtlckntnnupjxx/Build/Intermediates.noindex/Tribeboard.build/Debug-iphonesimulator/TribeboardTests.build/Objects-normal/arm64/TribeboardTests.LinkFileList (in target 'TribeboardTests' from project 'Tribeboard')
    cd /Users/tafmawere/Projects\ Kiro/Tribeboard_MVP/Tribeboard
    write-file /Users/tafmawere/Library/Developer/Xcode/DerivedData/Tribeboard-hdigiwhflrfqtodtlckntnnupjxx/Build/Intermediates.noindex/Tribeboard.build/Debug-iphonesimulator/TribeboardTests.build/Objects-normal/arm64/TribeboardTests.LinkFileList

WriteAuxiliaryFile /Users/tafmawere/Library/Developer/Xcode/DerivedData/Tribeboard-hdigiwhflrfqtodtlckntnnupjxx/Build/Intermediates.noindex/Tribeboard.build/Debug-iphonesimulator/TribeboardTests.build/Objects-normal/arm64/TribeboardTests-OutputFileMap.json (in target 'TribeboardTests' from project 'Tribeboard')
    cd /Users/tafmawere/Projects\ Kiro/Tribeboard_MVP/Tribeboard
    write-file /Users/tafmawere/Library/Developer/Xcode/DerivedData/Tribeboard-hdigiwhflrfqtodtlckntnnupjxx/Build/Intermediates.noindex/Tribeboard.build/Debug-iphonesimulator/TribeboardTests.build/Objects-normal/arm64/TribeboardTests-OutputFileMap.json

MkDir /Users/tafmawere/Library/Developer/Xcode/DerivedData/Tribeboard-hdigiwhflrfqtodtlckntnnupjxx/Build/Products/Debug-iphonesimulator/TribeboardUITests-Runner.app/PlugIns/TribeboardUITests.xctest (in target 'TribeboardUITests' from project 'Tribeboard')
    cd /Users/tafmawere/Projects\ Kiro/Tribeboard_MVP/Tribeboard
    /bin/mkdir -p /Users/tafmawere/Library/Developer/Xcode/DerivedData/Tribeboard-hdigiwhflrfqtodtlckntnnupjxx/Build/Products/Debug-iphonesimulator/TribeboardUITests-Runner.app/PlugIns/TribeboardUITests.xctest

MkDir /Users/tafmawere/Library/Developer/Xcode/DerivedData/Tribeboard-hdigiwhflrfqtodtlckntnnupjxx/Build/Products/Debug-iphonesimulator/Tribeboard.app/PlugIns/TribeboardTests.xctest (in target 'TribeboardTests' from project 'Tribeboard')
    cd /Users/tafmawere/Projects\ Kiro/Tribeboard_MVP/Tribeboard
    /bin/mkdir -p /Users/tafmawere/Library/Developer/Xcode/DerivedData/Tribeboard-hdigiwhflrfqtodtlckntnnupjxx/Build/Products/Debug-iphonesimulator/Tribeboard.app/PlugIns/TribeboardTests.xctest

ProcessProductPackaging /Users/tafmawere/Projects\ Kiro/Tribeboard_MVP/Tribeboard/Tribeboard/Tribeboard.entitlements /Users/tafmawere/Library/Developer/Xcode/DerivedData/Tribeboard-hdigiwhflrfqtodtlckntnnupjxx/Build/Intermediates.noindex/Tribeboard.build/Debug-iphonesimulator/Tribeboard.build/Tribeboard.app-Simulated.xcent (in target 'Tribeboard' from project 'Tribeboard')
    cd /Users/tafmawere/Projects\ Kiro/Tribeboard_MVP/Tribeboard
    
    Entitlements:
    
    {
    "application-identifier" = "NDM2BK8S8H.net.dataenvy.tribeboard";
    "aps-environment" = development;
    "com.apple.developer.icloud-container-identifiers" =     (
    );
    "com.apple.developer.icloud-services" =     (
        CloudKit
    );
}
    
    builtin-productPackagingUtility /Users/tafmawere/Projects\ Kiro/Tribeboard_MVP/Tribeboard/Tribeboard/Tribeboard.entitlements -entitlements -format xml -o /Users/tafmawere/Library/Developer/Xcode/DerivedData/Tribeboard-hdigiwhflrfqtodtlckntnnupjxx/Build/Intermediates.noindex/Tribeboard.build/Debug-iphonesimulator/Tribeboard.build/Tribeboard.app-Simulated.xcent

ProcessProductPackaging /Users/tafmawere/Projects\ Kiro/Tribeboard_MVP/Tribeboard/Tribeboard/Tribeboard.entitlements /Users/tafmawere/Library/Developer/Xcode/DerivedData/Tribeboard-hdigiwhflrfqtodtlckntnnupjxx/Build/Intermediates.noindex/Tribeboard.build/Debug-iphonesimulator/Tribeboard.build/Tribeboard.app.xcent (in target 'Tribeboard' from project 'Tribeboard')
    cd /Users/tafmawere/Projects\ Kiro/Tribeboard_MVP/Tribeboard
    
    Entitlements:
    
    {
}
    
    builtin-productPackagingUtility /Users/tafmawere/Projects\ Kiro/Tribeboard_MVP/Tribeboard/Tribeboard/Tribeboard.entitlements -entitlements -format xml -o /Users/tafmawere/Library/Developer/Xcode/DerivedData/Tribeboard-hdigiwhflrfqtodtlckntnnupjxx/Build/Intermediates.noindex/Tribeboard.build/Debug-iphonesimulator/Tribeboard.build/Tribeboard.app.xcent

ProcessProductPackagingDER /Users/tafmawere/Library/Developer/Xcode/DerivedData/Tribeboard-hdigiwhflrfqtodtlckntnnupjxx/Build/Intermediates.noindex/Tribeboard.build/Debug-iphonesimulator/Tribeboard.build/Tribeboard.app.xcent /Users/tafmawere/Library/Developer/Xcode/DerivedData/Tribeboard-hdigiwhflrfqtodtlckntnnupjxx/Build/Intermediates.noindex/Tribeboard.build/Debug-iphonesimulator/Tribeboard.build/Tribeboard.app.xcent.der (in target 'Tribeboard' from project 'Tribeboard')
    cd /Users/tafmawere/Projects\ Kiro/Tribeboard_MVP/Tribeboard
    /usr/bin/derq query -f xml -i /Users/tafmawere/Library/Developer/Xcode/DerivedData/Tribeboard-hdigiwhflrfqtodtlckntnnupjxx/Build/Intermediates.noindex/Tribeboard.build/Debug-iphonesimulator/Tribeboard.build/Tribeboard.app.xcent -o /Users/tafmawere/Library/Developer/Xcode/DerivedData/Tribeboard-hdigiwhflrfqtodtlckntnnupjxx/Build/Intermediates.noindex/Tribeboard.build/Debug-iphonesimulator/Tribeboard.build/Tribeboard.app.xcent.der --raw

ProcessProductPackagingDER /Users/tafmawere/Library/Developer/Xcode/DerivedData/Tribeboard-hdigiwhflrfqtodtlckntnnupjxx/Build/Intermediates.noindex/Tribeboard.build/Debug-iphonesimulator/Tribeboard.build/Tribeboard.app-Simulated.xcent /Users/tafmawere/Library/Developer/Xcode/DerivedData/Tribeboard-hdigiwhflrfqtodtlckntnnupjxx/Build/Intermediates.noindex/Tribeboard.build/Debug-iphonesimulator/Tribeboard.build/Tribeboard.app-Simulated.xcent.der (in target 'Tribeboard' from project 'Tribeboard')
    cd /Users/tafmawere/Projects\ Kiro/Tribeboard_MVP/Tribeboard
    /usr/bin/derq query -f xml -i /Users/tafmawere/Library/Developer/Xcode/DerivedData/Tribeboard-hdigiwhflrfqtodtlckntnnupjxx/Build/Intermediates.noindex/Tribeboard.build/Debug-iphonesimulator/Tribeboard.build/Tribeboard.app-Simulated.xcent -o /Users/tafmawere/Library/Developer/Xcode/DerivedData/Tribeboard-hdigiwhflrfqtodtlckntnnupjxx/Build/Intermediates.noindex/Tribeboard.build/Debug-iphonesimulator/Tribeboard.build/Tribeboard.app-Simulated.xcent.der --raw

Copy /Users/tafmawere/Library/Developer/Xcode/DerivedData/Tribeboard-hdigiwhflrfqtodtlckntnnupjxx/Build/Products/Debug-iphonesimulator/Tribeboard.app/Frameworks/libXCTestSwiftSupport.dylib /Applications/Xcode.app/Contents/Developer/Platforms/iPhoneSimulator.platform/Developer/usr/lib/libXCTestSwiftSupport.dylib (in target 'Tribeboard' from project 'Tribeboard')
    cd /Users/tafmawere/Projects\ Kiro/Tribeboard_MVP/Tribeboard
    builtin-copy -exclude .DS_Store -exclude CVS -exclude .svn -exclude .git -exclude .hg -exclude Headers -exclude PrivateHeaders -exclude Modules -exclude \*.tbd -resolve-src-symlinks /Applications/Xcode.app/Contents/Developer/Platforms/iPhoneSimulator.platform/Developer/usr/lib/libXCTestSwiftSupport.dylib /Users/tafmawere/Library/Developer/Xcode/DerivedData/Tribeboard-hdigiwhflrfqtodtlckntnnupjxx/Build/Products/Debug-iphonesimulator/Tribeboard.app/Frameworks

Copy /Users/tafmawere/Library/Developer/Xcode/DerivedData/Tribeboard-hdigiwhflrfqtodtlckntnnupjxx/Build/Products/Debug-iphonesimulator/Tribeboard.app/Frameworks/libXCTestBundleInject.dylib /Applications/Xcode.app/Contents/Developer/Platforms/iPhoneSimulator.platform/Developer/usr/lib/libXCTestBundleInject.dylib (in target 'Tribeboard' from project 'Tribeboard')
    cd /Users/tafmawere/Projects\ Kiro/Tribeboard_MVP/Tribeboard
    builtin-copy -exclude .DS_Store -exclude CVS -exclude .svn -exclude .git -exclude .hg -exclude Headers -exclude PrivateHeaders -exclude Modules -exclude \*.tbd -resolve-src-symlinks /Applications/Xcode.app/Contents/Developer/Platforms/iPhoneSimulator.platform/Developer/usr/lib/libXCTestBundleInject.dylib /Users/tafmawere/Library/Developer/Xcode/DerivedData/Tribeboard-hdigiwhflrfqtodtlckntnnupjxx/Build/Products/Debug-iphonesimulator/Tribeboard.app/Frameworks

Copy /Users/tafmawere/Library/Developer/Xcode/DerivedData/Tribeboard-hdigiwhflrfqtodtlckntnnupjxx/Build/Products/Debug-iphonesimulator/Tribeboard.app/Frameworks/XCUIAutomation.framework /Applications/Xcode.app/Contents/Developer/Platforms/iPhoneSimulator.platform/Developer/Library/Frameworks/XCUIAutomation.framework (in target 'Tribeboard' from project 'Tribeboard')
    cd /Users/tafmawere/Projects\ Kiro/Tribeboard_MVP/Tribeboard
    builtin-copy -exclude .DS_Store -exclude CVS -exclude .svn -exclude .git -exclude .hg -exclude Headers -exclude PrivateHeaders -exclude Modules -exclude \*.tbd -resolve-src-symlinks /Applications/Xcode.app/Contents/Developer/Platforms/iPhoneSimulator.platform/Developer/Library/Frameworks/XCUIAutomation.framework /Users/tafmawere/Library/Developer/Xcode/DerivedData/Tribeboard-hdigiwhflrfqtodtlckntnnupjxx/Build/Products/Debug-iphonesimulator/Tribeboard.app/Frameworks

Copy /Users/tafmawere/Library/Developer/Xcode/DerivedData/Tribeboard-hdigiwhflrfqtodtlckntnnupjxx/Build/Products/Debug-iphonesimulator/Tribeboard.app/Frameworks/XCUnit.framework /Applications/Xcode.app/Contents/Developer/Platforms/iPhoneSimulator.platform/Developer/Library/PrivateFrameworks/XCUnit.framework (in target 'Tribeboard' from project 'Tribeboard')
    cd /Users/tafmawere/Projects\ Kiro/Tribeboard_MVP/Tribeboard
    builtin-copy -exclude .DS_Store -exclude CVS -exclude .svn -exclude .git -exclude .hg -exclude Headers -exclude PrivateHeaders -exclude Modules -exclude \*.tbd -resolve-src-symlinks /Applications/Xcode.app/Contents/Developer/Platforms/iPhoneSimulator.platform/Developer/Library/PrivateFrameworks/XCUnit.framework /Users/tafmawere/Library/Developer/Xcode/DerivedData/Tribeboard-hdigiwhflrfqtodtlckntnnupjxx/Build/Products/Debug-iphonesimulator/Tribeboard.app/Frameworks

Copy /Users/tafmawere/Library/Developer/Xcode/DerivedData/Tribeboard-hdigiwhflrfqtodtlckntnnupjxx/Build/Products/Debug-iphonesimulator/Tribeboard.app/Frameworks/XCTestSupport.framework /Applications/Xcode.app/Contents/Developer/Platforms/iPhoneSimulator.platform/Developer/Library/PrivateFrameworks/XCTestSupport.framework (in target 'Tribeboard' from project 'Tribeboard')
    cd /Users/tafmawere/Projects\ Kiro/Tribeboard_MVP/Tribeboard
    builtin-copy -exclude .DS_Store -exclude CVS -exclude .svn -exclude .git -exclude .hg -exclude Headers -exclude PrivateHeaders -exclude Modules -exclude \*.tbd -resolve-src-symlinks /Applications/Xcode.app/Contents/Developer/Platforms/iPhoneSimulator.platform/Developer/Library/PrivateFrameworks/XCTestSupport.framework /Users/tafmawere/Library/Developer/Xcode/DerivedData/Tribeboard-hdigiwhflrfqtodtlckntnnupjxx/Build/Products/Debug-iphonesimulator/Tribeboard.app/Frameworks

Copy /Users/tafmawere/Library/Developer/Xcode/DerivedData/Tribeboard-hdigiwhflrfqtodtlckntnnupjxx/Build/Products/Debug-iphonesimulator/Tribeboard.app/Frameworks/XCTestCore.framework /Applications/Xcode.app/Contents/Developer/Platforms/iPhoneSimulator.platform/Developer/Library/PrivateFrameworks/XCTestCore.framework (in target 'Tribeboard' from project 'Tribeboard')
    cd /Users/tafmawere/Projects\ Kiro/Tribeboard_MVP/Tribeboard
    builtin-copy -exclude .DS_Store -exclude CVS -exclude .svn -exclude .git -exclude .hg -exclude Headers -exclude PrivateHeaders -exclude Modules -exclude \*.tbd -resolve-src-symlinks /Applications/Xcode.app/Contents/Developer/Platforms/iPhoneSimulator.platform/Developer/Library/PrivateFrameworks/XCTestCore.framework /Users/tafmawere/Library/Developer/Xcode/DerivedData/Tribeboard-hdigiwhflrfqtodtlckntnnupjxx/Build/Products/Debug-iphonesimulator/Tribeboard.app/Frameworks

Copy /Users/tafmawere/Library/Developer/Xcode/DerivedData/Tribeboard-hdigiwhflrfqtodtlckntnnupjxx/Build/Products/Debug-iphonesimulator/Tribeboard.app/Frameworks/XCTest.framework /Applications/Xcode.app/Contents/Developer/Platforms/iPhoneSimulator.platform/Developer/Library/Frameworks/XCTest.framework (in target 'Tribeboard' from project 'Tribeboard')
    cd /Users/tafmawere/Projects\ Kiro/Tribeboard_MVP/Tribeboard
    builtin-copy -exclude .DS_Store -exclude CVS -exclude .svn -exclude .git -exclude .hg -exclude Headers -exclude PrivateHeaders -exclude Modules -exclude \*.tbd -resolve-src-symlinks /Applications/Xcode.app/Contents/Developer/Platforms/iPhoneSimulator.platform/Developer/Library/Frameworks/XCTest.framework /Users/tafmawere/Library/Developer/Xcode/DerivedData/Tribeboard-hdigiwhflrfqtodtlckntnnupjxx/Build/Products/Debug-iphonesimulator/Tribeboard.app/Frameworks

Copy /Users/tafmawere/Library/Developer/Xcode/DerivedData/Tribeboard-hdigiwhflrfqtodtlckntnnupjxx/Build/Products/Debug-iphonesimulator/Tribeboard.app/Frameworks/XCTAutomationSupport.framework /Applications/Xcode.app/Contents/Developer/Platforms/iPhoneSimulator.platform/Developer/Library/PrivateFrameworks/XCTAutomationSupport.framework (in target 'Tribeboard' from project 'Tribeboard')
    cd /Users/tafmawere/Projects\ Kiro/Tribeboard_MVP/Tribeboard
    builtin-copy -exclude .DS_Store -exclude CVS -exclude .svn -exclude .git -exclude .hg -exclude Headers -exclude PrivateHeaders -exclude Modules -exclude \*.tbd -resolve-src-symlinks /Applications/Xcode.app/Contents/Developer/Platforms/iPhoneSimulator.platform/Developer/Library/PrivateFrameworks/XCTAutomationSupport.framework /Users/tafmawere/Library/Developer/Xcode/DerivedData/Tribeboard-hdigiwhflrfqtodtlckntnnupjxx/Build/Products/Debug-iphonesimulator/Tribeboard.app/Frameworks

Copy /Users/tafmawere/Library/Developer/Xcode/DerivedData/Tribeboard-hdigiwhflrfqtodtlckntnnupjxx/Build/Products/Debug-iphonesimulator/Tribeboard.app/Frameworks/Testing.framework /Applications/Xcode.app/Contents/Developer/Platforms/iPhoneSimulator.platform/Developer/Library/Frameworks/Testing.framework (in target 'Tribeboard' from project 'Tribeboard')
    cd /Users/tafmawere/Projects\ Kiro/Tribeboard_MVP/Tribeboard
    builtin-copy -exclude .DS_Store -exclude CVS -exclude .svn -exclude .git -exclude .hg -exclude Headers -exclude PrivateHeaders -exclude Modules -exclude \*.tbd -resolve-src-symlinks /Applications/Xcode.app/Contents/Developer/Platforms/iPhoneSimulator.platform/Developer/Library/Frameworks/Testing.framework /Users/tafmawere/Library/Developer/Xcode/DerivedData/Tribeboard-hdigiwhflrfqtodtlckntnnupjxx/Build/Products/Debug-iphonesimulator/Tribeboard.app/Frameworks

ProcessInfoPlistFile /Users/tafmawere/Library/Developer/Xcode/DerivedData/Tribeboard-hdigiwhflrfqtodtlckntnnupjxx/Build/Products/Debug-iphonesimulator/Tribeboard.app/Info.plist /Users/tafmawere/Projects\ Kiro/Tribeboard_MVP/Tribeboard/Tribeboard/Info.plist (in target 'Tribeboard' from project 'Tribeboard')
    cd /Users/tafmawere/Projects\ Kiro/Tribeboard_MVP/Tribeboard
    builtin-infoPlistUtility /Users/tafmawere/Projects\ Kiro/Tribeboard_MVP/Tribeboard/Tribeboard/Info.plist -producttype com.apple.product-type.application -genpkginfo /Users/tafmawere/Library/Developer/Xcode/DerivedData/Tribeboard-hdigiwhflrfqtodtlckntnnupjxx/Build/Products/Debug-iphonesimulator/Tribeboard.app/PkgInfo -expandbuildsettings -format binary -platform iphonesimulator -additionalcontentfile /Users/tafmawere/Library/Developer/Xcode/DerivedData/Tribeboard-hdigiwhflrfqtodtlckntnnupjxx/Build/Intermediates.noindex/Tribeboard.build/Debug-iphonesimulator/Tribeboard.build/assetcatalog_generated_info.plist -o /Users/tafmawere/Library/Developer/Xcode/DerivedData/Tribeboard-hdigiwhflrfqtodtlckntnnupjxx/Build/Products/Debug-iphonesimulator/Tribeboard.app/Info.plist

Ld /Users/tafmawere/Library/Developer/Xcode/DerivedData/Tribeboard-hdigiwhflrfqtodtlckntnnupjxx/Build/Products/Debug-iphonesimulator/Tribeboard.app/Tribeboard.debug.dylib normal (in target 'Tribeboard' from project 'Tribeboard')
    cd /Users/tafmawere/Projects\ Kiro/Tribeboard_MVP/Tribeboard
    /Applications/Xcode.app/Contents/Developer/Toolchains/XcodeDefault.xctoolchain/usr/bin/clang -Xlinker -reproducible -target arm64-apple-ios18.6-simulator -dynamiclib -isysroot /Applications/Xcode.app/Contents/Developer/Platforms/iPhoneSimulator.platform/Developer/SDKs/iPhoneSimulator26.2.sdk -O0 -L/Users/tafmawere/Library/Developer/Xcode/DerivedData/Tribeboard-hdigiwhflrfqtodtlckntnnupjxx/Build/Intermediates.noindex/EagerLinkingTBDs/Debug-iphonesimulator -L/Users/tafmawere/Library/Developer/Xcode/DerivedData/Tribeboard-hdigiwhflrfqtodtlckntnnupjxx/Build/Products/Debug-iphonesimulator -F/Users/tafmawere/Library/Developer/Xcode/DerivedData/Tribeboard-hdigiwhflrfqtodtlckntnnupjxx/Build/Intermediates.noindex/EagerLinkingTBDs/Debug-iphonesimulator -F/Users/tafmawere/Library/Developer/Xcode/DerivedData/Tribeboard-hdigiwhflrfqtodtlckntnnupjxx/Build/Products/Debug-iphonesimulator -filelist /Users/tafmawere/Library/Developer/Xcode/DerivedData/Tribeboard-hdigiwhflrfqtodtlckntnnupjxx/Build/Intermediates.noindex/Tribeboard.build/Debug-iphonesimulator/Tribeboard.build/Objects-normal/arm64/Tribeboard.LinkFileList -install_name @rpath/Tribeboard.debug.dylib -Xlinker -rpath -Xlinker /usr/lib/swift -Xlinker -rpath -Xlinker @executable_path/Frameworks -dead_strip -Xlinker -object_path_lto -Xlinker /Users/tafmawere/Library/Developer/Xcode/DerivedData/Tribeboard-hdigiwhflrfqtodtlckntnnupjxx/Build/Intermediates.noindex/Tribeboard.build/Debug-iphonesimulator/Tribeboard.build/Objects-normal/arm64/Tribeboard_lto.o -rdynamic -Xlinker -no_deduplicate -Xlinker -objc_abi_version -Xlinker 2 -Xlinker -debug_variant -Xlinker -dependency_info -Xlinker /Users/tafmawere/Library/Developer/Xcode/DerivedData/Tribeboard-hdigiwhflrfqtodtlckntnnupjxx/Build/Intermediates.noindex/Tribeboard.build/Debug-iphonesimulator/Tribeboard.build/Objects-normal/arm64/Tribeboard_dependency_info.dat -fobjc-link-runtime -fprofile-instr-generate -L/Applications/Xcode.app/Contents/Developer/Toolchains/XcodeDefault.xctoolchain/usr/lib/swift/iphonesimulator -L/usr/lib/swift -Xlinker -add_ast_path -Xlinker /Users/tafmawere/Library/Developer/Xcode/DerivedData/Tribeboard-hdigiwhflrfqtodtlckntnnupjxx/Build/Intermediates.noindex/Tribeboard.build/Debug-iphonesimulator/Tribeboard.build/Objects-normal/arm64/Tribeboard.swiftmodule @/Users/tafmawere/Library/Developer/Xcode/DerivedData/Tribeboard-hdigiwhflrfqtodtlckntnnupjxx/Build/Intermediates.noindex/Tribeboard.build/Debug-iphonesimulator/Tribeboard.build/Objects-normal/arm64/Tribeboard-linker-args.resp -Xlinker -alias -Xlinker _main -Xlinker ___debug_main_executable_dylib_entry_point -Xlinker -no_adhoc_codesign -o /Users/tafmawere/Library/Developer/Xcode/DerivedData/Tribeboard-hdigiwhflrfqtodtlckntnnupjxx/Build/Products/Debug-iphonesimulator/Tribeboard.app/Tribeboard.debug.dylib

ProcessProductPackaging "" /Users/tafmawere/Library/Developer/Xcode/DerivedData/Tribeboard-hdigiwhflrfqtodtlckntnnupjxx/Build/Intermediates.noindex/Tribeboard.build/Debug-iphonesimulator/TribeboardUITests.build/TribeboardUITests.xctest-Simulated.xcent (in target 'TribeboardUITests' from project 'Tribeboard')
    cd /Users/tafmawere/Projects\ Kiro/Tribeboard_MVP/Tribeboard
    
    Entitlements:
    
    {
    "application-identifier" = "NDM2BK8S8H.net.dataenvy.tribeboard.TribeboardUITests.xctrunner";
    "keychain-access-groups" =     (
        "NDM2BK8S8H.net.dataenvy.tribeboard.TribeboardUITests.xctrunner"
    );
}
    
    builtin-productPackagingUtility -entitlements -format xml -o /Users/tafmawere/Library/Developer/Xcode/DerivedData/Tribeboard-hdigiwhflrfqtodtlckntnnupjxx/Build/Intermediates.noindex/Tribeboard.build/Debug-iphonesimulator/TribeboardUITests.build/TribeboardUITests.xctest-Simulated.xcent

ProcessProductPackagingDER /Users/tafmawere/Library/Developer/Xcode/DerivedData/Tribeboard-hdigiwhflrfqtodtlckntnnupjxx/Build/Intermediates.noindex/Tribeboard.build/Debug-iphonesimulator/TribeboardUITests.build/TribeboardUITests.xctest-Simulated.xcent /Users/tafmawere/Library/Developer/Xcode/DerivedData/Tribeboard-hdigiwhflrfqtodtlckntnnupjxx/Build/Intermediates.noindex/Tribeboard.build/Debug-iphonesimulator/TribeboardUITests.build/TribeboardUITests.xctest-Simulated.xcent.der (in target 'TribeboardUITests' from project 'Tribeboard')
    cd /Users/tafmawere/Projects\ Kiro/Tribeboard_MVP/Tribeboard
    /usr/bin/derq query -f xml -i /Users/tafmawere/Library/Developer/Xcode/DerivedData/Tribeboard-hdigiwhflrfqtodtlckntnnupjxx/Build/Intermediates.noindex/Tribeboard.build/Debug-iphonesimulator/TribeboardUITests.build/TribeboardUITests.xctest-Simulated.xcent -o /Users/tafmawere/Library/Developer/Xcode/DerivedData/Tribeboard-hdigiwhflrfqtodtlckntnnupjxx/Build/Intermediates.noindex/Tribeboard.build/Debug-iphonesimulator/TribeboardUITests.build/TribeboardUITests.xctest-Simulated.xcent.der --raw

SwiftDriver TribeboardTests normal arm64 com.apple.xcode.tools.swift.compiler (in target 'TribeboardTests' from project 'Tribeboard')
    cd /Users/tafmawere/Projects\ Kiro/Tribeboard_MVP/Tribeboard
    builtin-SwiftDriver -- /Applications/Xcode.app/Contents/Developer/Toolchains/XcodeDefault.xctoolchain/usr/bin/swiftc -module-name TribeboardTests -Onone -enforce-exclusivity\=checked @/Users/tafmawere/Library/Developer/Xcode/DerivedData/Tribeboard-hdigiwhflrfqtodtlckntnnupjxx/Build/Intermediates.noindex/Tribeboard.build/Debug-iphonesimulator/TribeboardTests.build/Objects-normal/arm64/TribeboardTests.SwiftFileList -DDEBUG -plugin-path /Applications/Xcode.app/Contents/Developer/Toolchains/XcodeDefault.xctoolchain/usr/lib/swift/host/plugins/testing -enable-bare-slash-regex -enable-upcoming-feature DisableOutwardActorInference -enable-upcoming-feature InferSendableFromCaptures -enable-upcoming-feature GlobalActorIsolatedTypesUsability -enable-upcoming-feature MemberImportVisibility -enable-upcoming-feature InferIsolatedConformances -enable-upcoming-feature NonisolatedNonsendingByDefault -enable-experimental-feature DebugDescriptionMacro -sdk /Applications/Xcode.app/Contents/Developer/Platforms/iPhoneSimulator.platform/Developer/SDKs/iPhoneSimulator26.2.sdk -target arm64-apple-ios18.6-simulator -g -module-cache-path /Users/tafmawere/Library/Developer/Xcode/DerivedData/ModuleCache.noindex -Xfrontend -serialize-debugging-options -profile-coverage-mapping -profile-generate -enable-testing -index-store-path /Users/tafmawere/Library/Developer/Xcode/DerivedData/Tribeboard-hdigiwhflrfqtodtlckntnnupjxx/Index.noindex/DataStore -Xcc -D_LIBCPP_HARDENING_MODE\=_LIBCPP_HARDENING_MODE_DEBUG -swift-version 5 -I /Users/tafmawere/Library/Developer/Xcode/DerivedData/Tribeboard-hdigiwhflrfqtodtlckntnnupjxx/Build/Products/Debug-iphonesimulator -Isystem /Applications/Xcode.app/Contents/Developer/Platforms/iPhoneSimulator.platform/Developer/usr/lib -F /Users/tafmawere/Library/Developer/Xcode/DerivedData/Tribeboard-hdigiwhflrfqtodtlckntnnupjxx/Build/Products/Debug-iphonesimulator -F /Applications/Xcode.app/Contents/Developer/Platforms/iPhoneSimulator.platform/Developer/Library/Frameworks -F /Applications/Xcode.app/Contents/Developer/Platforms/iPhoneSimulator.platform/Developer/SDKs/iPhoneSimulator26.2.sdk/Developer/Library/Frameworks -c -j12 -enable-batch-mode -incremental -Xcc -ivfsstatcache -Xcc /Users/tafmawere/Library/Developer/Xcode/DerivedData/SDKStatCaches.noindex/iphonesimulator26.2-23C53-7d00a8b37fbd7999ea79df8ebc024bf0.sdkstatcache -output-file-map /Users/tafmawere/Library/Developer/Xcode/DerivedData/Tribeboard-hdigiwhflrfqtodtlckntnnupjxx/Build/Intermediates.noindex/Tribeboard.build/Debug-iphonesimulator/TribeboardTests.build/Objects-normal/arm64/TribeboardTests-OutputFileMap.json -use-frontend-parseable-output -save-temps -no-color-diagnostics -explicit-module-build -module-cache-path /Users/tafmawere/Library/Developer/Xcode/DerivedData/Tribeboard-hdigiwhflrfqtodtlckntnnupjxx/Build/Intermediates.noindex/SwiftExplicitPrecompiledModules -clang-scanner-module-cache-path /Users/tafmawere/Library/Developer/Xcode/DerivedData/ModuleCache.noindex -sdk-module-cache-path /Users/tafmawere/Library/Developer/Xcode/DerivedData/ModuleCache.noindex -serialize-diagnostics -emit-dependencies -emit-module -emit-module-path /Users/tafmawere/Library/Developer/Xcode/DerivedData/Tribeboard-hdigiwhflrfqtodtlckntnnupjxx/Build/Intermediates.noindex/Tribeboard.build/Debug-iphonesimulator/TribeboardTests.build/Objects-normal/arm64/TribeboardTests.swiftmodule -validate-clang-modules-once -clang-build-session-file /Users/tafmawere/Library/Developer/Xcode/DerivedData/ModuleCache.noindex/Session.modulevalidation -Xcc -I/Users/tafmawere/Library/Developer/Xcode/DerivedData/Tribeboard-hdigiwhflrfqtodtlckntnnupjxx/Build/Intermediates.noindex/Tribeboard.build/Debug-iphonesimulator/TribeboardTests.build/swift-overrides.hmap -emit-const-values -Xfrontend -const-gather-protocols-file -Xfrontend /Users/tafmawere/Library/Developer/Xcode/DerivedData/Tribeboard-hdigiwhflrfqtodtlckntnnupjxx/Build/Intermediates.noindex/Tribeboard.build/Debug-iphonesimulator/TribeboardTests.build/Objects-normal/arm64/TribeboardTests_const_extract_protocols.json -Xcc -iquote -Xcc /Users/tafmawere/Library/Developer/Xcode/DerivedData/Tribeboard-hdigiwhflrfqtodtlckntnnupjxx/Build/Intermediates.noindex/Tribeboard.build/Debug-iphonesimulator/TribeboardTests.build/TribeboardTests-generated-files.hmap -Xcc -I/Users/tafmawere/Library/Developer/Xcode/DerivedData/Tribeboard-hdigiwhflrfqtodtlckntnnupjxx/Build/Intermediates.noindex/Tribeboard.build/Debug-iphonesimulator/TribeboardTests.build/TribeboardTests-own-target-headers.hmap -Xcc -I/Users/tafmawere/Library/Developer/Xcode/DerivedData/Tribeboard-hdigiwhflrfqtodtlckntnnupjxx/Build/Intermediates.noindex/Tribeboard.build/Debug-iphonesimulator/TribeboardTests.build/TribeboardTests-all-target-headers.hmap -Xcc -iquote -Xcc /Users/tafmawere/Library/Developer/Xcode/DerivedData/Tribeboard-hdigiwhflrfqtodtlckntnnupjxx/Build/Intermediates.noindex/Tribeboard.build/Debug-iphonesimulator/TribeboardTests.build/TribeboardTests-project-headers.hmap -Xcc -I/Users/tafmawere/Library/Developer/Xcode/DerivedData/Tribeboard-hdigiwhflrfqtodtlckntnnupjxx/Build/Products/Debug-iphonesimulator/include -Xcc -I/Users/tafmawere/Library/Developer/Xcode/DerivedData/Tribeboard-hdigiwhflrfqtodtlckntnnupjxx/Build/Intermediates.noindex/Tribeboard.build/Debug-iphonesimulator/TribeboardTests.build/DerivedSources-normal/arm64 -Xcc -I/Users/tafmawere/Library/Developer/Xcode/DerivedData/Tribeboard-hdigiwhflrfqtodtlckntnnupjxx/Build/Intermediates.noindex/Tribeboard.build/Debug-iphonesimulator/TribeboardTests.build/DerivedSources/arm64 -Xcc -I/Users/tafmawere/Library/Developer/Xcode/DerivedData/Tribeboard-hdigiwhflrfqtodtlckntnnupjxx/Build/Intermediates.noindex/Tribeboard.build/Debug-iphonesimulator/TribeboardTests.build/DerivedSources -Xcc -DDEBUG\=1 -emit-objc-header -emit-objc-header-path /Users/tafmawere/Library/Developer/Xcode/DerivedData/Tribeboard-hdigiwhflrfqtodtlckntnnupjxx/Build/Intermediates.noindex/Tribeboard.build/Debug-iphonesimulator/TribeboardTests.build/Objects-normal/arm64/TribeboardTests-Swift.h -working-directory /Users/tafmawere/Projects\ Kiro/Tribeboard_MVP/Tribeboard -experimental-emit-module-separately -disable-cmo

SwiftDriver TribeboardUITests normal arm64 com.apple.xcode.tools.swift.compiler (in target 'TribeboardUITests' from project 'Tribeboard')
    cd /Users/tafmawere/Projects\ Kiro/Tribeboard_MVP/Tribeboard
    builtin-SwiftDriver -- /Applications/Xcode.app/Contents/Developer/Toolchains/XcodeDefault.xctoolchain/usr/bin/swiftc -module-name TribeboardUITests -Onone -enforce-exclusivity\=checked @/Users/tafmawere/Library/Developer/Xcode/DerivedData/Tribeboard-hdigiwhflrfqtodtlckntnnupjxx/Build/Intermediates.noindex/Tribeboard.build/Debug-iphonesimulator/TribeboardUITests.build/Objects-normal/arm64/TribeboardUITests.SwiftFileList -DDEBUG -module-alias Testing\=_Testing_Unavailable -plugin-path /Applications/Xcode.app/Contents/Developer/Toolchains/XcodeDefault.xctoolchain/usr/lib/swift/host/plugins/testing -enable-bare-slash-regex -enable-upcoming-feature DisableOutwardActorInference -enable-upcoming-feature InferSendableFromCaptures -enable-upcoming-feature GlobalActorIsolatedTypesUsability -enable-upcoming-feature MemberImportVisibility -enable-upcoming-feature InferIsolatedConformances -enable-upcoming-feature NonisolatedNonsendingByDefault -enable-experimental-feature DebugDescriptionMacro -sdk /Applications/Xcode.app/Contents/Developer/Platforms/iPhoneSimulator.platform/Developer/SDKs/iPhoneSimulator26.2.sdk -target arm64-apple-ios18.6-simulator -g -module-cache-path /Users/tafmawere/Library/Developer/Xcode/DerivedData/ModuleCache.noindex -Xfrontend -serialize-debugging-options -profile-coverage-mapping -profile-generate -enable-testing -index-store-path /Users/tafmawere/Library/Developer/Xcode/DerivedData/Tribeboard-hdigiwhflrfqtodtlckntnnupjxx/Index.noindex/DataStore -Xcc -D_LIBCPP_HARDENING_MODE\=_LIBCPP_HARDENING_MODE_DEBUG -swift-version 5 -I /Users/tafmawere/Library/Developer/Xcode/DerivedData/Tribeboard-hdigiwhflrfqtodtlckntnnupjxx/Build/Products/Debug-iphonesimulator -Isystem /Applications/Xcode.app/Contents/Developer/Platforms/iPhoneSimulator.platform/Developer/usr/lib -F /Users/tafmawere/Library/Developer/Xcode/DerivedData/Tribeboard-hdigiwhflrfqtodtlckntnnupjxx/Build/Products/Debug-iphonesimulator -F /Applications/Xcode.app/Contents/Developer/Platforms/iPhoneSimulator.platform/Developer/Library/Frameworks -F /Applications/Xcode.app/Contents/Developer/Platforms/iPhoneSimulator.platform/Developer/SDKs/iPhoneSimulator26.2.sdk/Developer/Library/Frameworks -c -j12 -enable-batch-mode -incremental -Xcc -ivfsstatcache -Xcc /Users/tafmawere/Library/Developer/Xcode/DerivedData/SDKStatCaches.noindex/iphonesimulator26.2-23C53-7d00a8b37fbd7999ea79df8ebc024bf0.sdkstatcache -output-file-map /Users/tafmawere/Library/Developer/Xcode/DerivedData/Tribeboard-hdigiwhflrfqtodtlckntnnupjxx/Build/Intermediates.noindex/Tribeboard.build/Debug-iphonesimulator/TribeboardUITests.build/Objects-normal/arm64/TribeboardUITests-OutputFileMap.json -use-frontend-parseable-output -save-temps -no-color-diagnostics -explicit-module-build -module-cache-path /Users/tafmawere/Library/Developer/Xcode/DerivedData/Tribeboard-hdigiwhflrfqtodtlckntnnupjxx/Build/Intermediates.noindex/SwiftExplicitPrecompiledModules -clang-scanner-module-cache-path /Users/tafmawere/Library/Developer/Xcode/DerivedData/ModuleCache.noindex -sdk-module-cache-path /Users/tafmawere/Library/Developer/Xcode/DerivedData/ModuleCache.noindex -serialize-diagnostics -emit-dependencies -emit-module -emit-module-path /Users/tafmawere/Library/Developer/Xcode/DerivedData/Tribeboard-hdigiwhflrfqtodtlckntnnupjxx/Build/Intermediates.noindex/Tribeboard.build/Debug-iphonesimulator/TribeboardUITests.build/Objects-normal/arm64/TribeboardUITests.swiftmodule -validate-clang-modules-once -clang-build-session-file /Users/tafmawere/Library/Developer/Xcode/DerivedData/ModuleCache.noindex/Session.modulevalidation -Xcc -I/Users/tafmawere/Library/Developer/Xcode/DerivedData/Tribeboard-hdigiwhflrfqtodtlckntnnupjxx/Build/Intermediates.noindex/Tribeboard.build/Debug-iphonesimulator/TribeboardUITests.build/swift-overrides.hmap -emit-const-values -Xfrontend -const-gather-protocols-file -Xfrontend /Users/tafmawere/Library/Developer/Xcode/DerivedData/Tribeboard-hdigiwhflrfqtodtlckntnnupjxx/Build/Intermediates.noindex/Tribeboard.build/Debug-iphonesimulator/TribeboardUITests.build/Objects-normal/arm64/TribeboardUITests_const_extract_protocols.json -Xcc -iquote -Xcc /Users/tafmawere/Library/Developer/Xcode/DerivedData/Tribeboard-hdigiwhflrfqtodtlckntnnupjxx/Build/Intermediates.noindex/Tribeboard.build/Debug-iphonesimulator/TribeboardUITests.build/TribeboardUITests-generated-files.hmap -Xcc -I/Users/tafmawere/Library/Developer/Xcode/DerivedData/Tribeboard-hdigiwhflrfqtodtlckntnnupjxx/Build/Intermediates.noindex/Tribeboard.build/Debug-iphonesimulator/TribeboardUITests.build/TribeboardUITests-own-target-headers.hmap -Xcc -I/Users/tafmawere/Library/Developer/Xcode/DerivedData/Tribeboard-hdigiwhflrfqtodtlckntnnupjxx/Build/Intermediates.noindex/Tribeboard.build/Debug-iphonesimulator/TribeboardUITests.build/TribeboardUITests-all-target-headers.hmap -Xcc -iquote -Xcc /Users/tafmawere/Library/Developer/Xcode/DerivedData/Tribeboard-hdigiwhflrfqtodtlckntnnupjxx/Build/Intermediates.noindex/Tribeboard.build/Debug-iphonesimulator/TribeboardUITests.build/TribeboardUITests-project-headers.hmap -Xcc -I/Users/tafmawere/Library/Developer/Xcode/DerivedData/Tribeboard-hdigiwhflrfqtodtlckntnnupjxx/Build/Products/Debug-iphonesimulator/include -Xcc -I/Users/tafmawere/Library/Developer/Xcode/DerivedData/Tribeboard-hdigiwhflrfqtodtlckntnnupjxx/Build/Intermediates.noindex/Tribeboard.build/Debug-iphonesimulator/TribeboardUITests.build/DerivedSources-normal/arm64 -Xcc -I/Users/tafmawere/Library/Developer/Xcode/DerivedData/Tribeboard-hdigiwhflrfqtodtlckntnnupjxx/Build/Intermediates.noindex/Tribeboard.build/Debug-iphonesimulator/TribeboardUITests.build/DerivedSources/arm64 -Xcc -I/Users/tafmawere/Library/Developer/Xcode/DerivedData/Tribeboard-hdigiwhflrfqtodtlckntnnupjxx/Build/Intermediates.noindex/Tribeboard.build/Debug-iphonesimulator/TribeboardUITests.build/DerivedSources -Xcc -DDEBUG\=1 -emit-objc-header -emit-objc-header-path /Users/tafmawere/Library/Developer/Xcode/DerivedData/Tribeboard-hdigiwhflrfqtodtlckntnnupjxx/Build/Intermediates.noindex/Tribeboard.build/Debug-iphonesimulator/TribeboardUITests.build/Objects-normal/arm64/TribeboardUITests-Swift.h -working-directory /Users/tafmawere/Projects\ Kiro/Tribeboard_MVP/Tribeboard -experimental-emit-module-separately -disable-cmo

ConstructStubExecutorLinkFileList /Users/tafmawere/Library/Developer/Xcode/DerivedData/Tribeboard-hdigiwhflrfqtodtlckntnnupjxx/Build/Intermediates.noindex/Tribeboard.build/Debug-iphonesimulator/Tribeboard.build/Tribeboard-ExecutorLinkFileList-normal-arm64.txt (in target 'Tribeboard' from project 'Tribeboard')
    cd /Users/tafmawere/Projects\ Kiro/Tribeboard_MVP/Tribeboard
    construct-stub-executor-link-file-list /Users/tafmawere/Library/Developer/Xcode/DerivedData/Tribeboard-hdigiwhflrfqtodtlckntnnupjxx/Build/Products/Debug-iphonesimulator/Tribeboard.app/Tribeboard.debug.dylib /Applications/Xcode.app/Contents/Developer/Platforms/iPhoneSimulator.platform/Developer/usr/lib/libPreviewsJITStubExecutor_no_swift_entry_point.a /Applications/Xcode.app/Contents/Developer/Platforms/iPhoneSimulator.platform/Developer/usr/lib/libPreviewsJITStubExecutor.a --output /Users/tafmawere/Library/Developer/Xcode/DerivedData/Tribeboard-hdigiwhflrfqtodtlckntnnupjxx/Build/Intermediates.noindex/Tribeboard.build/Debug-iphonesimulator/Tribeboard.build/Tribeboard-ExecutorLinkFileList-normal-arm64.txt
note: Using stub executor library with Swift entry point. (in target 'Tribeboard' from project 'Tribeboard')

Ld /Users/tafmawere/Library/Developer/Xcode/DerivedData/Tribeboard-hdigiwhflrfqtodtlckntnnupjxx/Build/Products/Debug-iphonesimulator/Tribeboard.app/Tribeboard normal (in target 'Tribeboard' from project 'Tribeboard')
    cd /Users/tafmawere/Projects\ Kiro/Tribeboard_MVP/Tribeboard
    /Applications/Xcode.app/Contents/Developer/Toolchains/XcodeDefault.xctoolchain/usr/bin/clang -Xlinker -reproducible -target arm64-apple-ios18.6-simulator -isysroot /Applications/Xcode.app/Contents/Developer/Platforms/iPhoneSimulator.platform/Developer/SDKs/iPhoneSimulator26.2.sdk -O0 -L/Users/tafmawere/Library/Developer/Xcode/DerivedData/Tribeboard-hdigiwhflrfqtodtlckntnnupjxx/Build/Products/Debug-iphonesimulator -F/Users/tafmawere/Library/Developer/Xcode/DerivedData/Tribeboard-hdigiwhflrfqtodtlckntnnupjxx/Build/Products/Debug-iphonesimulator -Xlinker -rpath -Xlinker @executable_path -Xlinker -rpath -Xlinker @executable_path/Frameworks -rdynamic -Xlinker -no_deduplicate -Xlinker -objc_abi_version -Xlinker 2 -Xlinker -debug_variant -e ___debug_blank_executor_main -Xlinker -sectcreate -Xlinker __TEXT -Xlinker __debug_dylib -Xlinker /Users/tafmawere/Library/Developer/Xcode/DerivedData/Tribeboard-hdigiwhflrfqtodtlckntnnupjxx/Build/Intermediates.noindex/Tribeboard.build/Debug-iphonesimulator/Tribeboard.build/Tribeboard-DebugDylibPath-normal-arm64.txt -Xlinker -sectcreate -Xlinker __TEXT -Xlinker __debug_instlnm -Xlinker /Users/tafmawere/Library/Developer/Xcode/DerivedData/Tribeboard-hdigiwhflrfqtodtlckntnnupjxx/Build/Intermediates.noindex/Tribeboard.build/Debug-iphonesimulator/Tribeboard.build/Tribeboard-DebugDylibInstallName-normal-arm64.txt -Xlinker -filelist -Xlinker /Users/tafmawere/Library/Developer/Xcode/DerivedData/Tribeboard-hdigiwhflrfqtodtlckntnnupjxx/Build/Intermediates.noindex/Tribeboard.build/Debug-iphonesimulator/Tribeboard.build/Tribeboard-ExecutorLinkFileList-normal-arm64.txt -Xlinker -sectcreate -Xlinker __TEXT -Xlinker __entitlements -Xlinker /Users/tafmawere/Library/Developer/Xcode/DerivedData/Tribeboard-hdigiwhflrfqtodtlckntnnupjxx/Build/Intermediates.noindex/Tribeboard.build/Debug-iphonesimulator/Tribeboard.build/Tribeboard.app-Simulated.xcent -Xlinker -sectcreate -Xlinker __TEXT -Xlinker __ents_der -Xlinker /Users/tafmawere/Library/Developer/Xcode/DerivedData/Tribeboard-hdigiwhflrfqtodtlckntnnupjxx/Build/Intermediates.noindex/Tribeboard.build/Debug-iphonesimulator/Tribeboard.build/Tribeboard.app-Simulated.xcent.der /Users/tafmawere/Library/Developer/Xcode/DerivedData/Tribeboard-hdigiwhflrfqtodtlckntnnupjxx/Build/Products/Debug-iphonesimulator/Tribeboard.app/Tribeboard.debug.dylib -Xlinker -no_adhoc_codesign -o /Users/tafmawere/Library/Developer/Xcode/DerivedData/Tribeboard-hdigiwhflrfqtodtlckntnnupjxx/Build/Products/Debug-iphonesimulator/Tribeboard.app/Tribeboard

SwiftExplicitDependencyGeneratePcm arm64 /Users/tafmawere/Library/Developer/Xcode/DerivedData/Tribeboard-hdigiwhflrfqtodtlckntnnupjxx/Build/Intermediates.noindex/SwiftExplicitPrecompiledModules/XCUIAutomation-7V8QC2F4C8JV9DZD4KN9BNJKX.pcm

CopySwiftLibs /Users/tafmawere/Library/Developer/Xcode/DerivedData/Tribeboard-hdigiwhflrfqtodtlckntnnupjxx/Build/Products/Debug-iphonesimulator/Tribeboard.app (in target 'Tribeboard' from project 'Tribeboard')
    cd /Users/tafmawere/Projects\ Kiro/Tribeboard_MVP/Tribeboard
    builtin-swiftStdLibTool --copy --verbose --sign - --scan-executable /Users/tafmawere/Library/Developer/Xcode/DerivedData/Tribeboard-hdigiwhflrfqtodtlckntnnupjxx/Build/Products/Debug-iphonesimulator/Tribeboard.app/Tribeboard.debug.dylib --scan-folder /Users/tafmawere/Library/Developer/Xcode/DerivedData/Tribeboard-hdigiwhflrfqtodtlckntnnupjxx/Build/Products/Debug-iphonesimulator/Tribeboard.app/Frameworks --scan-folder /Users/tafmawere/Library/Developer/Xcode/DerivedData/Tribeboard-hdigiwhflrfqtodtlckntnnupjxx/Build/Products/Debug-iphonesimulator/Tribeboard.app/PlugIns --scan-folder /Users/tafmawere/Library/Developer/Xcode/DerivedData/Tribeboard-hdigiwhflrfqtodtlckntnnupjxx/Build/Products/Debug-iphonesimulator/Tribeboard.app/SystemExtensions --scan-folder /Users/tafmawere/Library/Developer/Xcode/DerivedData/Tribeboard-hdigiwhflrfqtodtlckntnnupjxx/Build/Products/Debug-iphonesimulator/Tribeboard.app/Extensions --platform iphonesimulator --toolchain /Applications/Xcode.app/Contents/Developer/Toolchains/XcodeDefault.xctoolchain --destination /Users/tafmawere/Library/Developer/Xcode/DerivedData/Tribeboard-hdigiwhflrfqtodtlckntnnupjxx/Build/Products/Debug-iphonesimulator/Tribeboard.app/Frameworks --strip-bitcode --strip-bitcode-tool /Applications/Xcode.app/Contents/Developer/Toolchains/XcodeDefault.xctoolchain/usr/bin/bitcode_strip --emit-dependency-info /Users/tafmawere/Library/Developer/Xcode/DerivedData/Tribeboard-hdigiwhflrfqtodtlckntnnupjxx/Build/Intermediates.noindex/Tribeboard.build/Debug-iphonesimulator/Tribeboard.build/SwiftStdLibToolInputDependencies.dep --filter-for-swift-os --back-deploy-swift-span

ExtractAppIntentsMetadata (in target 'Tribeboard' from project 'Tribeboard')
    cd /Users/tafmawere/Projects\ Kiro/Tribeboard_MVP/Tribeboard
    /Applications/Xcode.app/Contents/Developer/Toolchains/XcodeDefault.xctoolchain/usr/bin/appintentsmetadataprocessor --toolchain-dir /Applications/Xcode.app/Contents/Developer/Toolchains/XcodeDefault.xctoolchain --module-name Tribeboard --sdk-root /Applications/Xcode.app/Contents/Developer/Platforms/iPhoneSimulator.platform/Developer/SDKs/iPhoneSimulator26.2.sdk --xcode-version 17C52 --platform-family iOS --deployment-target 18.6 --bundle-identifier net.dataenvy.tribeboard --output /Users/tafmawere/Library/Developer/Xcode/DerivedData/Tribeboard-hdigiwhflrfqtodtlckntnnupjxx/Build/Products/Debug-iphonesimulator/Tribeboard.app --target-triple arm64-apple-ios18.6-simulator --binary-file /Users/tafmawere/Library/Developer/Xcode/DerivedData/Tribeboard-hdigiwhflrfqtodtlckntnnupjxx/Build/Products/Debug-iphonesimulator/Tribeboard.app/Tribeboard --dependency-file /Users/tafmawere/Library/Developer/Xcode/DerivedData/Tribeboard-hdigiwhflrfqtodtlckntnnupjxx/Build/Intermediates.noindex/Tribeboard.build/Debug-iphonesimulator/Tribeboard.build/Objects-normal/arm64/Tribeboard_dependency_info.dat --stringsdata-file /Users/tafmawere/Library/Developer/Xcode/DerivedData/Tribeboard-hdigiwhflrfqtodtlckntnnupjxx/Build/Intermediates.noindex/Tribeboard.build/Debug-iphonesimulator/Tribeboard.build/Objects-normal/arm64/ExtractedAppShortcutsMetadata.stringsdata --source-file-list /Users/tafmawere/Library/Developer/Xcode/DerivedData/Tribeboard-hdigiwhflrfqtodtlckntnnupjxx/Build/Intermediates.noindex/Tribeboard.build/Debug-iphonesimulator/Tribeboard.build/Objects-normal/arm64/Tribeboard.SwiftFileList --metadata-file-list /Users/tafmawere/Library/Developer/Xcode/DerivedData/Tribeboard-hdigiwhflrfqtodtlckntnnupjxx/Build/Intermediates.noindex/Tribeboard.build/Debug-iphonesimulator/Tribeboard.build/Tribeboard.DependencyMetadataFileList --static-metadata-file-list /Users/tafmawere/Library/Developer/Xcode/DerivedData/Tribeboard-hdigiwhflrfqtodtlckntnnupjxx/Build/Intermediates.noindex/Tribeboard.build/Debug-iphonesimulator/Tribeboard.build/Tribeboard.DependencyStaticMetadataFileList --swift-const-vals-list /Users/tafmawere/Library/Developer/Xcode/DerivedData/Tribeboard-hdigiwhflrfqtodtlckntnnupjxx/Build/Intermediates.noindex/Tribeboard.build/Debug-iphonesimulator/Tribeboard.build/Objects-normal/arm64/Tribeboard.SwiftConstValuesFileList --compile-time-extraction --deployment-aware-processing --validate-assistant-intents --no-app-shortcuts-localization
2026-02-10 16:07:20.761 appintentsmetadataprocessor[71492:901034] Starting appintentsmetadataprocessor export
2026-02-10 16:07:20.763 appintentsmetadataprocessor[71492:901034] warning: Metadata extraction skipped. No AppIntents.framework dependency found.

SwiftExplicitDependencyCompileModuleFromInterface arm64 /Users/tafmawere/Library/Developer/Xcode/DerivedData/Tribeboard-hdigiwhflrfqtodtlckntnnupjxx/Build/Intermediates.noindex/SwiftExplicitPrecompiledModules/Testing-IK2BPB6KTDHJ.swiftmodule

ProcessInfoPlistFile /Users/tafmawere/Library/Developer/Xcode/DerivedData/Tribeboard-hdigiwhflrfqtodtlckntnnupjxx/Build/Products/Debug-iphonesimulator/Tribeboard.app/PlugIns/TribeboardTests.xctest/Info.plist /Users/tafmawere/Library/Developer/Xcode/DerivedData/Tribeboard-hdigiwhflrfqtodtlckntnnupjxx/Build/Intermediates.noindex/Tribeboard.build/Debug-iphonesimulator/TribeboardTests.build/empty-TribeboardTests.plist (in target 'TribeboardTests' from project 'Tribeboard')
    cd /Users/tafmawere/Projects\ Kiro/Tribeboard_MVP/Tribeboard
    builtin-infoPlistUtility /Users/tafmawere/Library/Developer/Xcode/DerivedData/Tribeboard-hdigiwhflrfqtodtlckntnnupjxx/Build/Intermediates.noindex/Tribeboard.build/Debug-iphonesimulator/TribeboardTests.build/empty-TribeboardTests.plist -producttype com.apple.product-type.bundle.unit-test -expandbuildsettings -format binary -platform iphonesimulator -o /Users/tafmawere/Library/Developer/Xcode/DerivedData/Tribeboard-hdigiwhflrfqtodtlckntnnupjxx/Build/Products/Debug-iphonesimulator/Tribeboard.app/PlugIns/TribeboardTests.xctest/Info.plist

SwiftExplicitDependencyGeneratePcm arm64 /Users/tafmawere/Library/Developer/Xcode/DerivedData/Tribeboard-hdigiwhflrfqtodtlckntnnupjxx/Build/Intermediates.noindex/SwiftExplicitPrecompiledModules/XCTest-533YVQLJS0ZRNGJROT2PCSNCY.pcm

SwiftExplicitDependencyCompileModuleFromInterface arm64 /Users/tafmawere/Library/Developer/Xcode/DerivedData/Tribeboard-hdigiwhflrfqtodtlckntnnupjxx/Build/Intermediates.noindex/SwiftExplicitPrecompiledModules/XCUIAutomation-1168M04BR6FOD.swiftmodule

SwiftExplicitDependencyCompileModuleFromInterface arm64 /Users/tafmawere/Library/Developer/Xcode/DerivedData/Tribeboard-hdigiwhflrfqtodtlckntnnupjxx/Build/Intermediates.noindex/SwiftExplicitPrecompiledModules/_Testing_Foundation-2E8L1OTKDTAM5.swiftmodule

SwiftExplicitDependencyCompileModuleFromInterface arm64 /Users/tafmawere/Library/Developer/Xcode/DerivedData/Tribeboard-hdigiwhflrfqtodtlckntnnupjxx/Build/Intermediates.noindex/SwiftExplicitPrecompiledModules/XCTest-S48GVR3BOS08.swiftmodule

SwiftCompile normal arm64 Compiling\ StopCompletionLogicTests.swift,\ SynchronizationIntegrationTests.swift /Users/tafmawere/Projects\ Kiro/Tribeboard_MVP/Tribeboard/TribeboardTests/StopCompletionLogicTests.swift /Users/tafmawere/Projects\ Kiro/Tribeboard_MVP/Tribeboard/TribeboardTests/SynchronizationIntegrationTests.swift (in target 'TribeboardTests' from project 'Tribeboard')

SwiftCompile normal arm64 /Users/tafmawere/Projects\ Kiro/Tribeboard_MVP/Tribeboard/TribeboardTests/StopCompletionLogicTests.swift (in target 'TribeboardTests' from project 'Tribeboard')
    cd /Users/tafmawere/Projects\ Kiro/Tribeboard_MVP/Tribeboard
    
/Users/tafmawere/Projects Kiro/Tribeboard_MVP/Tribeboard/TribeboardTests/StopCompletionLogicTests.swift:164:13: warning: initialization of immutable value 'passenger' was never used; consider replacing with assignment to '_' or removing it
        let passenger = MemberSummary(id: "p1", displayName: "Alice", role: .passenger, status: .waiting)
        ~~~~^~~~~~~~~
        _
/Users/tafmawere/Projects Kiro/Tribeboard_MVP/Tribeboard/TribeboardTests/StopCompletionLogicTests.swift:179:13: warning: initialization of immutable value 'passenger' was never used; consider replacing with assignment to '_' or removing it
        let passenger = MemberSummary(id: "p1", displayName: "Alice", role: .passenger, status: .onboard)
        ~~~~^~~~~~~~~
        _

SwiftCompile normal arm64 /Users/tafmawere/Projects\ Kiro/Tribeboard_MVP/Tribeboard/TribeboardTests/SynchronizationIntegrationTests.swift (in target 'TribeboardTests' from project 'Tribeboard')
    cd /Users/tafmawere/Projects\ Kiro/Tribeboard_MVP/Tribeboard
    
/Users/tafmawere/Projects Kiro/Tribeboard_MVP/Tribeboard/TribeboardTests/SynchronizationIntegrationTests.swift:78:13: warning: initialization of immutable value 'testEvent' was never used; consider replacing with assignment to '_' or removing it
        let testEvent = RunEvent(
        ~~~~^~~~~~~~~
        _

SwiftCompile normal arm64 Compiling\ ScheduleRunGeneratorTests.swift,\ ScheduleStoreTests.swift /Users/tafmawere/Projects\ Kiro/Tribeboard_MVP/Tribeboard/TribeboardTests/ScheduleRunGeneratorTests.swift /Users/tafmawere/Projects\ Kiro/Tribeboard_MVP/Tribeboard/TribeboardTests/ScheduleStoreTests.swift (in target 'TribeboardTests' from project 'Tribeboard')
SwiftCompile normal arm64 /Users/tafmawere/Projects\ Kiro/Tribeboard_MVP/Tribeboard/TribeboardTests/ScheduleRunGeneratorTests.swift (in target 'TribeboardTests' from project 'Tribeboard')
    cd /Users/tafmawere/Projects\ Kiro/Tribeboard_MVP/Tribeboard
    

SwiftCompile normal arm64 /Users/tafmawere/Projects\ Kiro/Tribeboard_MVP/Tribeboard/TribeboardTests/ScheduleStoreTests.swift (in target 'TribeboardTests' from project 'Tribeboard')
    cd /Users/tafmawere/Projects\ Kiro/Tribeboard_MVP/Tribeboard
    
/Users/tafmawere/Projects Kiro/Tribeboard_MVP/Tribeboard/TribeboardTests/ScheduleStoreTests.swift:69:13: warning: initialization of immutable value 'tempURL' was never used; consider replacing with assignment to '_' or removing it
        let tempURL = createTempFileURL()
        ~~~~^~~~~~~
        _
/Users/tafmawere/Projects Kiro/Tribeboard_MVP/Tribeboard/TribeboardTests/ScheduleStoreTests.swift:143:17: note: '#expect(_:_:)' will always pass here; use 'Bool(true)' to silence this warning (from macro 'expect')
        #expect(true) // If we get here, no error was thrown
                ^~~~

SwiftCompile normal arm64 Compiling\ RunMaterializerTests.swift,\ RunScheduledConfirmationViewTests.swift /Users/tafmawere/Projects\ Kiro/Tribeboard_MVP/Tribeboard/TribeboardTests/RunMaterializerTests.swift /Users/tafmawere/Projects\ Kiro/Tribeboard_MVP/Tribeboard/TribeboardTests/RunScheduledConfirmationViewTests.swift (in target 'TribeboardTests' from project 'Tribeboard')

SwiftCompile normal arm64 /Users/tafmawere/Projects\ Kiro/Tribeboard_MVP/Tribeboard/TribeboardTests/RunMaterializerTests.swift (in target 'TribeboardTests' from project 'Tribeboard')
    cd /Users/tafmawere/Projects\ Kiro/Tribeboard_MVP/Tribeboard
    
/Users/tafmawere/Projects Kiro/Tribeboard_MVP/Tribeboard/TribeboardTests/RunMaterializerTests.swift:22:52: warning: main actor-isolated class property 'tafadzwaId' can not be referenced from a nonisolated context; this is an error in the Swift 6 language mode
        driverUserId: String = DemoSeedDataService.tafadzwaId,
                                                   ^
Tribeboard.DemoSeedDataService.tafadzwaId:2:31: note: class property declared here
@MainActor internal class let tafadzwaId: String}
                              ^
/Users/tafmawere/Projects Kiro/Tribeboard_MVP/Tribeboard/TribeboardTests/RunMaterializerTests.swift:23:59: warning: main actor-isolated class property 'tjId' can not be referenced from a nonisolated context; this is an error in the Swift 6 language mode
        passengerUserIds: [String] = [DemoSeedDataService.tjId, DemoSeedDataService.tawanaId]
                                                          ^
Tribeboard.DemoSeedDataService.tjId:2:31: note: class property declared here
@MainActor internal class let tjId: String}
                              ^
/Users/tafmawere/Projects Kiro/Tribeboard_MVP/Tribeboard/TribeboardTests/RunMaterializerTests.swift:23:85: warning: main actor-isolated class property 'tawanaId' can not be referenced from a nonisolated context; this is an error in the Swift 6 language mode
        passengerUserIds: [String] = [DemoSeedDataService.tjId, DemoSeedDataService.tawanaId]
                                                                                    ^
Tribeboard.DemoSeedDataService.tawanaId:2:31: note: class property declared here
@MainActor internal class let tawanaId: String}
                              ^

SwiftCompile normal arm64 /Users/tafmawere/Projects\ Kiro/Tribeboard_MVP/Tribeboard/TribeboardTests/RunScheduledConfirmationViewTests.swift (in target 'TribeboardTests' from project 'Tribeboard')
    cd /Users/tafmawere/Projects\ Kiro/Tribeboard_MVP/Tribeboard
    
/Users/tafmawere/Projects Kiro/Tribeboard_MVP/Tribeboard/TribeboardTests/RunScheduledConfirmationViewTests.swift:82:13: warning: initialization of immutable value 'view' was never used; consider replacing with assignment to '_' or removing it
        let view = RunScheduledConfirmationView(
        ~~~~^~~~
        _
/Users/tafmawere/Projects Kiro/Tribeboard_MVP/Tribeboard/TribeboardTests/RunScheduledConfirmationViewTests.swift:111:13: warning: initialization of immutable value 'view' was never used; consider replacing with assignment to '_' or removing it
        let view = RunScheduledConfirmationView(
        ~~~~^~~~
        _
/Users/tafmawere/Projects Kiro/Tribeboard_MVP/Tribeboard/TribeboardTests/RunScheduledConfirmationViewTests.swift:261:13: warning: initialization of immutable value 'view' was never used; consider replacing with assignment to '_' or removing it
        let view = RunScheduledConfirmationView(
        ~~~~^~~~
        _

SwiftEmitModule normal arm64 Emitting\ module\ for\ TribeboardTests (in target 'TribeboardTests' from project 'Tribeboard')

EmitSwiftModule normal arm64 (in target 'TribeboardTests' from project 'Tribeboard')
    cd /Users/tafmawere/Projects\ Kiro/Tribeboard_MVP/Tribeboard
    
/Users/tafmawere/Projects Kiro/Tribeboard_MVP/Tribeboard/TribeboardTests/RunMaterializerTests.swift:22:52: warning: main actor-isolated class property 'tafadzwaId' can not be referenced from a nonisolated context; this is an error in the Swift 6 language mode
        driverUserId: String = DemoSeedDataService.tafadzwaId,
                                                   ^
Tribeboard.DemoSeedDataService.tafadzwaId:2:31: note: class property declared here
@MainActor internal class let tafadzwaId: String}
                              ^
/Users/tafmawere/Projects Kiro/Tribeboard_MVP/Tribeboard/TribeboardTests/RunMaterializerTests.swift:23:59: warning: main actor-isolated class property 'tjId' can not be referenced from a nonisolated context; this is an error in the Swift 6 language mode
        passengerUserIds: [String] = [DemoSeedDataService.tjId, DemoSeedDataService.tawanaId]
                                                          ^
Tribeboard.DemoSeedDataService.tjId:2:31: note: class property declared here
@MainActor internal class let tjId: String}
                              ^
/Users/tafmawere/Projects Kiro/Tribeboard_MVP/Tribeboard/TribeboardTests/RunMaterializerTests.swift:23:85: warning: main actor-isolated class property 'tawanaId' can not be referenced from a nonisolated context; this is an error in the Swift 6 language mode
        passengerUserIds: [String] = [DemoSeedDataService.tjId, DemoSeedDataService.tawanaId]
                                                                                    ^
Tribeboard.DemoSeedDataService.tawanaId:2:31: note: class property declared here
@MainActor internal class let tawanaId: String}
                              ^

SwiftEmitModule normal arm64 Emitting\ module\ for\ TribeboardUITests (in target 'TribeboardUITests' from project 'Tribeboard')

EmitSwiftModule normal arm64 (in target 'TribeboardUITests' from project 'Tribeboard')
    cd /Users/tafmawere/Projects\ Kiro/Tribeboard_MVP/Tribeboard
    

SwiftCompile normal arm64 Compiling\ TribeboardUITests.swift /Users/tafmawere/Projects\ Kiro/Tribeboard_MVP/Tribeboard/TribeboardUITests/TribeboardUITests.swift (in target 'TribeboardUITests' from project 'Tribeboard')

SwiftCompile normal arm64 /Users/tafmawere/Projects\ Kiro/Tribeboard_MVP/Tribeboard/TribeboardUITests/TribeboardUITests.swift (in target 'TribeboardUITests' from project 'Tribeboard')
    cd /Users/tafmawere/Projects\ Kiro/Tribeboard_MVP/Tribeboard
    

SwiftCompile normal arm64 Compiling\ NavigationFlowTests.swift,\ ObserverLiveTrackingTests.swift,\ OfflineSyncServiceTests.swift /Users/tafmawere/Projects\ Kiro/Tribeboard_MVP/Tribeboard/TribeboardTests/NavigationFlowTests.swift /Users/tafmawere/Projects\ Kiro/Tribeboard_MVP/Tribeboard/TribeboardTests/ObserverLiveTrackingTests.swift /Users/tafmawere/Projects\ Kiro/Tribeboard_MVP/Tribeboard/TribeboardTests/OfflineSyncServiceTests.swift (in target 'TribeboardTests' from project 'Tribeboard')

SwiftCompile normal arm64 /Users/tafmawere/Projects\ Kiro/Tribeboard_MVP/Tribeboard/TribeboardTests/NavigationFlowTests.swift (in target 'TribeboardTests' from project 'Tribeboard')
    cd /Users/tafmawere/Projects\ Kiro/Tribeboard_MVP/Tribeboard
    

SwiftCompile normal arm64 /Users/tafmawere/Projects\ Kiro/Tribeboard_MVP/Tribeboard/TribeboardTests/ObserverLiveTrackingTests.swift (in target 'TribeboardTests' from project 'Tribeboard')
    cd /Users/tafmawere/Projects\ Kiro/Tribeboard_MVP/Tribeboard
    

SwiftCompile normal arm64 /Users/tafmawere/Projects\ Kiro/Tribeboard_MVP/Tribeboard/TribeboardTests/OfflineSyncServiceTests.swift (in target 'TribeboardTests' from project 'Tribeboard')
    cd /Users/tafmawere/Projects\ Kiro/Tribeboard_MVP/Tribeboard
    
/Users/tafmawere/Projects Kiro/Tribeboard_MVP/Tribeboard/TribeboardTests/OfflineSyncServiceTests.swift:49:35: warning: immutable value 'driverAction' was never used; consider replacing with '_' or removing it
        if case .driverAction(let driverAction, let queuedRunId, let queuedLocation) = queuedActions.first?.type {
                              ~~~~^~~~~~~~~~~~
                              _
/Users/tafmawere/Projects Kiro/Tribeboard_MVP/Tribeboard/TribeboardTests/OfflineSyncServiceTests.swift:73:30: warning: 'let' pattern has no effect; sub-pattern didn't bind any variables
        if case .adminAction(let _, let queuedRunId) = queuedActions.first?.type {
                             ^~~ ~
                             

SwiftCompile normal arm64 Compiling\ ActivityStreamTests.swift,\ DebugOverlayFunctionalityTests.swift,\ DebugOverlayIntegrationTests.swift /Users/tafmawere/Projects\ Kiro/Tribeboard_MVP/Tribeboard/TribeboardTests/ActivityStreamTests.swift /Users/tafmawere/Projects\ Kiro/Tribeboard_MVP/Tribeboard/TribeboardTests/DebugOverlayFunctionalityTests.swift /Users/tafmawere/Projects\ Kiro/Tribeboard_MVP/Tribeboard/TribeboardTests/DebugOverlayIntegrationTests.swift (in target 'TribeboardTests' from project 'Tribeboard')

SwiftCompile normal arm64 /Users/tafmawere/Projects\ Kiro/Tribeboard_MVP/Tribeboard/TribeboardTests/ActivityStreamTests.swift (in target 'TribeboardTests' from project 'Tribeboard')
    cd /Users/tafmawere/Projects\ Kiro/Tribeboard_MVP/Tribeboard
    

SwiftCompile normal arm64 /Users/tafmawere/Projects\ Kiro/Tribeboard_MVP/Tribeboard/TribeboardTests/DebugOverlayFunctionalityTests.swift (in target 'TribeboardTests' from project 'Tribeboard')
    cd /Users/tafmawere/Projects\ Kiro/Tribeboard_MVP/Tribeboard
    

SwiftCompile normal arm64 /Users/tafmawere/Projects\ Kiro/Tribeboard_MVP/Tribeboard/TribeboardTests/DebugOverlayIntegrationTests.swift (in target 'TribeboardTests' from project 'Tribeboard')
    cd /Users/tafmawere/Projects\ Kiro/Tribeboard_MVP/Tribeboard
    
/Users/tafmawere/Projects Kiro/Tribeboard_MVP/Tribeboard/TribeboardTests/DebugOverlayIntegrationTests.swift:176:95: warning: main actor-isolated property 'id' cannot be accessed from outside of the actor; this is an error in the Swift 6 language mode
                debugLog("App launch: getCurrentActiveRun() returned active run with id=\(run.id), state=\(run.status)")
                                                                                          ~~~~^~
                                                                                          await 
/Users/tafmawere/Projects Kiro/Tribeboard_MVP/Tribeboard/TribeboardTests/DebugOverlayIntegrationTests.swift:176:112: warning: main actor-isolated property 'status' cannot be accessed from outside of the actor; this is an error in the Swift 6 language mode
                debugLog("App launch: getCurrentActiveRun() returned active run with id=\(run.id), state=\(run.status)")
                                                                                                           ~~~~^~~~~~
                                                                                                           await 
/Users/tafmawere/Projects Kiro/Tribeboard_MVP/Tribeboard/TribeboardTests/DebugOverlayIntegrationTests.swift:234:31: warning: main actor-isolated property 'status' can not be referenced from a nonisolated autoclosure
            XCTAssertTrue(run.status == .activeEnroute || run.status == .arrivedAtStop, 
                              ^
Tribeboard.Run.status:2:25: note: property declared here
@MainActor internal var status: Tribeboard.RunStatus}
                        ^
/Users/tafmawere/Projects Kiro/Tribeboard_MVP/Tribeboard/TribeboardTests/DebugOverlayIntegrationTests.swift:234:63: warning: main actor-isolated property 'status' can not be referenced from a nonisolated autoclosure
            XCTAssertTrue(run.status == .activeEnroute || run.status == .arrivedAtStop, 
                                                              ^
Tribeboard.Run.status:2:25: note: property declared here
@MainActor internal var status: Tribeboard.RunStatus}
                        ^
/Users/tafmawere/Projects Kiro/Tribeboard_MVP/Tribeboard/TribeboardTests/DebugOverlayIntegrationTests.swift:236:32: warning: main actor-isolated property 'passengers' can not be referenced from a nonisolated autoclosure
            XCTAssertEqual(run.passengers.count, 2, "Should have exactly 2 passengers (Requirement 4.3)")
                               ^
Tribeboard.Run.passengers:2:25: note: property declared here
@MainActor internal var passengers: [Tribeboard.MemberSummary]}
                        ^
/Users/tafmawere/Projects Kiro/Tribeboard_MVP/Tribeboard/TribeboardTests/DebugOverlayIntegrationTests.swift:237:32: warning: main actor-isolated property 'stops' can not be referenced from a nonisolated autoclosure
            XCTAssertEqual(run.stops.count, 3, "Should have exactly 3 stops (Requirement 4.3)")
                               ^
Tribeboard.Run.stops:2:25: note: property declared here
@MainActor internal var stops: [Tribeboard.RunStop]}
                        ^
/Users/tafmawere/Projects Kiro/Tribeboard_MVP/Tribeboard/TribeboardTests/DebugOverlayIntegrationTests.swift:238:31: warning: main actor-isolated property 'currentStopIndex' can not be referenced from a nonisolated autoclosure
            XCTAssertTrue(run.currentStopIndex >= 0 && run.currentStopIndex < run.stops.count, 
                              ^
Tribeboard.Run.currentStopIndex:2:25: note: property declared here
@MainActor internal var currentStopIndex: Int}
                        ^
/Users/tafmawere/Projects Kiro/Tribeboard_MVP/Tribeboard/TribeboardTests/DebugOverlayIntegrationTests.swift:238:60: warning: main actor-isolated property 'currentStopIndex' can not be referenced from a nonisolated autoclosure
            XCTAssertTrue(run.currentStopIndex >= 0 && run.currentStopIndex < run.stops.count, 
                                                           ^
Tribeboard.Run.currentStopIndex:2:25: note: property declared here
@MainActor internal var currentStopIndex: Int}
                        ^
/Users/tafmawere/Projects Kiro/Tribeboard_MVP/Tribeboard/TribeboardTests/DebugOverlayIntegrationTests.swift:238:83: warning: main actor-isolated property 'stops' can not be referenced from a nonisolated autoclosure
            XCTAssertTrue(run.currentStopIndex >= 0 && run.currentStopIndex < run.stops.count, 
                                                                                  ^
Tribeboard.Run.stops:2:25: note: property declared here
@MainActor internal var stops: [Tribeboard.RunStop]}
                        ^
/Users/tafmawere/Projects Kiro/Tribeboard_MVP/Tribeboard/TribeboardTests/DebugOverlayIntegrationTests.swift:240:32: warning: main actor-isolated property 'driverId' can not be referenced from a nonisolated autoclosure
            XCTAssertEqual(run.driverId, "demo_driver_user_id", "Driver ID should match demo driver (Requirement 4.5)")
                               ^
Tribeboard.Run.driverId:2:25: note: property declared here
@MainActor internal var driverId: String}
                        ^

SwiftCompile normal arm64 Compiling\ RunCreationFlowTests.swift /Users/tafmawere/Projects\ Kiro/Tribeboard_MVP/Tribeboard/TribeboardUITests/RunCreationFlowTests.swift (in target 'TribeboardUITests' from project 'Tribeboard')

SwiftCompile normal arm64 /Users/tafmawere/Projects\ Kiro/Tribeboard_MVP/Tribeboard/TribeboardUITests/RunCreationFlowTests.swift (in target 'TribeboardUITests' from project 'Tribeboard')
    cd /Users/tafmawere/Projects\ Kiro/Tribeboard_MVP/Tribeboard
    

SwiftCompile normal arm64 Compiling\ TribeboardUITestsLaunchTests.swift /Users/tafmawere/Projects\ Kiro/Tribeboard_MVP/Tribeboard/TribeboardUITests/TribeboardUITestsLaunchTests.swift (in target 'TribeboardUITests' from project 'Tribeboard')

SwiftCompile normal arm64 /Users/tafmawere/Projects\ Kiro/Tribeboard_MVP/Tribeboard/TribeboardUITests/TribeboardUITestsLaunchTests.swift (in target 'TribeboardUITests' from project 'Tribeboard')
    cd /Users/tafmawere/Projects\ Kiro/Tribeboard_MVP/Tribeboard
    

SwiftCompile normal arm64 Compiling\ PickupConfirmationFlowTests.swift,\ RealTimeSyncWorkflowDemo.swift,\ RoleBasedAccessControlTests.swift /Users/tafmawere/Projects\ Kiro/Tribeboard_MVP/Tribeboard/TribeboardTests/PickupConfirmationFlowTests.swift /Users/tafmawere/Projects\ Kiro/Tribeboard_MVP/Tribeboard/TribeboardTests/RealTimeSyncWorkflowDemo.swift /Users/tafmawere/Projects\ Kiro/Tribeboard_MVP/Tribeboard/TribeboardTests/RoleBasedAccessControlTests.swift (in target 'TribeboardTests' from project 'Tribeboard')

SwiftCompile normal arm64 /Users/tafmawere/Projects\ Kiro/Tribeboard_MVP/Tribeboard/TribeboardTests/PickupConfirmationFlowTests.swift (in target 'TribeboardTests' from project 'Tribeboard')
    cd /Users/tafmawere/Projects\ Kiro/Tribeboard_MVP/Tribeboard
    

SwiftCompile normal arm64 /Users/tafmawere/Projects\ Kiro/Tribeboard_MVP/Tribeboard/TribeboardTests/RealTimeSyncWorkflowDemo.swift (in target 'TribeboardTests' from project 'Tribeboard')
    cd /Users/tafmawere/Projects\ Kiro/Tribeboard_MVP/Tribeboard
    

SwiftCompile normal arm64 /Users/tafmawere/Projects\ Kiro/Tribeboard_MVP/Tribeboard/TribeboardTests/RoleBasedAccessControlTests.swift (in target 'TribeboardTests' from project 'Tribeboard')
    cd /Users/tafmawere/Projects\ Kiro/Tribeboard_MVP/Tribeboard
    
/Users/tafmawere/Projects Kiro/Tribeboard_MVP/Tribeboard/TribeboardTests/RoleBasedAccessControlTests.swift:361:39: warning: capture of 'self' with non-Sendable type 'RoleBasedAccessControlTests' in a '@Sendable' closure
                XCTAssertEqual(runId, self.sampleRun.id)
                                      ^
/Users/tafmawere/Projects Kiro/Tribeboard_MVP/Tribeboard/TribeboardTests/RoleBasedAccessControlTests.swift:11:7: note: class 'RoleBasedAccessControlTests' does not conform to the 'Sendable' protocol
class RoleBasedAccessControlTests: XCTestCase {
      ^
/Users/tafmawere/Projects Kiro/Tribeboard_MVP/Tribeboard/TribeboardTests/RoleBasedAccessControlTests.swift:576:56: warning: capture of 'self' with non-Sendable type 'RoleBasedAccessControlTests' in a '@Sendable' closure
                XCTAssertEqual(affectedRuns.first?.id, self.sampleRun.id)
                                                       ^
/Users/tafmawere/Projects Kiro/Tribeboard_MVP/Tribeboard/TribeboardTests/RoleBasedAccessControlTests.swift:11:7: note: class 'RoleBasedAccessControlTests' does not conform to the 'Sendable' protocol
class RoleBasedAccessControlTests: XCTestCase {
      ^

SwiftCompile normal arm64 Compiling\ DebugOverlayTests.swift,\ DemoSeedDataServiceIntegrationTests.swift,\ DriverEnRouteScreenTests.swift /Users/tafmawere/Projects\ Kiro/Tribeboard_MVP/Tribeboard/TribeboardTests/DebugOverlayTests.swift /Users/tafmawere/Projects\ Kiro/Tribeboard_MVP/Tribeboard/TribeboardTests/DemoSeedDataServiceIntegrationTests.swift /Users/tafmawere/Projects\ Kiro/Tribeboard_MVP/Tribeboard/TribeboardTests/DriverEnRouteScreenTests.swift (in target 'TribeboardTests' from project 'Tribeboard')

SwiftCompile normal arm64 /Users/tafmawere/Projects\ Kiro/Tribeboard_MVP/Tribeboard/TribeboardTests/DebugOverlayTests.swift (in target 'TribeboardTests' from project 'Tribeboard')
    cd /Users/tafmawere/Projects\ Kiro/Tribeboard_MVP/Tribeboard
    
/Users/tafmawere/Projects Kiro/Tribeboard_MVP/Tribeboard/TribeboardTests/DebugOverlayTests.swift:18:47: warning: main actor-isolated class property 'shared' can not be referenced from a nonisolated context; this is an error in the Swift 6 language mode
        debugStateManager = DebugStateManager.shared
                                              ^
Tribeboard.DebugStateManager.shared:2:31: note: class property declared here
@MainActor internal class let shared: Tribeboard.DebugStateManager}
                              ^

SwiftCompile normal arm64 /Users/tafmawere/Projects\ Kiro/Tribeboard_MVP/Tribeboard/TribeboardTests/DemoSeedDataServiceIntegrationTests.swift (in target 'TribeboardTests' from project 'Tribeboard')
    cd /Users/tafmawere/Projects\ Kiro/Tribeboard_MVP/Tribeboard
    

SwiftCompile normal arm64 /Users/tafmawere/Projects\ Kiro/Tribeboard_MVP/Tribeboard/TribeboardTests/DriverEnRouteScreenTests.swift (in target 'TribeboardTests' from project 'Tribeboard')
    cd /Users/tafmawere/Projects\ Kiro/Tribeboard_MVP/Tribeboard
    

SwiftCompile normal arm64 Compiling\ RunEventServiceTests.swift,\ RunFocusViewTests.swift /Users/tafmawere/Projects\ Kiro/Tribeboard_MVP/Tribeboard/TribeboardTests/RunEventServiceTests.swift /Users/tafmawere/Projects\ Kiro/Tribeboard_MVP/Tribeboard/TribeboardTests/RunFocusViewTests.swift (in target 'TribeboardTests' from project 'Tribeboard')

SwiftCompile normal arm64 /Users/tafmawere/Projects\ Kiro/Tribeboard_MVP/Tribeboard/TribeboardTests/RunEventServiceTests.swift (in target 'TribeboardTests' from project 'Tribeboard')
    cd /Users/tafmawere/Projects\ Kiro/Tribeboard_MVP/Tribeboard
    
/Users/tafmawere/Projects Kiro/Tribeboard_MVP/Tribeboard/TribeboardTests/RunEventServiceTests.swift:132:13: warning: initialization of immutable value 'runId' was never used; consider replacing with assignment to '_' or removing it
        let runId = "test-run"
        ~~~~^~~~~
        _

SwiftCompile normal arm64 /Users/tafmawere/Projects\ Kiro/Tribeboard_MVP/Tribeboard/TribeboardTests/RunFocusViewTests.swift (in target 'TribeboardTests' from project 'Tribeboard')
    cd /Users/tafmawere/Projects\ Kiro/Tribeboard_MVP/Tribeboard
    

SwiftDriverJobDiscovery normal arm64 Emitting module for TribeboardUITests (in target 'TribeboardUITests' from project 'Tribeboard')

SwiftDriver\ Compilation\ Requirements TribeboardUITests normal arm64 com.apple.xcode.tools.swift.compiler (in target 'TribeboardUITests' from project 'Tribeboard')
    cd /Users/tafmawere/Projects\ Kiro/Tribeboard_MVP/Tribeboard
    builtin-Swift-Compilation-Requirements -- /Applications/Xcode.app/Contents/Developer/Toolchains/XcodeDefault.xctoolchain/usr/bin/swiftc -module-name TribeboardUITests -Onone -enforce-exclusivity\=checked @/Users/tafmawere/Library/Developer/Xcode/DerivedData/Tribeboard-hdigiwhflrfqtodtlckntnnupjxx/Build/Intermediates.noindex/Tribeboard.build/Debug-iphonesimulator/TribeboardUITests.build/Objects-normal/arm64/TribeboardUITests.SwiftFileList -DDEBUG -module-alias Testing\=_Testing_Unavailable -plugin-path /Applications/Xcode.app/Contents/Developer/Toolchains/XcodeDefault.xctoolchain/usr/lib/swift/host/plugins/testing -enable-bare-slash-regex -enable-upcoming-feature DisableOutwardActorInference -enable-upcoming-feature InferSendableFromCaptures -enable-upcoming-feature GlobalActorIsolatedTypesUsability -enable-upcoming-feature MemberImportVisibility -enable-upcoming-feature InferIsolatedConformances -enable-upcoming-feature NonisolatedNonsendingByDefault -enable-experimental-feature DebugDescriptionMacro -sdk /Applications/Xcode.app/Contents/Developer/Platforms/iPhoneSimulator.platform/Developer/SDKs/iPhoneSimulator26.2.sdk -target arm64-apple-ios18.6-simulator -g -module-cache-path /Users/tafmawere/Library/Developer/Xcode/DerivedData/ModuleCache.noindex -Xfrontend -serialize-debugging-options -profile-coverage-mapping -profile-generate -enable-testing -index-store-path /Users/tafmawere/Library/Developer/Xcode/DerivedData/Tribeboard-hdigiwhflrfqtodtlckntnnupjxx/Index.noindex/DataStore -Xcc -D_LIBCPP_HARDENING_MODE\=_LIBCPP_HARDENING_MODE_DEBUG -swift-version 5 -I /Users/tafmawere/Library/Developer/Xcode/DerivedData/Tribeboard-hdigiwhflrfqtodtlckntnnupjxx/Build/Products/Debug-iphonesimulator -Isystem /Applications/Xcode.app/Contents/Developer/Platforms/iPhoneSimulator.platform/Developer/usr/lib -F /Users/tafmawere/Library/Developer/Xcode/DerivedData/Tribeboard-hdigiwhflrfqtodtlckntnnupjxx/Build/Products/Debug-iphonesimulator -F /Applications/Xcode.app/Contents/Developer/Platforms/iPhoneSimulator.platform/Developer/Library/Frameworks -F /Applications/Xcode.app/Contents/Developer/Platforms/iPhoneSimulator.platform/Developer/SDKs/iPhoneSimulator26.2.sdk/Developer/Library/Frameworks -c -j12 -enable-batch-mode -incremental -Xcc -ivfsstatcache -Xcc /Users/tafmawere/Library/Developer/Xcode/DerivedData/SDKStatCaches.noindex/iphonesimulator26.2-23C53-7d00a8b37fbd7999ea79df8ebc024bf0.sdkstatcache -output-file-map /Users/tafmawere/Library/Developer/Xcode/DerivedData/Tribeboard-hdigiwhflrfqtodtlckntnnupjxx/Build/Intermediates.noindex/Tribeboard.build/Debug-iphonesimulator/TribeboardUITests.build/Objects-normal/arm64/TribeboardUITests-OutputFileMap.json -use-frontend-parseable-output -save-temps -no-color-diagnostics -explicit-module-build -module-cache-path /Users/tafmawere/Library/Developer/Xcode/DerivedData/Tribeboard-hdigiwhflrfqtodtlckntnnupjxx/Build/Intermediates.noindex/SwiftExplicitPrecompiledModules -clang-scanner-module-cache-path /Users/tafmawere/Library/Developer/Xcode/DerivedData/ModuleCache.noindex -sdk-module-cache-path /Users/tafmawere/Library/Developer/Xcode/DerivedData/ModuleCache.noindex -serialize-diagnostics -emit-dependencies -emit-module -emit-module-path /Users/tafmawere/Library/Developer/Xcode/DerivedData/Tribeboard-hdigiwhflrfqtodtlckntnnupjxx/Build/Intermediates.noindex/Tribeboard.build/Debug-iphonesimulator/TribeboardUITests.build/Objects-normal/arm64/TribeboardUITests.swiftmodule -validate-clang-modules-once -clang-build-session-file /Users/tafmawere/Library/Developer/Xcode/DerivedData/ModuleCache.noindex/Session.modulevalidation -Xcc -I/Users/tafmawere/Library/Developer/Xcode/DerivedData/Tribeboard-hdigiwhflrfqtodtlckntnnupjxx/Build/Intermediates.noindex/Tribeboard.build/Debug-iphonesimulator/TribeboardUITests.build/swift-overrides.hmap -emit-const-values -Xfrontend -const-gather-protocols-file -Xfrontend /Users/tafmawere/Library/Developer/Xcode/DerivedData/Tribeboard-hdigiwhflrfqtodtlckntnnupjxx/Build/Intermediates.noindex/Tribeboard.build/Debug-iphonesimulator/TribeboardUITests.build/Objects-normal/arm64/TribeboardUITests_const_extract_protocols.json -Xcc -iquote -Xcc /Users/tafmawere/Library/Developer/Xcode/DerivedData/Tribeboard-hdigiwhflrfqtodtlckntnnupjxx/Build/Intermediates.noindex/Tribeboard.build/Debug-iphonesimulator/TribeboardUITests.build/TribeboardUITests-generated-files.hmap -Xcc -I/Users/tafmawere/Library/Developer/Xcode/DerivedData/Tribeboard-hdigiwhflrfqtodtlckntnnupjxx/Build/Intermediates.noindex/Tribeboard.build/Debug-iphonesimulator/TribeboardUITests.build/TribeboardUITests-own-target-headers.hmap -Xcc -I/Users/tafmawere/Library/Developer/Xcode/DerivedData/Tribeboard-hdigiwhflrfqtodtlckntnnupjxx/Build/Intermediates.noindex/Tribeboard.build/Debug-iphonesimulator/TribeboardUITests.build/TribeboardUITests-all-target-headers.hmap -Xcc -iquote -Xcc /Users/tafmawere/Library/Developer/Xcode/DerivedData/Tribeboard-hdigiwhflrfqtodtlckntnnupjxx/Build/Intermediates.noindex/Tribeboard.build/Debug-iphonesimulator/TribeboardUITests.build/TribeboardUITests-project-headers.hmap -Xcc -I/Users/tafmawere/Library/Developer/Xcode/DerivedData/Tribeboard-hdigiwhflrfqtodtlckntnnupjxx/Build/Products/Debug-iphonesimulator/include -Xcc -I/Users/tafmawere/Library/Developer/Xcode/DerivedData/Tribeboard-hdigiwhflrfqtodtlckntnnupjxx/Build/Intermediates.noindex/Tribeboard.build/Debug-iphonesimulator/TribeboardUITests.build/DerivedSources-normal/arm64 -Xcc -I/Users/tafmawere/Library/Developer/Xcode/DerivedData/Tribeboard-hdigiwhflrfqtodtlckntnnupjxx/Build/Intermediates.noindex/Tribeboard.build/Debug-iphonesimulator/TribeboardUITests.build/DerivedSources/arm64 -Xcc -I/Users/tafmawere/Library/Developer/Xcode/DerivedData/Tribeboard-hdigiwhflrfqtodtlckntnnupjxx/Build/Intermediates.noindex/Tribeboard.build/Debug-iphonesimulator/TribeboardUITests.build/DerivedSources -Xcc -DDEBUG\=1 -emit-objc-header -emit-objc-header-path /Users/tafmawere/Library/Developer/Xcode/DerivedData/Tribeboard-hdigiwhflrfqtodtlckntnnupjxx/Build/Intermediates.noindex/Tribeboard.build/Debug-iphonesimulator/TribeboardUITests.build/Objects-normal/arm64/TribeboardUITests-Swift.h -working-directory /Users/tafmawere/Projects\ Kiro/Tribeboard_MVP/Tribeboard -experimental-emit-module-separately -disable-cmo

SwiftDriverJobDiscovery normal arm64 Compiling TribeboardUITestsLaunchTests.swift (in target 'TribeboardUITests' from project 'Tribeboard')

SwiftCompile normal arm64 Compiling\ TribeboardTests.swift,\ UserSwitcherTests.swift /Users/tafmawere/Projects\ Kiro/Tribeboard_MVP/Tribeboard/TribeboardTests/TribeboardTests.swift /Users/tafmawere/Projects\ Kiro/Tribeboard_MVP/Tribeboard/TribeboardTests/UserSwitcherTests.swift (in target 'TribeboardTests' from project 'Tribeboard')

SwiftCompile normal arm64 /Users/tafmawere/Projects\ Kiro/Tribeboard_MVP/Tribeboard/TribeboardTests/TribeboardTests.swift (in target 'TribeboardTests' from project 'Tribeboard')
    cd /Users/tafmawere/Projects\ Kiro/Tribeboard_MVP/Tribeboard
    

SwiftCompile normal arm64 /Users/tafmawere/Projects\ Kiro/Tribeboard_MVP/Tribeboard/TribeboardTests/UserSwitcherTests.swift (in target 'TribeboardTests' from project 'Tribeboard')
    cd /Users/tafmawere/Projects\ Kiro/Tribeboard_MVP/Tribeboard
    

SwiftMergeGeneratedHeaders /Users/tafmawere/Library/Developer/Xcode/DerivedData/Tribeboard-hdigiwhflrfqtodtlckntnnupjxx/Build/Intermediates.noindex/Tribeboard.build/Debug-iphonesimulator/TribeboardUITests.build/DerivedSources/TribeboardUITests-Swift.h /Users/tafmawere/Library/Developer/Xcode/DerivedData/Tribeboard-hdigiwhflrfqtodtlckntnnupjxx/Build/Intermediates.noindex/Tribeboard.build/Debug-iphonesimulator/TribeboardUITests.build/Objects-normal/arm64/TribeboardUITests-Swift.h (in target 'TribeboardUITests' from project 'Tribeboard')
    cd /Users/tafmawere/Projects\ Kiro/Tribeboard_MVP/Tribeboard
    builtin-swiftHeaderTool -arch arm64 /Users/tafmawere/Library/Developer/Xcode/DerivedData/Tribeboard-hdigiwhflrfqtodtlckntnnupjxx/Build/Intermediates.noindex/Tribeboard.build/Debug-iphonesimulator/TribeboardUITests.build/Objects-normal/arm64/TribeboardUITests-Swift.h -o /Users/tafmawere/Library/Developer/Xcode/DerivedData/Tribeboard-hdigiwhflrfqtodtlckntnnupjxx/Build/Intermediates.noindex/Tribeboard.build/Debug-iphonesimulator/TribeboardUITests.build/DerivedSources/TribeboardUITests-Swift.h

SwiftDriverJobDiscovery normal arm64 Compiling TribeboardUITests.swift (in target 'TribeboardUITests' from project 'Tribeboard')

Copy /Users/tafmawere/Library/Developer/Xcode/DerivedData/Tribeboard-hdigiwhflrfqtodtlckntnnupjxx/Build/Products/Debug-iphonesimulator/TribeboardUITests.swiftmodule/arm64-apple-ios-simulator.swiftmodule /Users/tafmawere/Library/Developer/Xcode/DerivedData/Tribeboard-hdigiwhflrfqtodtlckntnnupjxx/Build/Intermediates.noindex/Tribeboard.build/Debug-iphonesimulator/TribeboardUITests.build/Objects-normal/arm64/TribeboardUITests.swiftmodule (in target 'TribeboardUITests' from project 'Tribeboard')
    cd /Users/tafmawere/Projects\ Kiro/Tribeboard_MVP/Tribeboard
    builtin-copy -exclude .DS_Store -exclude CVS -exclude .svn -exclude .git -exclude .hg -resolve-src-symlinks -rename /Users/tafmawere/Library/Developer/Xcode/DerivedData/Tribeboard-hdigiwhflrfqtodtlckntnnupjxx/Build/Intermediates.noindex/Tribeboard.build/Debug-iphonesimulator/TribeboardUITests.build/Objects-normal/arm64/TribeboardUITests.swiftmodule /Users/tafmawere/Library/Developer/Xcode/DerivedData/Tribeboard-hdigiwhflrfqtodtlckntnnupjxx/Build/Products/Debug-iphonesimulator/TribeboardUITests.swiftmodule/arm64-apple-ios-simulator.swiftmodule

Copy /Users/tafmawere/Library/Developer/Xcode/DerivedData/Tribeboard-hdigiwhflrfqtodtlckntnnupjxx/Build/Products/Debug-iphonesimulator/TribeboardUITests.swiftmodule/arm64-apple-ios-simulator.swiftdoc /Users/tafmawere/Library/Developer/Xcode/DerivedData/Tribeboard-hdigiwhflrfqtodtlckntnnupjxx/Build/Intermediates.noindex/Tribeboard.build/Debug-iphonesimulator/TribeboardUITests.build/Objects-normal/arm64/TribeboardUITests.swiftdoc (in target 'TribeboardUITests' from project 'Tribeboard')
    cd /Users/tafmawere/Projects\ Kiro/Tribeboard_MVP/Tribeboard
    builtin-copy -exclude .DS_Store -exclude CVS -exclude .svn -exclude .git -exclude .hg -resolve-src-symlinks -rename /Users/tafmawere/Library/Developer/Xcode/DerivedData/Tribeboard-hdigiwhflrfqtodtlckntnnupjxx/Build/Intermediates.noindex/Tribeboard.build/Debug-iphonesimulator/TribeboardUITests.build/Objects-normal/arm64/TribeboardUITests.swiftdoc /Users/tafmawere/Library/Developer/Xcode/DerivedData/Tribeboard-hdigiwhflrfqtodtlckntnnupjxx/Build/Products/Debug-iphonesimulator/TribeboardUITests.swiftmodule/arm64-apple-ios-simulator.swiftdoc

Copy /Users/tafmawere/Library/Developer/Xcode/DerivedData/Tribeboard-hdigiwhflrfqtodtlckntnnupjxx/Build/Products/Debug-iphonesimulator/TribeboardUITests.swiftmodule/arm64-apple-ios-simulator.abi.json /Users/tafmawere/Library/Developer/Xcode/DerivedData/Tribeboard-hdigiwhflrfqtodtlckntnnupjxx/Build/Intermediates.noindex/Tribeboard.build/Debug-iphonesimulator/TribeboardUITests.build/Objects-normal/arm64/TribeboardUITests.abi.json (in target 'TribeboardUITests' from project 'Tribeboard')
    cd /Users/tafmawere/Projects\ Kiro/Tribeboard_MVP/Tribeboard
    builtin-copy -exclude .DS_Store -exclude CVS -exclude .svn -exclude .git -exclude .hg -resolve-src-symlinks -rename /Users/tafmawere/Library/Developer/Xcode/DerivedData/Tribeboard-hdigiwhflrfqtodtlckntnnupjxx/Build/Intermediates.noindex/Tribeboard.build/Debug-iphonesimulator/TribeboardUITests.build/Objects-normal/arm64/TribeboardUITests.abi.json /Users/tafmawere/Library/Developer/Xcode/DerivedData/Tribeboard-hdigiwhflrfqtodtlckntnnupjxx/Build/Products/Debug-iphonesimulator/TribeboardUITests.swiftmodule/arm64-apple-ios-simulator.abi.json

Copy /Users/tafmawere/Library/Developer/Xcode/DerivedData/Tribeboard-hdigiwhflrfqtodtlckntnnupjxx/Build/Products/Debug-iphonesimulator/TribeboardUITests.swiftmodule/Project/arm64-apple-ios-simulator.swiftsourceinfo /Users/tafmawere/Library/Developer/Xcode/DerivedData/Tribeboard-hdigiwhflrfqtodtlckntnnupjxx/Build/Intermediates.noindex/Tribeboard.build/Debug-iphonesimulator/TribeboardUITests.build/Objects-normal/arm64/TribeboardUITests.swiftsourceinfo (in target 'TribeboardUITests' from project 'Tribeboard')
    cd /Users/tafmawere/Projects\ Kiro/Tribeboard_MVP/Tribeboard
    builtin-copy -exclude .DS_Store -exclude CVS -exclude .svn -exclude .git -exclude .hg -resolve-src-symlinks -rename /Users/tafmawere/Library/Developer/Xcode/DerivedData/Tribeboard-hdigiwhflrfqtodtlckntnnupjxx/Build/Intermediates.noindex/Tribeboard.build/Debug-iphonesimulator/TribeboardUITests.build/Objects-normal/arm64/TribeboardUITests.swiftsourceinfo /Users/tafmawere/Library/Developer/Xcode/DerivedData/Tribeboard-hdigiwhflrfqtodtlckntnnupjxx/Build/Products/Debug-iphonesimulator/TribeboardUITests.swiftmodule/Project/arm64-apple-ios-simulator.swiftsourceinfo

SwiftCompile normal arm64 Compiling\ UserSwitchingDuringActiveRunSimpleTests.swift,\ UserSwitchingDuringActiveRunTests.swift /Users/tafmawere/Projects\ Kiro/Tribeboard_MVP/Tribeboard/TribeboardTests/UserSwitchingDuringActiveRunSimpleTests.swift /Users/tafmawere/Projects\ Kiro/Tribeboard_MVP/Tribeboard/TribeboardTests/UserSwitchingDuringActiveRunTests.swift (in target 'TribeboardTests' from project 'Tribeboard')

SwiftCompile normal arm64 /Users/tafmawere/Projects\ Kiro/Tribeboard_MVP/Tribeboard/TribeboardTests/UserSwitchingDuringActiveRunSimpleTests.swift (in target 'TribeboardTests' from project 'Tribeboard')
    cd /Users/tafmawere/Projects\ Kiro/Tribeboard_MVP/Tribeboard
    

SwiftCompile normal arm64 /Users/tafmawere/Projects\ Kiro/Tribeboard_MVP/Tribeboard/TribeboardTests/UserSwitchingDuringActiveRunTests.swift (in target 'TribeboardTests' from project 'Tribeboard')
    cd /Users/tafmawere/Projects\ Kiro/Tribeboard_MVP/Tribeboard
    

SwiftDriverJobDiscovery normal arm64 Compiling RunCreationFlowTests.swift (in target 'TribeboardUITests' from project 'Tribeboard')

SwiftCompile normal arm64 Compiling\ DropoffAndCompletionFlowTests.swift,\ ErrorHandlingTests.swift,\ MyRunsViewTests.swift /Users/tafmawere/Projects\ Kiro/Tribeboard_MVP/Tribeboard/TribeboardTests/DropoffAndCompletionFlowTests.swift /Users/tafmawere/Projects\ Kiro/Tribeboard_MVP/Tribeboard/TribeboardTests/ErrorHandlingTests.swift /Users/tafmawere/Projects\ Kiro/Tribeboard_MVP/Tribeboard/TribeboardTests/MyRunsViewTests.swift (in target 'TribeboardTests' from project 'Tribeboard')

SwiftCompile normal arm64 /Users/tafmawere/Projects\ Kiro/Tribeboard_MVP/Tribeboard/TribeboardTests/DropoffAndCompletionFlowTests.swift (in target 'TribeboardTests' from project 'Tribeboard')
    cd /Users/tafmawere/Projects\ Kiro/Tribeboard_MVP/Tribeboard
    

SwiftCompile normal arm64 /Users/tafmawere/Projects\ Kiro/Tribeboard_MVP/Tribeboard/TribeboardTests/ErrorHandlingTests.swift (in target 'TribeboardTests' from project 'Tribeboard')
    cd /Users/tafmawere/Projects\ Kiro/Tribeboard_MVP/Tribeboard
    

SwiftCompile normal arm64 /Users/tafmawere/Projects\ Kiro/Tribeboard_MVP/Tribeboard/TribeboardTests/MyRunsViewTests.swift (in target 'TribeboardTests' from project 'Tribeboard')
    cd /Users/tafmawere/Projects\ Kiro/Tribeboard_MVP/Tribeboard
    
/Users/tafmawere/Projects Kiro/Tribeboard_MVP/Tribeboard/TribeboardTests/MyRunsViewTests.swift:33:9: warning: main actor-isolated conformance of 'LaunchMode' to 'Equatable' cannot be used in nonisolated context; this is an error in the Swift 6 language mode
        XCTAssertEqual(AppConfig.launchMode, .demoFlow, "Launch mode should be .demoFlow")
        ^
/Users/tafmawere/Projects Kiro/Tribeboard_MVP/Tribeboard/TribeboardTests/MyRunsViewTests.swift:40:44: warning: main actor-isolated class property 'demoFamilyId' can not be referenced from a nonisolated autoclosure; this is an error in the Swift 6 language mode
        XCTAssertEqual(DemoSeedDataService.demoFamilyId, "demo-family-tribeboard")
                                           ^
Tribeboard.DemoSeedDataService.demoFamilyId:2:31: note: class property declared here
@MainActor internal class let demoFamilyId: String}
                              ^
/Users/tafmawere/Projects Kiro/Tribeboard_MVP/Tribeboard/TribeboardTests/MyRunsViewTests.swift:41:44: warning: main actor-isolated class property 'rueId' can not be referenced from a nonisolated autoclosure; this is an error in the Swift 6 language mode
        XCTAssertEqual(DemoSeedDataService.rueId, "demo-rue")
                                           ^
Tribeboard.DemoSeedDataService.rueId:2:31: note: class property declared here
@MainActor internal class let rueId: String}
                              ^
/Users/tafmawere/Projects Kiro/Tribeboard_MVP/Tribeboard/TribeboardTests/MyRunsViewTests.swift:42:44: warning: main actor-isolated class property 'tafadzwaId' can not be referenced from a nonisolated autoclosure; this is an error in the Swift 6 language mode
        XCTAssertEqual(DemoSeedDataService.tafadzwaId, "demo-tafadzwa")
                                           ^
Tribeboard.DemoSeedDataService.tafadzwaId:2:31: note: class property declared here
@MainActor internal class let tafadzwaId: String}
                              ^
/Users/tafmawere/Projects Kiro/Tribeboard_MVP/Tribeboard/TribeboardTests/MyRunsViewTests.swift:43:44: warning: main actor-isolated class property 'tjId' can not be referenced from a nonisolated autoclosure; this is an error in the Swift 6 language mode
        XCTAssertEqual(DemoSeedDataService.tjId, "demo-tj")
                                           ^
Tribeboard.DemoSeedDataService.tjId:2:31: note: class property declared here
@MainActor internal class let tjId: String}
                              ^
/Users/tafmawere/Projects Kiro/Tribeboard_MVP/Tribeboard/TribeboardTests/MyRunsViewTests.swift:44:44: warning: main actor-isolated class property 'tawanaId' can not be referenced from a nonisolated autoclosure; this is an error in the Swift 6 language mode
        XCTAssertEqual(DemoSeedDataService.tawanaId, "demo-tawana")
                                           ^
Tribeboard.DemoSeedDataService.tawanaId:2:31: note: class property declared here
@MainActor internal class let tawanaId: String}
                              ^

SwiftDriver\ Compilation TribeboardUITests normal arm64 com.apple.xcode.tools.swift.compiler (in target 'TribeboardUITests' from project 'Tribeboard')
    cd /Users/tafmawere/Projects\ Kiro/Tribeboard_MVP/Tribeboard
    builtin-Swift-Compilation -- /Applications/Xcode.app/Contents/Developer/Toolchains/XcodeDefault.xctoolchain/usr/bin/swiftc -module-name TribeboardUITests -Onone -enforce-exclusivity\=checked @/Users/tafmawere/Library/Developer/Xcode/DerivedData/Tribeboard-hdigiwhflrfqtodtlckntnnupjxx/Build/Intermediates.noindex/Tribeboard.build/Debug-iphonesimulator/TribeboardUITests.build/Objects-normal/arm64/TribeboardUITests.SwiftFileList -DDEBUG -module-alias Testing\=_Testing_Unavailable -plugin-path /Applications/Xcode.app/Contents/Developer/Toolchains/XcodeDefault.xctoolchain/usr/lib/swift/host/plugins/testing -enable-bare-slash-regex -enable-upcoming-feature DisableOutwardActorInference -enable-upcoming-feature InferSendableFromCaptures -enable-upcoming-feature GlobalActorIsolatedTypesUsability -enable-upcoming-feature MemberImportVisibility -enable-upcoming-feature InferIsolatedConformances -enable-upcoming-feature NonisolatedNonsendingByDefault -enable-experimental-feature DebugDescriptionMacro -sdk /Applications/Xcode.app/Contents/Developer/Platforms/iPhoneSimulator.platform/Developer/SDKs/iPhoneSimulator26.2.sdk -target arm64-apple-ios18.6-simulator -g -module-cache-path /Users/tafmawere/Library/Developer/Xcode/DerivedData/ModuleCache.noindex -Xfrontend -serialize-debugging-options -profile-coverage-mapping -profile-generate -enable-testing -index-store-path /Users/tafmawere/Library/Developer/Xcode/DerivedData/Tribeboard-hdigiwhflrfqtodtlckntnnupjxx/Index.noindex/DataStore -Xcc -D_LIBCPP_HARDENING_MODE\=_LIBCPP_HARDENING_MODE_DEBUG -swift-version 5 -I /Users/tafmawere/Library/Developer/Xcode/DerivedData/Tribeboard-hdigiwhflrfqtodtlckntnnupjxx/Build/Products/Debug-iphonesimulator -Isystem /Applications/Xcode.app/Contents/Developer/Platforms/iPhoneSimulator.platform/Developer/usr/lib -F /Users/tafmawere/Library/Developer/Xcode/DerivedData/Tribeboard-hdigiwhflrfqtodtlckntnnupjxx/Build/Products/Debug-iphonesimulator -F /Applications/Xcode.app/Contents/Developer/Platforms/iPhoneSimulator.platform/Developer/Library/Frameworks -F /Applications/Xcode.app/Contents/Developer/Platforms/iPhoneSimulator.platform/Developer/SDKs/iPhoneSimulator26.2.sdk/Developer/Library/Frameworks -c -j12 -enable-batch-mode -incremental -Xcc -ivfsstatcache -Xcc /Users/tafmawere/Library/Developer/Xcode/DerivedData/SDKStatCaches.noindex/iphonesimulator26.2-23C53-7d00a8b37fbd7999ea79df8ebc024bf0.sdkstatcache -output-file-map /Users/tafmawere/Library/Developer/Xcode/DerivedData/Tribeboard-hdigiwhflrfqtodtlckntnnupjxx/Build/Intermediates.noindex/Tribeboard.build/Debug-iphonesimulator/TribeboardUITests.build/Objects-normal/arm64/TribeboardUITests-OutputFileMap.json -use-frontend-parseable-output -save-temps -no-color-diagnostics -explicit-module-build -module-cache-path /Users/tafmawere/Library/Developer/Xcode/DerivedData/Tribeboard-hdigiwhflrfqtodtlckntnnupjxx/Build/Intermediates.noindex/SwiftExplicitPrecompiledModules -clang-scanner-module-cache-path /Users/tafmawere/Library/Developer/Xcode/DerivedData/ModuleCache.noindex -sdk-module-cache-path /Users/tafmawere/Library/Developer/Xcode/DerivedData/ModuleCache.noindex -serialize-diagnostics -emit-dependencies -emit-module -emit-module-path /Users/tafmawere/Library/Developer/Xcode/DerivedData/Tribeboard-hdigiwhflrfqtodtlckntnnupjxx/Build/Intermediates.noindex/Tribeboard.build/Debug-iphonesimulator/TribeboardUITests.build/Objects-normal/arm64/TribeboardUITests.swiftmodule -validate-clang-modules-once -clang-build-session-file /Users/tafmawere/Library/Developer/Xcode/DerivedData/ModuleCache.noindex/Session.modulevalidation -Xcc -I/Users/tafmawere/Library/Developer/Xcode/DerivedData/Tribeboard-hdigiwhflrfqtodtlckntnnupjxx/Build/Intermediates.noindex/Tribeboard.build/Debug-iphonesimulator/TribeboardUITests.build/swift-overrides.hmap -emit-const-values -Xfrontend -const-gather-protocols-file -Xfrontend /Users/tafmawere/Library/Developer/Xcode/DerivedData/Tribeboard-hdigiwhflrfqtodtlckntnnupjxx/Build/Intermediates.noindex/Tribeboard.build/Debug-iphonesimulator/TribeboardUITests.build/Objects-normal/arm64/TribeboardUITests_const_extract_protocols.json -Xcc -iquote -Xcc /Users/tafmawere/Library/Developer/Xcode/DerivedData/Tribeboard-hdigiwhflrfqtodtlckntnnupjxx/Build/Intermediates.noindex/Tribeboard.build/Debug-iphonesimulator/TribeboardUITests.build/TribeboardUITests-generated-files.hmap -Xcc -I/Users/tafmawere/Library/Developer/Xcode/DerivedData/Tribeboard-hdigiwhflrfqtodtlckntnnupjxx/Build/Intermediates.noindex/Tribeboard.build/Debug-iphonesimulator/TribeboardUITests.build/TribeboardUITests-own-target-headers.hmap -Xcc -I/Users/tafmawere/Library/Developer/Xcode/DerivedData/Tribeboard-hdigiwhflrfqtodtlckntnnupjxx/Build/Intermediates.noindex/Tribeboard.build/Debug-iphonesimulator/TribeboardUITests.build/TribeboardUITests-all-target-headers.hmap -Xcc -iquote -Xcc /Users/tafmawere/Library/Developer/Xcode/DerivedData/Tribeboard-hdigiwhflrfqtodtlckntnnupjxx/Build/Intermediates.noindex/Tribeboard.build/Debug-iphonesimulator/TribeboardUITests.build/TribeboardUITests-project-headers.hmap -Xcc -I/Users/tafmawere/Library/Developer/Xcode/DerivedData/Tribeboard-hdigiwhflrfqtodtlckntnnupjxx/Build/Products/Debug-iphonesimulator/include -Xcc -I/Users/tafmawere/Library/Developer/Xcode/DerivedData/Tribeboard-hdigiwhflrfqtodtlckntnnupjxx/Build/Intermediates.noindex/Tribeboard.build/Debug-iphonesimulator/TribeboardUITests.build/DerivedSources-normal/arm64 -Xcc -I/Users/tafmawere/Library/Developer/Xcode/DerivedData/Tribeboard-hdigiwhflrfqtodtlckntnnupjxx/Build/Intermediates.noindex/Tribeboard.build/Debug-iphonesimulator/TribeboardUITests.build/DerivedSources/arm64 -Xcc -I/Users/tafmawere/Library/Developer/Xcode/DerivedData/Tribeboard-hdigiwhflrfqtodtlckntnnupjxx/Build/Intermediates.noindex/Tribeboard.build/Debug-iphonesimulator/TribeboardUITests.build/DerivedSources -Xcc -DDEBUG\=1 -emit-objc-header -emit-objc-header-path /Users/tafmawere/Library/Developer/Xcode/DerivedData/Tribeboard-hdigiwhflrfqtodtlckntnnupjxx/Build/Intermediates.noindex/Tribeboard.build/Debug-iphonesimulator/TribeboardUITests.build/Objects-normal/arm64/TribeboardUITests-Swift.h -working-directory /Users/tafmawere/Projects\ Kiro/Tribeboard_MVP/Tribeboard -experimental-emit-module-separately -disable-cmo

SwiftDriverJobDiscovery normal arm64 Compiling TribeboardTests.swift, UserSwitcherTests.swift (in target 'TribeboardTests' from project 'Tribeboard')

SwiftCompile normal arm64 Compiling\ RunActionTests.swift,\ RunCreationViewModelTests.swift /Users/tafmawere/Projects\ Kiro/Tribeboard_MVP/Tribeboard/TribeboardTests/RunActionTests.swift /Users/tafmawere/Projects\ Kiro/Tribeboard_MVP/Tribeboard/TribeboardTests/RunCreationViewModelTests.swift (in target 'TribeboardTests' from project 'Tribeboard')

SwiftCompile normal arm64 /Users/tafmawere/Projects\ Kiro/Tribeboard_MVP/Tribeboard/TribeboardTests/RunActionTests.swift (in target 'TribeboardTests' from project 'Tribeboard')
    cd /Users/tafmawere/Projects\ Kiro/Tribeboard_MVP/Tribeboard
    

SwiftCompile normal arm64 /Users/tafmawere/Projects\ Kiro/Tribeboard_MVP/Tribeboard/TribeboardTests/RunCreationViewModelTests.swift (in target 'TribeboardTests' from project 'Tribeboard')
    cd /Users/tafmawere/Projects\ Kiro/Tribeboard_MVP/Tribeboard
    
/Users/tafmawere/Projects Kiro/Tribeboard_MVP/Tribeboard/TribeboardTests/RunCreationViewModelTests.swift:305:9: warning: instance method 'wait' is unavailable from asynchronous contexts; Use await fulfillment(of:timeout:enforceOrder:) instead; this is an error in the Swift 6 language mode
        wait(for: [expectation], timeout: 3.0)
        ^
XCTest.XCTestCase.wait:2:11: note: 'wait(for:timeout:)' declared here
open func wait(for expectations: [XCTestExpectation], timeout seconds: TimeInterval)}
          ^
/Users/tafmawere/Projects Kiro/Tribeboard_MVP/Tribeboard/TribeboardTests/RunCreationViewModelTests.swift:331:9: warning: instance method 'wait' is unavailable from asynchronous contexts; Use await fulfillment(of:timeout:enforceOrder:) instead; this is an error in the Swift 6 language mode
        wait(for: [expectation], timeout: 2.0)
        ^
XCTest.XCTestCase.wait:2:11: note: 'wait(for:timeout:)' declared here
open func wait(for expectations: [XCTestExpectation], timeout seconds: TimeInterval)}
          ^

SwiftDriverJobDiscovery normal arm64 Emitting module for TribeboardTests (in target 'TribeboardTests' from project 'Tribeboard')

SwiftDriver\ Compilation\ Requirements TribeboardTests normal arm64 com.apple.xcode.tools.swift.compiler (in target 'TribeboardTests' from project 'Tribeboard')
    cd /Users/tafmawere/Projects\ Kiro/Tribeboard_MVP/Tribeboard
    builtin-Swift-Compilation-Requirements -- /Applications/Xcode.app/Contents/Developer/Toolchains/XcodeDefault.xctoolchain/usr/bin/swiftc -module-name TribeboardTests -Onone -enforce-exclusivity\=checked @/Users/tafmawere/Library/Developer/Xcode/DerivedData/Tribeboard-hdigiwhflrfqtodtlckntnnupjxx/Build/Intermediates.noindex/Tribeboard.build/Debug-iphonesimulator/TribeboardTests.build/Objects-normal/arm64/TribeboardTests.SwiftFileList -DDEBUG -plugin-path /Applications/Xcode.app/Contents/Developer/Toolchains/XcodeDefault.xctoolchain/usr/lib/swift/host/plugins/testing -enable-bare-slash-regex -enable-upcoming-feature DisableOutwardActorInference -enable-upcoming-feature InferSendableFromCaptures -enable-upcoming-feature GlobalActorIsolatedTypesUsability -enable-upcoming-feature MemberImportVisibility -enable-upcoming-feature InferIsolatedConformances -enable-upcoming-feature NonisolatedNonsendingByDefault -enable-experimental-feature DebugDescriptionMacro -sdk /Applications/Xcode.app/Contents/Developer/Platforms/iPhoneSimulator.platform/Developer/SDKs/iPhoneSimulator26.2.sdk -target arm64-apple-ios18.6-simulator -g -module-cache-path /Users/tafmawere/Library/Developer/Xcode/DerivedData/ModuleCache.noindex -Xfrontend -serialize-debugging-options -profile-coverage-mapping -profile-generate -enable-testing -index-store-path /Users/tafmawere/Library/Developer/Xcode/DerivedData/Tribeboard-hdigiwhflrfqtodtlckntnnupjxx/Index.noindex/DataStore -Xcc -D_LIBCPP_HARDENING_MODE\=_LIBCPP_HARDENING_MODE_DEBUG -swift-version 5 -I /Users/tafmawere/Library/Developer/Xcode/DerivedData/Tribeboard-hdigiwhflrfqtodtlckntnnupjxx/Build/Products/Debug-iphonesimulator -Isystem /Applications/Xcode.app/Contents/Developer/Platforms/iPhoneSimulator.platform/Developer/usr/lib -F /Users/tafmawere/Library/Developer/Xcode/DerivedData/Tribeboard-hdigiwhflrfqtodtlckntnnupjxx/Build/Products/Debug-iphonesimulator -F /Applications/Xcode.app/Contents/Developer/Platforms/iPhoneSimulator.platform/Developer/Library/Frameworks -F /Applications/Xcode.app/Contents/Developer/Platforms/iPhoneSimulator.platform/Developer/SDKs/iPhoneSimulator26.2.sdk/Developer/Library/Frameworks -c -j12 -enable-batch-mode -incremental -Xcc -ivfsstatcache -Xcc /Users/tafmawere/Library/Developer/Xcode/DerivedData/SDKStatCaches.noindex/iphonesimulator26.2-23C53-7d00a8b37fbd7999ea79df8ebc024bf0.sdkstatcache -output-file-map /Users/tafmawere/Library/Developer/Xcode/DerivedData/Tribeboard-hdigiwhflrfqtodtlckntnnupjxx/Build/Intermediates.noindex/Tribeboard.build/Debug-iphonesimulator/TribeboardTests.build/Objects-normal/arm64/TribeboardTests-OutputFileMap.json -use-frontend-parseable-output -save-temps -no-color-diagnostics -explicit-module-build -module-cache-path /Users/tafmawere/Library/Developer/Xcode/DerivedData/Tribeboard-hdigiwhflrfqtodtlckntnnupjxx/Build/Intermediates.noindex/SwiftExplicitPrecompiledModules -clang-scanner-module-cache-path /Users/tafmawere/Library/Developer/Xcode/DerivedData/ModuleCache.noindex -sdk-module-cache-path /Users/tafmawere/Library/Developer/Xcode/DerivedData/ModuleCache.noindex -serialize-diagnostics -emit-dependencies -emit-module -emit-module-path /Users/tafmawere/Library/Developer/Xcode/DerivedData/Tribeboard-hdigiwhflrfqtodtlckntnnupjxx/Build/Intermediates.noindex/Tribeboard.build/Debug-iphonesimulator/TribeboardTests.build/Objects-normal/arm64/TribeboardTests.swiftmodule -validate-clang-modules-once -clang-build-session-file /Users/tafmawere/Library/Developer/Xcode/DerivedData/ModuleCache.noindex/Session.modulevalidation -Xcc -I/Users/tafmawere/Library/Developer/Xcode/DerivedData/Tribeboard-hdigiwhflrfqtodtlckntnnupjxx/Build/Intermediates.noindex/Tribeboard.build/Debug-iphonesimulator/TribeboardTests.build/swift-overrides.hmap -emit-const-values -Xfrontend -const-gather-protocols-file -Xfrontend /Users/tafmawere/Library/Developer/Xcode/DerivedData/Tribeboard-hdigiwhflrfqtodtlckntnnupjxx/Build/Intermediates.noindex/Tribeboard.build/Debug-iphonesimulator/TribeboardTests.build/Objects-normal/arm64/TribeboardTests_const_extract_protocols.json -Xcc -iquote -Xcc /Users/tafmawere/Library/Developer/Xcode/DerivedData/Tribeboard-hdigiwhflrfqtodtlckntnnupjxx/Build/Intermediates.noindex/Tribeboard.build/Debug-iphonesimulator/TribeboardTests.build/TribeboardTests-generated-files.hmap -Xcc -I/Users/tafmawere/Library/Developer/Xcode/DerivedData/Tribeboard-hdigiwhflrfqtodtlckntnnupjxx/Build/Intermediates.noindex/Tribeboard.build/Debug-iphonesimulator/TribeboardTests.build/TribeboardTests-own-target-headers.hmap -Xcc -I/Users/tafmawere/Library/Developer/Xcode/DerivedData/Tribeboard-hdigiwhflrfqtodtlckntnnupjxx/Build/Intermediates.noindex/Tribeboard.build/Debug-iphonesimulator/TribeboardTests.build/TribeboardTests-all-target-headers.hmap -Xcc -iquote -Xcc /Users/tafmawere/Library/Developer/Xcode/DerivedData/Tribeboard-hdigiwhflrfqtodtlckntnnupjxx/Build/Intermediates.noindex/Tribeboard.build/Debug-iphonesimulator/TribeboardTests.build/TribeboardTests-project-headers.hmap -Xcc -I/Users/tafmawere/Library/Developer/Xcode/DerivedData/Tribeboard-hdigiwhflrfqtodtlckntnnupjxx/Build/Products/Debug-iphonesimulator/include -Xcc -I/Users/tafmawere/Library/Developer/Xcode/DerivedData/Tribeboard-hdigiwhflrfqtodtlckntnnupjxx/Build/Intermediates.noindex/Tribeboard.build/Debug-iphonesimulator/TribeboardTests.build/DerivedSources-normal/arm64 -Xcc -I/Users/tafmawere/Library/Developer/Xcode/DerivedData/Tribeboard-hdigiwhflrfqtodtlckntnnupjxx/Build/Intermediates.noindex/Tribeboard.build/Debug-iphonesimulator/TribeboardTests.build/DerivedSources/arm64 -Xcc -I/Users/tafmawere/Library/Developer/Xcode/DerivedData/Tribeboard-hdigiwhflrfqtodtlckntnnupjxx/Build/Intermediates.noindex/Tribeboard.build/Debug-iphonesimulator/TribeboardTests.build/DerivedSources -Xcc -DDEBUG\=1 -emit-objc-header -emit-objc-header-path /Users/tafmawere/Library/Developer/Xcode/DerivedData/Tribeboard-hdigiwhflrfqtodtlckntnnupjxx/Build/Intermediates.noindex/Tribeboard.build/Debug-iphonesimulator/TribeboardTests.build/Objects-normal/arm64/TribeboardTests-Swift.h -working-directory /Users/tafmawere/Projects\ Kiro/Tribeboard_MVP/Tribeboard -experimental-emit-module-separately -disable-cmo

SwiftMergeGeneratedHeaders /Users/tafmawere/Library/Developer/Xcode/DerivedData/Tribeboard-hdigiwhflrfqtodtlckntnnupjxx/Build/Intermediates.noindex/Tribeboard.build/Debug-iphonesimulator/TribeboardTests.build/DerivedSources/TribeboardTests-Swift.h /Users/tafmawere/Library/Developer/Xcode/DerivedData/Tribeboard-hdigiwhflrfqtodtlckntnnupjxx/Build/Intermediates.noindex/Tribeboard.build/Debug-iphonesimulator/TribeboardTests.build/Objects-normal/arm64/TribeboardTests-Swift.h (in target 'TribeboardTests' from project 'Tribeboard')
    cd /Users/tafmawere/Projects\ Kiro/Tribeboard_MVP/Tribeboard
    builtin-swiftHeaderTool -arch arm64 /Users/tafmawere/Library/Developer/Xcode/DerivedData/Tribeboard-hdigiwhflrfqtodtlckntnnupjxx/Build/Intermediates.noindex/Tribeboard.build/Debug-iphonesimulator/TribeboardTests.build/Objects-normal/arm64/TribeboardTests-Swift.h -o /Users/tafmawere/Library/Developer/Xcode/DerivedData/Tribeboard-hdigiwhflrfqtodtlckntnnupjxx/Build/Intermediates.noindex/Tribeboard.build/Debug-iphonesimulator/TribeboardTests.build/DerivedSources/TribeboardTests-Swift.h

Copy /Users/tafmawere/Library/Developer/Xcode/DerivedData/Tribeboard-hdigiwhflrfqtodtlckntnnupjxx/Build/Products/Debug-iphonesimulator/TribeboardTests.swiftmodule/arm64-apple-ios-simulator.swiftmodule /Users/tafmawere/Library/Developer/Xcode/DerivedData/Tribeboard-hdigiwhflrfqtodtlckntnnupjxx/Build/Intermediates.noindex/Tribeboard.build/Debug-iphonesimulator/TribeboardTests.build/Objects-normal/arm64/TribeboardTests.swiftmodule (in target 'TribeboardTests' from project 'Tribeboard')
    cd /Users/tafmawere/Projects\ Kiro/Tribeboard_MVP/Tribeboard
    builtin-copy -exclude .DS_Store -exclude CVS -exclude .svn -exclude .git -exclude .hg -resolve-src-symlinks -rename /Users/tafmawere/Library/Developer/Xcode/DerivedData/Tribeboard-hdigiwhflrfqtodtlckntnnupjxx/Build/Intermediates.noindex/Tribeboard.build/Debug-iphonesimulator/TribeboardTests.build/Objects-normal/arm64/TribeboardTests.swiftmodule /Users/tafmawere/Library/Developer/Xcode/DerivedData/Tribeboard-hdigiwhflrfqtodtlckntnnupjxx/Build/Products/Debug-iphonesimulator/TribeboardTests.swiftmodule/arm64-apple-ios-simulator.swiftmodule

Copy /Users/tafmawere/Library/Developer/Xcode/DerivedData/Tribeboard-hdigiwhflrfqtodtlckntnnupjxx/Build/Products/Debug-iphonesimulator/TribeboardTests.swiftmodule/arm64-apple-ios-simulator.swiftdoc /Users/tafmawere/Library/Developer/Xcode/DerivedData/Tribeboard-hdigiwhflrfqtodtlckntnnupjxx/Build/Intermediates.noindex/Tribeboard.build/Debug-iphonesimulator/TribeboardTests.build/Objects-normal/arm64/TribeboardTests.swiftdoc (in target 'TribeboardTests' from project 'Tribeboard')
    cd /Users/tafmawere/Projects\ Kiro/Tribeboard_MVP/Tribeboard
    builtin-copy -exclude .DS_Store -exclude CVS -exclude .svn -exclude .git -exclude .hg -resolve-src-symlinks -rename /Users/tafmawere/Library/Developer/Xcode/DerivedData/Tribeboard-hdigiwhflrfqtodtlckntnnupjxx/Build/Intermediates.noindex/Tribeboard.build/Debug-iphonesimulator/TribeboardTests.build/Objects-normal/arm64/TribeboardTests.swiftdoc /Users/tafmawere/Library/Developer/Xcode/DerivedData/Tribeboard-hdigiwhflrfqtodtlckntnnupjxx/Build/Products/Debug-iphonesimulator/TribeboardTests.swiftmodule/arm64-apple-ios-simulator.swiftdoc

Copy /Users/tafmawere/Library/Developer/Xcode/DerivedData/Tribeboard-hdigiwhflrfqtodtlckntnnupjxx/Build/Products/Debug-iphonesimulator/TribeboardTests.swiftmodule/arm64-apple-ios-simulator.abi.json /Users/tafmawere/Library/Developer/Xcode/DerivedData/Tribeboard-hdigiwhflrfqtodtlckntnnupjxx/Build/Intermediates.noindex/Tribeboard.build/Debug-iphonesimulator/TribeboardTests.build/Objects-normal/arm64/TribeboardTests.abi.json (in target 'TribeboardTests' from project 'Tribeboard')
    cd /Users/tafmawere/Projects\ Kiro/Tribeboard_MVP/Tribeboard
    builtin-copy -exclude .DS_Store -exclude CVS -exclude .svn -exclude .git -exclude .hg -resolve-src-symlinks -rename /Users/tafmawere/Library/Developer/Xcode/DerivedData/Tribeboard-hdigiwhflrfqtodtlckntnnupjxx/Build/Intermediates.noindex/Tribeboard.build/Debug-iphonesimulator/TribeboardTests.build/Objects-normal/arm64/TribeboardTests.abi.json /Users/tafmawere/Library/Developer/Xcode/DerivedData/Tribeboard-hdigiwhflrfqtodtlckntnnupjxx/Build/Products/Debug-iphonesimulator/TribeboardTests.swiftmodule/arm64-apple-ios-simulator.abi.json

Copy /Users/tafmawere/Library/Developer/Xcode/DerivedData/Tribeboard-hdigiwhflrfqtodtlckntnnupjxx/Build/Products/Debug-iphonesimulator/TribeboardTests.swiftmodule/Project/arm64-apple-ios-simulator.swiftsourceinfo /Users/tafmawere/Library/Developer/Xcode/DerivedData/Tribeboard-hdigiwhflrfqtodtlckntnnupjxx/Build/Intermediates.noindex/Tribeboard.build/Debug-iphonesimulator/TribeboardTests.build/Objects-normal/arm64/TribeboardTests.swiftsourceinfo (in target 'TribeboardTests' from project 'Tribeboard')
    cd /Users/tafmawere/Projects\ Kiro/Tribeboard_MVP/Tribeboard
    builtin-copy -exclude .DS_Store -exclude CVS -exclude .svn -exclude .git -exclude .hg -resolve-src-symlinks -rename /Users/tafmawere/Library/Developer/Xcode/DerivedData/Tribeboard-hdigiwhflrfqtodtlckntnnupjxx/Build/Intermediates.noindex/Tribeboard.build/Debug-iphonesimulator/TribeboardTests.build/Objects-normal/arm64/TribeboardTests.swiftsourceinfo /Users/tafmawere/Library/Developer/Xcode/DerivedData/Tribeboard-hdigiwhflrfqtodtlckntnnupjxx/Build/Products/Debug-iphonesimulator/TribeboardTests.swiftmodule/Project/arm64-apple-ios-simulator.swiftsourceinfo

SwiftDriverJobDiscovery normal arm64 Compiling StopCompletionLogicTests.swift, SynchronizationIntegrationTests.swift (in target 'TribeboardTests' from project 'Tribeboard')

SwiftDriverJobDiscovery normal arm64 Compiling RunEventServiceTests.swift, RunFocusViewTests.swift (in target 'TribeboardTests' from project 'Tribeboard')

SwiftDriverJobDiscovery normal arm64 Compiling UserSwitchingDuringActiveRunSimpleTests.swift, UserSwitchingDuringActiveRunTests.swift (in target 'TribeboardTests' from project 'Tribeboard')

SwiftDriverJobDiscovery normal arm64 Compiling ActivityStreamTests.swift, DebugOverlayFunctionalityTests.swift, DebugOverlayIntegrationTests.swift (in target 'TribeboardTests' from project 'Tribeboard')

SwiftDriverJobDiscovery normal arm64 Compiling RunActionTests.swift, RunCreationViewModelTests.swift (in target 'TribeboardTests' from project 'Tribeboard')

SwiftDriverJobDiscovery normal arm64 Compiling DebugOverlayTests.swift, DemoSeedDataServiceIntegrationTests.swift, DriverEnRouteScreenTests.swift (in target 'TribeboardTests' from project 'Tribeboard')

SwiftDriverJobDiscovery normal arm64 Compiling RunMaterializerTests.swift, RunScheduledConfirmationViewTests.swift (in target 'TribeboardTests' from project 'Tribeboard')

SwiftDriverJobDiscovery normal arm64 Compiling NavigationFlowTests.swift, ObserverLiveTrackingTests.swift, OfflineSyncServiceTests.swift (in target 'TribeboardTests' from project 'Tribeboard')

SwiftDriverJobDiscovery normal arm64 Compiling DropoffAndCompletionFlowTests.swift, ErrorHandlingTests.swift, MyRunsViewTests.swift (in target 'TribeboardTests' from project 'Tribeboard')

SwiftDriverJobDiscovery normal arm64 Compiling PickupConfirmationFlowTests.swift, RealTimeSyncWorkflowDemo.swift, RoleBasedAccessControlTests.swift (in target 'TribeboardTests' from project 'Tribeboard')

SwiftDriverJobDiscovery normal arm64 Compiling ScheduleRunGeneratorTests.swift, ScheduleStoreTests.swift (in target 'TribeboardTests' from project 'Tribeboard')

SwiftDriver\ Compilation TribeboardTests normal arm64 com.apple.xcode.tools.swift.compiler (in target 'TribeboardTests' from project 'Tribeboard')
    cd /Users/tafmawere/Projects\ Kiro/Tribeboard_MVP/Tribeboard
    builtin-Swift-Compilation -- /Applications/Xcode.app/Contents/Developer/Toolchains/XcodeDefault.xctoolchain/usr/bin/swiftc -module-name TribeboardTests -Onone -enforce-exclusivity\=checked @/Users/tafmawere/Library/Developer/Xcode/DerivedData/Tribeboard-hdigiwhflrfqtodtlckntnnupjxx/Build/Intermediates.noindex/Tribeboard.build/Debug-iphonesimulator/TribeboardTests.build/Objects-normal/arm64/TribeboardTests.SwiftFileList -DDEBUG -plugin-path /Applications/Xcode.app/Contents/Developer/Toolchains/XcodeDefault.xctoolchain/usr/lib/swift/host/plugins/testing -enable-bare-slash-regex -enable-upcoming-feature DisableOutwardActorInference -enable-upcoming-feature InferSendableFromCaptures -enable-upcoming-feature GlobalActorIsolatedTypesUsability -enable-upcoming-feature MemberImportVisibility -enable-upcoming-feature InferIsolatedConformances -enable-upcoming-feature NonisolatedNonsendingByDefault -enable-experimental-feature DebugDescriptionMacro -sdk /Applications/Xcode.app/Contents/Developer/Platforms/iPhoneSimulator.platform/Developer/SDKs/iPhoneSimulator26.2.sdk -target arm64-apple-ios18.6-simulator -g -module-cache-path /Users/tafmawere/Library/Developer/Xcode/DerivedData/ModuleCache.noindex -Xfrontend -serialize-debugging-options -profile-coverage-mapping -profile-generate -enable-testing -index-store-path /Users/tafmawere/Library/Developer/Xcode/DerivedData/Tribeboard-hdigiwhflrfqtodtlckntnnupjxx/Index.noindex/DataStore -Xcc -D_LIBCPP_HARDENING_MODE\=_LIBCPP_HARDENING_MODE_DEBUG -swift-version 5 -I /Users/tafmawere/Library/Developer/Xcode/DerivedData/Tribeboard-hdigiwhflrfqtodtlckntnnupjxx/Build/Products/Debug-iphonesimulator -Isystem /Applications/Xcode.app/Contents/Developer/Platforms/iPhoneSimulator.platform/Developer/usr/lib -F /Users/tafmawere/Library/Developer/Xcode/DerivedData/Tribeboard-hdigiwhflrfqtodtlckntnnupjxx/Build/Products/Debug-iphonesimulator -F /Applications/Xcode.app/Contents/Developer/Platforms/iPhoneSimulator.platform/Developer/Library/Frameworks -F /Applications/Xcode.app/Contents/Developer/Platforms/iPhoneSimulator.platform/Developer/SDKs/iPhoneSimulator26.2.sdk/Developer/Library/Frameworks -c -j12 -enable-batch-mode -incremental -Xcc -ivfsstatcache -Xcc /Users/tafmawere/Library/Developer/Xcode/DerivedData/SDKStatCaches.noindex/iphonesimulator26.2-23C53-7d00a8b37fbd7999ea79df8ebc024bf0.sdkstatcache -output-file-map /Users/tafmawere/Library/Developer/Xcode/DerivedData/Tribeboard-hdigiwhflrfqtodtlckntnnupjxx/Build/Intermediates.noindex/Tribeboard.build/Debug-iphonesimulator/TribeboardTests.build/Objects-normal/arm64/TribeboardTests-OutputFileMap.json -use-frontend-parseable-output -save-temps -no-color-diagnostics -explicit-module-build -module-cache-path /Users/tafmawere/Library/Developer/Xcode/DerivedData/Tribeboard-hdigiwhflrfqtodtlckntnnupjxx/Build/Intermediates.noindex/SwiftExplicitPrecompiledModules -clang-scanner-module-cache-path /Users/tafmawere/Library/Developer/Xcode/DerivedData/ModuleCache.noindex -sdk-module-cache-path /Users/tafmawere/Library/Developer/Xcode/DerivedData/ModuleCache.noindex -serialize-diagnostics -emit-dependencies -emit-module -emit-module-path /Users/tafmawere/Library/Developer/Xcode/DerivedData/Tribeboard-hdigiwhflrfqtodtlckntnnupjxx/Build/Intermediates.noindex/Tribeboard.build/Debug-iphonesimulator/TribeboardTests.build/Objects-normal/arm64/TribeboardTests.swiftmodule -validate-clang-modules-once -clang-build-session-file /Users/tafmawere/Library/Developer/Xcode/DerivedData/ModuleCache.noindex/Session.modulevalidation -Xcc -I/Users/tafmawere/Library/Developer/Xcode/DerivedData/Tribeboard-hdigiwhflrfqtodtlckntnnupjxx/Build/Intermediates.noindex/Tribeboard.build/Debug-iphonesimulator/TribeboardTests.build/swift-overrides.hmap -emit-const-values -Xfrontend -const-gather-protocols-file -Xfrontend /Users/tafmawere/Library/Developer/Xcode/DerivedData/Tribeboard-hdigiwhflrfqtodtlckntnnupjxx/Build/Intermediates.noindex/Tribeboard.build/Debug-iphonesimulator/TribeboardTests.build/Objects-normal/arm64/TribeboardTests_const_extract_protocols.json -Xcc -iquote -Xcc /Users/tafmawere/Library/Developer/Xcode/DerivedData/Tribeboard-hdigiwhflrfqtodtlckntnnupjxx/Build/Intermediates.noindex/Tribeboard.build/Debug-iphonesimulator/TribeboardTests.build/TribeboardTests-generated-files.hmap -Xcc -I/Users/tafmawere/Library/Developer/Xcode/DerivedData/Tribeboard-hdigiwhflrfqtodtlckntnnupjxx/Build/Intermediates.noindex/Tribeboard.build/Debug-iphonesimulator/TribeboardTests.build/TribeboardTests-own-target-headers.hmap -Xcc -I/Users/tafmawere/Library/Developer/Xcode/DerivedData/Tribeboard-hdigiwhflrfqtodtlckntnnupjxx/Build/Intermediates.noindex/Tribeboard.build/Debug-iphonesimulator/TribeboardTests.build/TribeboardTests-all-target-headers.hmap -Xcc -iquote -Xcc /Users/tafmawere/Library/Developer/Xcode/DerivedData/Tribeboard-hdigiwhflrfqtodtlckntnnupjxx/Build/Intermediates.noindex/Tribeboard.build/Debug-iphonesimulator/TribeboardTests.build/TribeboardTests-project-headers.hmap -Xcc -I/Users/tafmawere/Library/Developer/Xcode/DerivedData/Tribeboard-hdigiwhflrfqtodtlckntnnupjxx/Build/Products/Debug-iphonesimulator/include -Xcc -I/Users/tafmawere/Library/Developer/Xcode/DerivedData/Tribeboard-hdigiwhflrfqtodtlckntnnupjxx/Build/Intermediates.noindex/Tribeboard.build/Debug-iphonesimulator/TribeboardTests.build/DerivedSources-normal/arm64 -Xcc -I/Users/tafmawere/Library/Developer/Xcode/DerivedData/Tribeboard-hdigiwhflrfqtodtlckntnnupjxx/Build/Intermediates.noindex/Tribeboard.build/Debug-iphonesimulator/TribeboardTests.build/DerivedSources/arm64 -Xcc -I/Users/tafmawere/Library/Developer/Xcode/DerivedData/Tribeboard-hdigiwhflrfqtodtlckntnnupjxx/Build/Intermediates.noindex/Tribeboard.build/Debug-iphonesimulator/TribeboardTests.build/DerivedSources -Xcc -DDEBUG\=1 -emit-objc-header -emit-objc-header-path /Users/tafmawere/Library/Developer/Xcode/DerivedData/Tribeboard-hdigiwhflrfqtodtlckntnnupjxx/Build/Intermediates.noindex/Tribeboard.build/Debug-iphonesimulator/TribeboardTests.build/Objects-normal/arm64/TribeboardTests-Swift.h -working-directory /Users/tafmawere/Projects\ Kiro/Tribeboard_MVP/Tribeboard -experimental-emit-module-separately -disable-cmo

Ld /Users/tafmawere/Library/Developer/Xcode/DerivedData/Tribeboard-hdigiwhflrfqtodtlckntnnupjxx/Build/Products/Debug-iphonesimulator/Tribeboard.app/PlugIns/TribeboardTests.xctest/TribeboardTests normal (in target 'TribeboardTests' from project 'Tribeboard')
    cd /Users/tafmawere/Projects\ Kiro/Tribeboard_MVP/Tribeboard
    /Applications/Xcode.app/Contents/Developer/Toolchains/XcodeDefault.xctoolchain/usr/bin/clang -Xlinker -reproducible -target arm64-apple-ios18.6-simulator -bundle -isysroot /Applications/Xcode.app/Contents/Developer/Platforms/iPhoneSimulator.platform/Developer/SDKs/iPhoneSimulator26.2.sdk -O0 -L/Users/tafmawere/Library/Developer/Xcode/DerivedData/Tribeboard-hdigiwhflrfqtodtlckntnnupjxx/Build/Intermediates.noindex/EagerLinkingTBDs/Debug-iphonesimulator -L/Users/tafmawere/Library/Developer/Xcode/DerivedData/Tribeboard-hdigiwhflrfqtodtlckntnnupjxx/Build/Products/Debug-iphonesimulator -L/Applications/Xcode.app/Contents/Developer/Platforms/iPhoneSimulator.platform/Developer/usr/lib -F/Users/tafmawere/Library/Developer/Xcode/DerivedData/Tribeboard-hdigiwhflrfqtodtlckntnnupjxx/Build/Intermediates.noindex/EagerLinkingTBDs/Debug-iphonesimulator -F/Users/tafmawere/Library/Developer/Xcode/DerivedData/Tribeboard-hdigiwhflrfqtodtlckntnnupjxx/Build/Products/Debug-iphonesimulator -iframework /Applications/Xcode.app/Contents/Developer/Platforms/iPhoneSimulator.platform/Developer/Library/Frameworks -iframework /Applications/Xcode.app/Contents/Developer/Platforms/iPhoneSimulator.platform/Developer/SDKs/iPhoneSimulator26.2.sdk/Developer/Library/Frameworks -filelist /Users/tafmawere/Library/Developer/Xcode/DerivedData/Tribeboard-hdigiwhflrfqtodtlckntnnupjxx/Build/Intermediates.noindex/Tribeboard.build/Debug-iphonesimulator/TribeboardTests.build/Objects-normal/arm64/TribeboardTests.LinkFileList -Xlinker -rpath -Xlinker /usr/lib/swift -Xlinker -rpath -Xlinker @loader_path/Frameworks -Xlinker -rpath -Xlinker @executable_path/Frameworks -dead_strip -bundle_loader /Users/tafmawere/Library/Developer/Xcode/DerivedData/Tribeboard-hdigiwhflrfqtodtlckntnnupjxx/Build/Products/Debug-iphonesimulator/Tribeboard.app/Tribeboard -Xlinker -object_path_lto -Xlinker /Users/tafmawere/Library/Developer/Xcode/DerivedData/Tribeboard-hdigiwhflrfqtodtlckntnnupjxx/Build/Intermediates.noindex/Tribeboard.build/Debug-iphonesimulator/TribeboardTests.build/Objects-normal/arm64/TribeboardTests_lto.o -rdynamic -Xlinker -no_deduplicate -Xlinker -objc_abi_version -Xlinker 2 -Xlinker -debug_variant -Xlinker -dependency_info -Xlinker /Users/tafmawere/Library/Developer/Xcode/DerivedData/Tribeboard-hdigiwhflrfqtodtlckntnnupjxx/Build/Intermediates.noindex/Tribeboard.build/Debug-iphonesimulator/TribeboardTests.build/Objects-normal/arm64/TribeboardTests_dependency_info.dat -fobjc-link-runtime -fprofile-instr-generate -L/Applications/Xcode.app/Contents/Developer/Toolchains/XcodeDefault.xctoolchain/usr/lib/swift/iphonesimulator -L/usr/lib/swift -Xlinker -add_ast_path -Xlinker /Users/tafmawere/Library/Developer/Xcode/DerivedData/Tribeboard-hdigiwhflrfqtodtlckntnnupjxx/Build/Intermediates.noindex/Tribeboard.build/Debug-iphonesimulator/TribeboardTests.build/Objects-normal/arm64/TribeboardTests.swiftmodule @/Users/tafmawere/Library/Developer/Xcode/DerivedData/Tribeboard-hdigiwhflrfqtodtlckntnnupjxx/Build/Intermediates.noindex/Tribeboard.build/Debug-iphonesimulator/TribeboardTests.build/Objects-normal/arm64/TribeboardTests-linker-args.resp -Xlinker -needed_framework -Xlinker XCTest -framework XCTest -Xlinker -needed-lXCTestSwiftSupport -lXCTestSwiftSupport /Users/tafmawere/Library/Developer/Xcode/DerivedData/Tribeboard-hdigiwhflrfqtodtlckntnnupjxx/Build/Products/Debug-iphonesimulator/Tribeboard.app/Tribeboard.debug.dylib -Xlinker -no_adhoc_codesign -o /Users/tafmawere/Library/Developer/Xcode/DerivedData/Tribeboard-hdigiwhflrfqtodtlckntnnupjxx/Build/Products/Debug-iphonesimulator/Tribeboard.app/PlugIns/TribeboardTests.xctest/TribeboardTests

CopySwiftLibs /Users/tafmawere/Library/Developer/Xcode/DerivedData/Tribeboard-hdigiwhflrfqtodtlckntnnupjxx/Build/Products/Debug-iphonesimulator/Tribeboard.app/PlugIns/TribeboardTests.xctest (in target 'TribeboardTests' from project 'Tribeboard')
    cd /Users/tafmawere/Projects\ Kiro/Tribeboard_MVP/Tribeboard
    builtin-swiftStdLibTool --copy --verbose --sign - --scan-executable /Users/tafmawere/Library/Developer/Xcode/DerivedData/Tribeboard-hdigiwhflrfqtodtlckntnnupjxx/Build/Products/Debug-iphonesimulator/Tribeboard.app/PlugIns/TribeboardTests.xctest/TribeboardTests --scan-folder /Users/tafmawere/Library/Developer/Xcode/DerivedData/Tribeboard-hdigiwhflrfqtodtlckntnnupjxx/Build/Products/Debug-iphonesimulator/Tribeboard.app/PlugIns/TribeboardTests.xctest/Frameworks --scan-folder /Users/tafmawere/Library/Developer/Xcode/DerivedData/Tribeboard-hdigiwhflrfqtodtlckntnnupjxx/Build/Products/Debug-iphonesimulator/Tribeboard.app/PlugIns/TribeboardTests.xctest/PlugIns --scan-folder /Users/tafmawere/Library/Developer/Xcode/DerivedData/Tribeboard-hdigiwhflrfqtodtlckntnnupjxx/Build/Products/Debug-iphonesimulator/Tribeboard.app/PlugIns/TribeboardTests.xctest/SystemExtensions --scan-folder /Users/tafmawere/Library/Developer/Xcode/DerivedData/Tribeboard-hdigiwhflrfqtodtlckntnnupjxx/Build/Products/Debug-iphonesimulator/Tribeboard.app/PlugIns/TribeboardTests.xctest/Extensions --platform iphonesimulator --toolchain /Applications/Xcode.app/Contents/Developer/Toolchains/XcodeDefault.xctoolchain --destination /Users/tafmawere/Library/Developer/Xcode/DerivedData/Tribeboard-hdigiwhflrfqtodtlckntnnupjxx/Build/Products/Debug-iphonesimulator/Tribeboard.app/PlugIns/TribeboardTests.xctest/Frameworks --strip-bitcode --scan-executable /Applications/Xcode.app/Contents/Developer/Platforms/iPhoneSimulator.platform/Developer/usr/lib/libXCTestSwiftSupport.dylib --strip-bitcode-tool /Applications/Xcode.app/Contents/Developer/Toolchains/XcodeDefault.xctoolchain/usr/bin/bitcode_strip --emit-dependency-info /Users/tafmawere/Library/Developer/Xcode/DerivedData/Tribeboard-hdigiwhflrfqtodtlckntnnupjxx/Build/Intermediates.noindex/Tribeboard.build/Debug-iphonesimulator/TribeboardTests.build/SwiftStdLibToolInputDependencies.dep --filter-for-swift-os --back-deploy-swift-span

ExtractAppIntentsMetadata (in target 'TribeboardTests' from project 'Tribeboard')
    cd /Users/tafmawere/Projects\ Kiro/Tribeboard_MVP/Tribeboard
    /Applications/Xcode.app/Contents/Developer/Toolchains/XcodeDefault.xctoolchain/usr/bin/appintentsmetadataprocessor --toolchain-dir /Applications/Xcode.app/Contents/Developer/Toolchains/XcodeDefault.xctoolchain --module-name TribeboardTests --sdk-root /Applications/Xcode.app/Contents/Developer/Platforms/iPhoneSimulator.platform/Developer/SDKs/iPhoneSimulator26.2.sdk --xcode-version 17C52 --platform-family iOS --deployment-target 18.6 --bundle-identifier net.dataenvy.tribeboard.TribeboardTests --output /Users/tafmawere/Library/Developer/Xcode/DerivedData/Tribeboard-hdigiwhflrfqtodtlckntnnupjxx/Build/Products/Debug-iphonesimulator/Tribeboard.app/PlugIns/TribeboardTests.xctest --target-triple arm64-apple-ios18.6-simulator --binary-file /Users/tafmawere/Library/Developer/Xcode/DerivedData/Tribeboard-hdigiwhflrfqtodtlckntnnupjxx/Build/Products/Debug-iphonesimulator/Tribeboard.app/PlugIns/TribeboardTests.xctest/TribeboardTests --dependency-file /Users/tafmawere/Library/Developer/Xcode/DerivedData/Tribeboard-hdigiwhflrfqtodtlckntnnupjxx/Build/Intermediates.noindex/Tribeboard.build/Debug-iphonesimulator/TribeboardTests.build/Objects-normal/arm64/TribeboardTests_dependency_info.dat --stringsdata-file /Users/tafmawere/Library/Developer/Xcode/DerivedData/Tribeboard-hdigiwhflrfqtodtlckntnnupjxx/Build/Intermediates.noindex/Tribeboard.build/Debug-iphonesimulator/TribeboardTests.build/Objects-normal/arm64/ExtractedAppShortcutsMetadata.stringsdata --source-file-list /Users/tafmawere/Library/Developer/Xcode/DerivedData/Tribeboard-hdigiwhflrfqtodtlckntnnupjxx/Build/Intermediates.noindex/Tribeboard.build/Debug-iphonesimulator/TribeboardTests.build/Objects-normal/arm64/TribeboardTests.SwiftFileList --metadata-file-list /Users/tafmawere/Library/Developer/Xcode/DerivedData/Tribeboard-hdigiwhflrfqtodtlckntnnupjxx/Build/Intermediates.noindex/Tribeboard.build/Debug-iphonesimulator/TribeboardTests.build/TribeboardTests.DependencyMetadataFileList --static-metadata-file-list /Users/tafmawere/Library/Developer/Xcode/DerivedData/Tribeboard-hdigiwhflrfqtodtlckntnnupjxx/Build/Intermediates.noindex/Tribeboard.build/Debug-iphonesimulator/TribeboardTests.build/TribeboardTests.DependencyStaticMetadataFileList --swift-const-vals-list /Users/tafmawere/Library/Developer/Xcode/DerivedData/Tribeboard-hdigiwhflrfqtodtlckntnnupjxx/Build/Intermediates.noindex/Tribeboard.build/Debug-iphonesimulator/TribeboardTests.build/Objects-normal/arm64/TribeboardTests.SwiftConstValuesFileList --compile-time-extraction --deployment-aware-processing --validate-assistant-intents --no-app-shortcuts-localization
2026-02-10 16:07:25.089 appintentsmetadataprocessor[71529:901269] Starting appintentsmetadataprocessor export
2026-02-10 16:07:25.091 appintentsmetadataprocessor[71529:901269] warning: Metadata extraction skipped. No AppIntents.framework dependency found.

AppIntentsSSUTraining (in target 'TribeboardTests' from project 'Tribeboard')
    cd /Users/tafmawere/Projects\ Kiro/Tribeboard_MVP/Tribeboard
    /Applications/Xcode.app/Contents/Developer/Toolchains/XcodeDefault.xctoolchain/usr/bin/appintentsnltrainingprocessor --infoplist-path /Users/tafmawere/Library/Developer/Xcode/DerivedData/Tribeboard-hdigiwhflrfqtodtlckntnnupjxx/Build/Products/Debug-iphonesimulator/Tribeboard.app/PlugIns/TribeboardTests.xctest/Info.plist --temp-dir-path /Users/tafmawere/Library/Developer/Xcode/DerivedData/Tribeboard-hdigiwhflrfqtodtlckntnnupjxx/Build/Intermediates.noindex/Tribeboard.build/Debug-iphonesimulator/TribeboardTests.build/ssu --bundle-id net.dataenvy.tribeboard.TribeboardTests --product-path /Users/tafmawere/Library/Developer/Xcode/DerivedData/Tribeboard-hdigiwhflrfqtodtlckntnnupjxx/Build/Products/Debug-iphonesimulator/Tribeboard.app/PlugIns/TribeboardTests.xctest --extracted-metadata-path /Users/tafmawere/Library/Developer/Xcode/DerivedData/Tribeboard-hdigiwhflrfqtodtlckntnnupjxx/Build/Products/Debug-iphonesimulator/Tribeboard.app/PlugIns/TribeboardTests.xctest/Metadata.appintents --metadata-file-list /Users/tafmawere/Library/Developer/Xcode/DerivedData/Tribeboard-hdigiwhflrfqtodtlckntnnupjxx/Build/Intermediates.noindex/Tribeboard.build/Debug-iphonesimulator/TribeboardTests.build/TribeboardTests.DependencyMetadataFileList --archive-ssu-assets
2026-02-10 16:07:25.111 appintentsnltrainingprocessor[71530:901270] Parsing options for appintentsnltrainingprocessor
2026-02-10 16:07:25.112 appintentsnltrainingprocessor[71530:901270] No AppShortcuts found - Skipping.

CodeSign /Users/tafmawere/Library/Developer/Xcode/DerivedData/Tribeboard-hdigiwhflrfqtodtlckntnnupjxx/Build/Products/Debug-iphonesimulator/Tribeboard.app/PlugIns/TribeboardTests.xctest (in target 'TribeboardTests' from project 'Tribeboard')
    cd /Users/tafmawere/Projects\ Kiro/Tribeboard_MVP/Tribeboard
    
    Signing Identity:     "Sign to Run Locally"
    
    /usr/bin/codesign --force --sign - --timestamp\=none --generate-entitlement-der /Users/tafmawere/Library/Developer/Xcode/DerivedData/Tribeboard-hdigiwhflrfqtodtlckntnnupjxx/Build/Products/Debug-iphonesimulator/Tribeboard.app/PlugIns/TribeboardTests.xctest

RegisterExecutionPolicyException /Users/tafmawere/Library/Developer/Xcode/DerivedData/Tribeboard-hdigiwhflrfqtodtlckntnnupjxx/Build/Products/Debug-iphonesimulator/Tribeboard.app/PlugIns/TribeboardTests.xctest (in target 'TribeboardTests' from project 'Tribeboard')
    cd /Users/tafmawere/Projects\ Kiro/Tribeboard_MVP/Tribeboard
    builtin-RegisterExecutionPolicyException /Users/tafmawere/Library/Developer/Xcode/DerivedData/Tribeboard-hdigiwhflrfqtodtlckntnnupjxx/Build/Products/Debug-iphonesimulator/Tribeboard.app/PlugIns/TribeboardTests.xctest

Touch /Users/tafmawere/Library/Developer/Xcode/DerivedData/Tribeboard-hdigiwhflrfqtodtlckntnnupjxx/Build/Products/Debug-iphonesimulator/Tribeboard.app/PlugIns/TribeboardTests.xctest (in target 'TribeboardTests' from project 'Tribeboard')
    cd /Users/tafmawere/Projects\ Kiro/Tribeboard_MVP/Tribeboard
    /usr/bin/touch -c /Users/tafmawere/Library/Developer/Xcode/DerivedData/Tribeboard-hdigiwhflrfqtodtlckntnnupjxx/Build/Products/Debug-iphonesimulator/Tribeboard.app/PlugIns/TribeboardTests.xctest

CodeSign /Users/tafmawere/Library/Developer/Xcode/DerivedData/Tribeboard-hdigiwhflrfqtodtlckntnnupjxx/Build/Products/Debug-iphonesimulator/Tribeboard.app/Tribeboard.debug.dylib (in target 'Tribeboard' from project 'Tribeboard')
    cd /Users/tafmawere/Projects\ Kiro/Tribeboard_MVP/Tribeboard
    
    Signing Identity:     "Sign to Run Locally"
    
    /usr/bin/codesign --force --sign - --timestamp\=none --generate-entitlement-der /Users/tafmawere/Library/Developer/Xcode/DerivedData/Tribeboard-hdigiwhflrfqtodtlckntnnupjxx/Build/Products/Debug-iphonesimulator/Tribeboard.app/Tribeboard.debug.dylib

CodeSign /Users/tafmawere/Library/Developer/Xcode/DerivedData/Tribeboard-hdigiwhflrfqtodtlckntnnupjxx/Build/Products/Debug-iphonesimulator/Tribeboard.app/__preview.dylib (in target 'Tribeboard' from project 'Tribeboard')
    cd /Users/tafmawere/Projects\ Kiro/Tribeboard_MVP/Tribeboard
    
    Signing Identity:     "Sign to Run Locally"
    
    /usr/bin/codesign --force --sign - --timestamp\=none --generate-entitlement-der /Users/tafmawere/Library/Developer/Xcode/DerivedData/Tribeboard-hdigiwhflrfqtodtlckntnnupjxx/Build/Products/Debug-iphonesimulator/Tribeboard.app/__preview.dylib
/Users/tafmawere/Library/Developer/Xcode/DerivedData/Tribeboard-hdigiwhflrfqtodtlckntnnupjxx/Build/Products/Debug-iphonesimulator/Tribeboard.app/__preview.dylib: replacing existing signature

CodeSign /Users/tafmawere/Library/Developer/Xcode/DerivedData/Tribeboard-hdigiwhflrfqtodtlckntnnupjxx/Build/Products/Debug-iphonesimulator/Tribeboard.app (in target 'Tribeboard' from project 'Tribeboard')
    cd /Users/tafmawere/Projects\ Kiro/Tribeboard_MVP/Tribeboard
    
    Signing Identity:     "Sign to Run Locally"
    
    /usr/bin/codesign --force --sign - --entitlements /Users/tafmawere/Library/Developer/Xcode/DerivedData/Tribeboard-hdigiwhflrfqtodtlckntnnupjxx/Build/Intermediates.noindex/Tribeboard.build/Debug-iphonesimulator/Tribeboard.build/Tribeboard.app.xcent --timestamp\=none --generate-entitlement-der /Users/tafmawere/Library/Developer/Xcode/DerivedData/Tribeboard-hdigiwhflrfqtodtlckntnnupjxx/Build/Products/Debug-iphonesimulator/Tribeboard.app

Validate /Users/tafmawere/Library/Developer/Xcode/DerivedData/Tribeboard-hdigiwhflrfqtodtlckntnnupjxx/Build/Products/Debug-iphonesimulator/Tribeboard.app (in target 'Tribeboard' from project 'Tribeboard')
    cd /Users/tafmawere/Projects\ Kiro/Tribeboard_MVP/Tribeboard
    builtin-validationUtility /Users/tafmawere/Library/Developer/Xcode/DerivedData/Tribeboard-hdigiwhflrfqtodtlckntnnupjxx/Build/Products/Debug-iphonesimulator/Tribeboard.app -shallow-bundle -infoplist-subpath Info.plist

Ld /Users/tafmawere/Library/Developer/Xcode/DerivedData/Tribeboard-hdigiwhflrfqtodtlckntnnupjxx/Build/Products/Debug-iphonesimulator/TribeboardUITests-Runner.app/PlugIns/TribeboardUITests.xctest/TribeboardUITests normal (in target 'TribeboardUITests' from project 'Tribeboard')
    cd /Users/tafmawere/Projects\ Kiro/Tribeboard_MVP/Tribeboard
    /Applications/Xcode.app/Contents/Developer/Toolchains/XcodeDefault.xctoolchain/usr/bin/clang -Xlinker -reproducible -target arm64-apple-ios18.6-simulator -bundle -isysroot /Applications/Xcode.app/Contents/Developer/Platforms/iPhoneSimulator.platform/Developer/SDKs/iPhoneSimulator26.2.sdk -O0 -L/Users/tafmawere/Library/Developer/Xcode/DerivedData/Tribeboard-hdigiwhflrfqtodtlckntnnupjxx/Build/Intermediates.noindex/EagerLinkingTBDs/Debug-iphonesimulator -L/Users/tafmawere/Library/Developer/Xcode/DerivedData/Tribeboard-hdigiwhflrfqtodtlckntnnupjxx/Build/Products/Debug-iphonesimulator -L/Applications/Xcode.app/Contents/Developer/Platforms/iPhoneSimulator.platform/Developer/usr/lib -F/Users/tafmawere/Library/Developer/Xcode/DerivedData/Tribeboard-hdigiwhflrfqtodtlckntnnupjxx/Build/Intermediates.noindex/EagerLinkingTBDs/Debug-iphonesimulator -F/Users/tafmawere/Library/Developer/Xcode/DerivedData/Tribeboard-hdigiwhflrfqtodtlckntnnupjxx/Build/Products/Debug-iphonesimulator -iframework /Applications/Xcode.app/Contents/Developer/Platforms/iPhoneSimulator.platform/Developer/Library/Frameworks -iframework /Applications/Xcode.app/Contents/Developer/Platforms/iPhoneSimulator.platform/Developer/SDKs/iPhoneSimulator26.2.sdk/Developer/Library/Frameworks -filelist /Users/tafmawere/Library/Developer/Xcode/DerivedData/Tribeboard-hdigiwhflrfqtodtlckntnnupjxx/Build/Intermediates.noindex/Tribeboard.build/Debug-iphonesimulator/TribeboardUITests.build/Objects-normal/arm64/TribeboardUITests.LinkFileList -Xlinker -rpath -Xlinker /usr/lib/swift -Xlinker -rpath -Xlinker @loader_path/Frameworks -dead_strip -Xlinker -object_path_lto -Xlinker /Users/tafmawere/Library/Developer/Xcode/DerivedData/Tribeboard-hdigiwhflrfqtodtlckntnnupjxx/Build/Intermediates.noindex/Tribeboard.build/Debug-iphonesimulator/TribeboardUITests.build/Objects-normal/arm64/TribeboardUITests_lto.o -rdynamic -Xlinker -no_deduplicate -Xlinker -objc_abi_version -Xlinker 2 -Xlinker -debug_variant -Xlinker -dependency_info -Xlinker /Users/tafmawere/Library/Developer/Xcode/DerivedData/Tribeboard-hdigiwhflrfqtodtlckntnnupjxx/Build/Intermediates.noindex/Tribeboard.build/Debug-iphonesimulator/TribeboardUITests.build/Objects-normal/arm64/TribeboardUITests_dependency_info.dat -fobjc-link-runtime -fprofile-instr-generate -L/Applications/Xcode.app/Contents/Developer/Toolchains/XcodeDefault.xctoolchain/usr/lib/swift/iphonesimulator -L/usr/lib/swift -Xlinker -add_ast_path -Xlinker /Users/tafmawere/Library/Developer/Xcode/DerivedData/Tribeboard-hdigiwhflrfqtodtlckntnnupjxx/Build/Intermediates.noindex/Tribeboard.build/Debug-iphonesimulator/TribeboardUITests.build/Objects-normal/arm64/TribeboardUITests.swiftmodule @/Users/tafmawere/Library/Developer/Xcode/DerivedData/Tribeboard-hdigiwhflrfqtodtlckntnnupjxx/Build/Intermediates.noindex/Tribeboard.build/Debug-iphonesimulator/TribeboardUITests.build/Objects-normal/arm64/TribeboardUITests-linker-args.resp -Xlinker -needed_framework -Xlinker XCTest -framework XCTest -Xlinker -needed-lXCTestSwiftSupport -lXCTestSwiftSupport -Xlinker -sectcreate -Xlinker __TEXT -Xlinker __entitlements -Xlinker /Users/tafmawere/Library/Developer/Xcode/DerivedData/Tribeboard-hdigiwhflrfqtodtlckntnnupjxx/Build/Intermediates.noindex/Tribeboard.build/Debug-iphonesimulator/TribeboardUITests.build/TribeboardUITests.xctest-Simulated.xcent -Xlinker -sectcreate -Xlinker __TEXT -Xlinker __ents_der -Xlinker /Users/tafmawere/Library/Developer/Xcode/DerivedData/Tribeboard-hdigiwhflrfqtodtlckntnnupjxx/Build/Intermediates.noindex/Tribeboard.build/Debug-iphonesimulator/TribeboardUITests.build/TribeboardUITests.xctest-Simulated.xcent.der -Xlinker -no_adhoc_codesign -o /Users/tafmawere/Library/Developer/Xcode/DerivedData/Tribeboard-hdigiwhflrfqtodtlckntnnupjxx/Build/Products/Debug-iphonesimulator/TribeboardUITests-Runner.app/PlugIns/TribeboardUITests.xctest/TribeboardUITests

ProcessInfoPlistFile /Users/tafmawere/Library/Developer/Xcode/DerivedData/Tribeboard-hdigiwhflrfqtodtlckntnnupjxx/Build/Products/Debug-iphonesimulator/TribeboardUITests-Runner.app/PlugIns/TribeboardUITests.xctest/Info.plist /Users/tafmawere/Library/Developer/Xcode/DerivedData/Tribeboard-hdigiwhflrfqtodtlckntnnupjxx/Build/Intermediates.noindex/Tribeboard.build/Debug-iphonesimulator/TribeboardUITests.build/empty-TribeboardUITests.plist (in target 'TribeboardUITests' from project 'Tribeboard')
    cd /Users/tafmawere/Projects\ Kiro/Tribeboard_MVP/Tribeboard
    builtin-infoPlistUtility /Users/tafmawere/Library/Developer/Xcode/DerivedData/Tribeboard-hdigiwhflrfqtodtlckntnnupjxx/Build/Intermediates.noindex/Tribeboard.build/Debug-iphonesimulator/TribeboardUITests.build/empty-TribeboardUITests.plist -producttype com.apple.product-type.bundle.ui-testing -expandbuildsettings -format binary -platform iphonesimulator -additionalcontentfile /Users/tafmawere/Library/Developer/Xcode/DerivedData/Tribeboard-hdigiwhflrfqtodtlckntnnupjxx/Build/Intermediates.noindex/Tribeboard.build/Debug-iphonesimulator/TribeboardUITests.build/ProductTypeInfoPlistAdditions.plist -o /Users/tafmawere/Library/Developer/Xcode/DerivedData/Tribeboard-hdigiwhflrfqtodtlckntnnupjxx/Build/Products/Debug-iphonesimulator/TribeboardUITests-Runner.app/PlugIns/TribeboardUITests.xctest/Info.plist

CopySwiftLibs /Users/tafmawere/Library/Developer/Xcode/DerivedData/Tribeboard-hdigiwhflrfqtodtlckntnnupjxx/Build/Products/Debug-iphonesimulator/TribeboardUITests-Runner.app/PlugIns/TribeboardUITests.xctest (in target 'TribeboardUITests' from project 'Tribeboard')
    cd /Users/tafmawere/Projects\ Kiro/Tribeboard_MVP/Tribeboard
    builtin-swiftStdLibTool --copy --verbose --sign - --scan-executable /Users/tafmawere/Library/Developer/Xcode/DerivedData/Tribeboard-hdigiwhflrfqtodtlckntnnupjxx/Build/Products/Debug-iphonesimulator/TribeboardUITests-Runner.app/PlugIns/TribeboardUITests.xctest/TribeboardUITests --scan-folder /Users/tafmawere/Library/Developer/Xcode/DerivedData/Tribeboard-hdigiwhflrfqtodtlckntnnupjxx/Build/Products/Debug-iphonesimulator/TribeboardUITests-Runner.app/PlugIns/TribeboardUITests.xctest/Frameworks --scan-folder /Users/tafmawere/Library/Developer/Xcode/DerivedData/Tribeboard-hdigiwhflrfqtodtlckntnnupjxx/Build/Products/Debug-iphonesimulator/TribeboardUITests-Runner.app/PlugIns/TribeboardUITests.xctest/PlugIns --scan-folder /Users/tafmawere/Library/Developer/Xcode/DerivedData/Tribeboard-hdigiwhflrfqtodtlckntnnupjxx/Build/Products/Debug-iphonesimulator/TribeboardUITests-Runner.app/PlugIns/TribeboardUITests.xctest/SystemExtensions --scan-folder /Users/tafmawere/Library/Developer/Xcode/DerivedData/Tribeboard-hdigiwhflrfqtodtlckntnnupjxx/Build/Products/Debug-iphonesimulator/TribeboardUITests-Runner.app/PlugIns/TribeboardUITests.xctest/Extensions --platform iphonesimulator --toolchain /Applications/Xcode.app/Contents/Developer/Toolchains/XcodeDefault.xctoolchain --destination /Users/tafmawere/Library/Developer/Xcode/DerivedData/Tribeboard-hdigiwhflrfqtodtlckntnnupjxx/Build/Products/Debug-iphonesimulator/TribeboardUITests-Runner.app/PlugIns/TribeboardUITests.xctest/Frameworks --strip-bitcode --scan-executable /Applications/Xcode.app/Contents/Developer/Platforms/iPhoneSimulator.platform/Developer/usr/lib/libXCTestSwiftSupport.dylib --strip-bitcode-tool /Applications/Xcode.app/Contents/Developer/Toolchains/XcodeDefault.xctoolchain/usr/bin/bitcode_strip --emit-dependency-info /Users/tafmawere/Library/Developer/Xcode/DerivedData/Tribeboard-hdigiwhflrfqtodtlckntnnupjxx/Build/Intermediates.noindex/Tribeboard.build/Debug-iphonesimulator/TribeboardUITests.build/SwiftStdLibToolInputDependencies.dep --filter-for-swift-os --back-deploy-swift-span

ExtractAppIntentsMetadata (in target 'TribeboardUITests' from project 'Tribeboard')
    cd /Users/tafmawere/Projects\ Kiro/Tribeboard_MVP/Tribeboard
    /Applications/Xcode.app/Contents/Developer/Toolchains/XcodeDefault.xctoolchain/usr/bin/appintentsmetadataprocessor --toolchain-dir /Applications/Xcode.app/Contents/Developer/Toolchains/XcodeDefault.xctoolchain --module-name TribeboardUITests --sdk-root /Applications/Xcode.app/Contents/Developer/Platforms/iPhoneSimulator.platform/Developer/SDKs/iPhoneSimulator26.2.sdk --xcode-version 17C52 --platform-family iOS --deployment-target 18.6 --bundle-identifier net.dataenvy.tribeboard.TribeboardUITests --output /Users/tafmawere/Library/Developer/Xcode/DerivedData/Tribeboard-hdigiwhflrfqtodtlckntnnupjxx/Build/Products/Debug-iphonesimulator/TribeboardUITests-Runner.app/PlugIns/TribeboardUITests.xctest --target-triple arm64-apple-ios18.6-simulator --binary-file /Users/tafmawere/Library/Developer/Xcode/DerivedData/Tribeboard-hdigiwhflrfqtodtlckntnnupjxx/Build/Products/Debug-iphonesimulator/TribeboardUITests-Runner.app/PlugIns/TribeboardUITests.xctest/TribeboardUITests --dependency-file /Users/tafmawere/Library/Developer/Xcode/DerivedData/Tribeboard-hdigiwhflrfqtodtlckntnnupjxx/Build/Intermediates.noindex/Tribeboard.build/Debug-iphonesimulator/TribeboardUITests.build/Objects-normal/arm64/TribeboardUITests_dependency_info.dat --stringsdata-file /Users/tafmawere/Library/Developer/Xcode/DerivedData/Tribeboard-hdigiwhflrfqtodtlckntnnupjxx/Build/Intermediates.noindex/Tribeboard.build/Debug-iphonesimulator/TribeboardUITests.build/Objects-normal/arm64/ExtractedAppShortcutsMetadata.stringsdata --source-file-list /Users/tafmawere/Library/Developer/Xcode/DerivedData/Tribeboard-hdigiwhflrfqtodtlckntnnupjxx/Build/Intermediates.noindex/Tribeboard.build/Debug-iphonesimulator/TribeboardUITests.build/Objects-normal/arm64/TribeboardUITests.SwiftFileList --metadata-file-list /Users/tafmawere/Library/Developer/Xcode/DerivedData/Tribeboard-hdigiwhflrfqtodtlckntnnupjxx/Build/Intermediates.noindex/Tribeboard.build/Debug-iphonesimulator/TribeboardUITests.build/TribeboardUITests.DependencyMetadataFileList --static-metadata-file-list /Users/tafmawere/Library/Developer/Xcode/DerivedData/Tribeboard-hdigiwhflrfqtodtlckntnnupjxx/Build/Intermediates.noindex/Tribeboard.build/Debug-iphonesimulator/TribeboardUITests.build/TribeboardUITests.DependencyStaticMetadataFileList --swift-const-vals-list /Users/tafmawere/Library/Developer/Xcode/DerivedData/Tribeboard-hdigiwhflrfqtodtlckntnnupjxx/Build/Intermediates.noindex/Tribeboard.build/Debug-iphonesimulator/TribeboardUITests.build/Objects-normal/arm64/TribeboardUITests.SwiftConstValuesFileList --compile-time-extraction --deployment-aware-processing --validate-assistant-intents --no-app-shortcuts-localization
2026-02-10 16:07:25.449 appintentsmetadataprocessor[71538:901375] Starting appintentsmetadataprocessor export
2026-02-10 16:07:25.451 appintentsmetadataprocessor[71538:901375] warning: Metadata extraction skipped. No AppIntents.framework dependency found.

AppIntentsSSUTraining (in target 'TribeboardUITests' from project 'Tribeboard')
    cd /Users/tafmawere/Projects\ Kiro/Tribeboard_MVP/Tribeboard
    /Applications/Xcode.app/Contents/Developer/Toolchains/XcodeDefault.xctoolchain/usr/bin/appintentsnltrainingprocessor --infoplist-path /Users/tafmawere/Library/Developer/Xcode/DerivedData/Tribeboard-hdigiwhflrfqtodtlckntnnupjxx/Build/Products/Debug-iphonesimulator/TribeboardUITests-Runner.app/PlugIns/TribeboardUITests.xctest/Info.plist --temp-dir-path /Users/tafmawere/Library/Developer/Xcode/DerivedData/Tribeboard-hdigiwhflrfqtodtlckntnnupjxx/Build/Intermediates.noindex/Tribeboard.build/Debug-iphonesimulator/TribeboardUITests.build/ssu --bundle-id net.dataenvy.tribeboard.TribeboardUITests --product-path /Users/tafmawere/Library/Developer/Xcode/DerivedData/Tribeboard-hdigiwhflrfqtodtlckntnnupjxx/Build/Products/Debug-iphonesimulator/TribeboardUITests-Runner.app/PlugIns/TribeboardUITests.xctest --extracted-metadata-path /Users/tafmawere/Library/Developer/Xcode/DerivedData/Tribeboard-hdigiwhflrfqtodtlckntnnupjxx/Build/Products/Debug-iphonesimulator/TribeboardUITests-Runner.app/PlugIns/TribeboardUITests.xctest/Metadata.appintents --metadata-file-list /Users/tafmawere/Library/Developer/Xcode/DerivedData/Tribeboard-hdigiwhflrfqtodtlckntnnupjxx/Build/Intermediates.noindex/Tribeboard.build/Debug-iphonesimulator/TribeboardUITests.build/TribeboardUITests.DependencyMetadataFileList --archive-ssu-assets
2026-02-10 16:07:25.468 appintentsnltrainingprocessor[71539:901376] Parsing options for appintentsnltrainingprocessor
2026-02-10 16:07:25.468 appintentsnltrainingprocessor[71539:901376] No AppShortcuts found - Skipping.

CopyPlistFile /Users/tafmawere/Library/Developer/Xcode/DerivedData/Tribeboard-hdigiwhflrfqtodtlckntnnupjxx/Build/Products/Debug-iphonesimulator/TribeboardUITests-Runner.app/Info.plist /Applications/Xcode.app/Contents/Developer/Platforms/iPhoneSimulator.platform/Developer/Library/Xcode/Agents/XCTRunner.app/Info.plist (in target 'TribeboardUITests' from project 'Tribeboard')
    cd /Users/tafmawere/Projects\ Kiro/Tribeboard_MVP/Tribeboard
    builtin-copyPlist --validate --convert xml1 --macro-expansion WRAPPEDPRODUCTNAME TribeboardUITests-Runner --macro-expansion WRAPPEDPRODUCTBUNDLEIDENTIFIER net.dataenvy.tribeboard.TribeboardUITests.xctrunner --macro-expansion TESTPRODUCTNAME TribeboardUITests --macro-expansion TESTPRODUCTBUNDLEIDENTIFIER net.dataenvy.tribeboard.TribeboardUITests --copy-value UIDeviceFamily /Users/tafmawere/Library/Developer/Xcode/DerivedData/Tribeboard-hdigiwhflrfqtodtlckntnnupjxx/Build/Products/Debug-iphonesimulator/TribeboardUITests-Runner.app/PlugIns/TribeboardUITests.xctest/Info.plist --outdir /Users/tafmawere/Library/Developer/Xcode/DerivedData/Tribeboard-hdigiwhflrfqtodtlckntnnupjxx/Build/Products/Debug-iphonesimulator/TribeboardUITests-Runner.app -- /Applications/Xcode.app/Contents/Developer/Platforms/iPhoneSimulator.platform/Developer/Library/Xcode/Agents/XCTRunner.app/Info.plist

CopyAndPreserveArchs /Users/tafmawere/Library/Developer/Xcode/DerivedData/Tribeboard-hdigiwhflrfqtodtlckntnnupjxx/Build/Products/Debug-iphonesimulator/TribeboardUITests-Runner.app/TribeboardUITests-Runner (in target 'TribeboardUITests' from project 'Tribeboard')
    cd /Users/tafmawere/Projects\ Kiro/Tribeboard_MVP/Tribeboard
    /Applications/Xcode.app/Contents/Developer/Toolchains/XcodeDefault.xctoolchain/usr/bin/lipo /Applications/Xcode.app/Contents/Developer/Platforms/iPhoneSimulator.platform/Developer/Library/Xcode/Agents/XCTRunner.app/XCTRunner -output /Users/tafmawere/Library/Developer/Xcode/DerivedData/Tribeboard-hdigiwhflrfqtodtlckntnnupjxx/Build/Products/Debug-iphonesimulator/TribeboardUITests-Runner.app/TribeboardUITests-Runner -extract arm64

MkDir /Users/tafmawere/Library/Developer/Xcode/DerivedData/Tribeboard-hdigiwhflrfqtodtlckntnnupjxx/Build/Products/Debug-iphonesimulator/TribeboardUITests-Runner.app (in target 'TribeboardUITests' from project 'Tribeboard')
    cd /Users/tafmawere/Projects\ Kiro/Tribeboard_MVP/Tribeboard
    /bin/mkdir -p /Users/tafmawere/Library/Developer/Xcode/DerivedData/Tribeboard-hdigiwhflrfqtodtlckntnnupjxx/Build/Products/Debug-iphonesimulator/TribeboardUITests-Runner.app

Copy /Users/tafmawere/Library/Developer/Xcode/DerivedData/Tribeboard-hdigiwhflrfqtodtlckntnnupjxx/Build/Products/Debug-iphonesimulator/TribeboardUITests-Runner.app/PkgInfo /Applications/Xcode.app/Contents/Developer/Platforms/iPhoneSimulator.platform/Developer/Library/Xcode/Agents/XCTRunner.app/PkgInfo (in target 'TribeboardUITests' from project 'Tribeboard')
    cd /Users/tafmawere/Projects\ Kiro/Tribeboard_MVP/Tribeboard
    builtin-copy -exclude .DS_Store -exclude CVS -exclude .svn -exclude .git -exclude .hg -resolve-src-symlinks /Applications/Xcode.app/Contents/Developer/Platforms/iPhoneSimulator.platform/Developer/Library/Xcode/Agents/XCTRunner.app/PkgInfo /Users/tafmawere/Library/Developer/Xcode/DerivedData/Tribeboard-hdigiwhflrfqtodtlckntnnupjxx/Build/Products/Debug-iphonesimulator/TribeboardUITests-Runner.app

Copy /Users/tafmawere/Library/Developer/Xcode/DerivedData/Tribeboard-hdigiwhflrfqtodtlckntnnupjxx/Build/Products/Debug-iphonesimulator/TribeboardUITests-Runner.app/Frameworks/XCUnit.framework /Applications/Xcode.app/Contents/Developer/Platforms/iPhoneSimulator.platform/Developer/Library/PrivateFrameworks/XCUnit.framework (in target 'TribeboardUITests' from project 'Tribeboard')
    cd /Users/tafmawere/Projects\ Kiro/Tribeboard_MVP/Tribeboard
    builtin-copy -exclude .DS_Store -exclude CVS -exclude .svn -exclude .git -exclude .hg -exclude Headers -exclude PrivateHeaders -exclude Modules -exclude \*.tbd -resolve-src-symlinks /Applications/Xcode.app/Contents/Developer/Platforms/iPhoneSimulator.platform/Developer/Library/PrivateFrameworks/XCUnit.framework /Users/tafmawere/Library/Developer/Xcode/DerivedData/Tribeboard-hdigiwhflrfqtodtlckntnnupjxx/Build/Products/Debug-iphonesimulator/TribeboardUITests-Runner.app/Frameworks

Copy /Users/tafmawere/Library/Developer/Xcode/DerivedData/Tribeboard-hdigiwhflrfqtodtlckntnnupjxx/Build/Products/Debug-iphonesimulator/TribeboardUITests-Runner.app/Frameworks/XCUIAutomation.framework /Applications/Xcode.app/Contents/Developer/Platforms/iPhoneSimulator.platform/Developer/Library/Frameworks/XCUIAutomation.framework (in target 'TribeboardUITests' from project 'Tribeboard')
    cd /Users/tafmawere/Projects\ Kiro/Tribeboard_MVP/Tribeboard
    builtin-copy -exclude .DS_Store -exclude CVS -exclude .svn -exclude .git -exclude .hg -exclude Headers -exclude PrivateHeaders -exclude Modules -exclude \*.tbd -resolve-src-symlinks /Applications/Xcode.app/Contents/Developer/Platforms/iPhoneSimulator.platform/Developer/Library/Frameworks/XCUIAutomation.framework /Users/tafmawere/Library/Developer/Xcode/DerivedData/Tribeboard-hdigiwhflrfqtodtlckntnnupjxx/Build/Products/Debug-iphonesimulator/TribeboardUITests-Runner.app/Frameworks

Copy /Users/tafmawere/Library/Developer/Xcode/DerivedData/Tribeboard-hdigiwhflrfqtodtlckntnnupjxx/Build/Products/Debug-iphonesimulator/TribeboardUITests-Runner.app/Frameworks/XCTestSupport.framework /Applications/Xcode.app/Contents/Developer/Platforms/iPhoneSimulator.platform/Developer/Library/PrivateFrameworks/XCTestSupport.framework (in target 'TribeboardUITests' from project 'Tribeboard')
    cd /Users/tafmawere/Projects\ Kiro/Tribeboard_MVP/Tribeboard
    builtin-copy -exclude .DS_Store -exclude CVS -exclude .svn -exclude .git -exclude .hg -exclude Headers -exclude PrivateHeaders -exclude Modules -exclude \*.tbd -resolve-src-symlinks /Applications/Xcode.app/Contents/Developer/Platforms/iPhoneSimulator.platform/Developer/Library/PrivateFrameworks/XCTestSupport.framework /Users/tafmawere/Library/Developer/Xcode/DerivedData/Tribeboard-hdigiwhflrfqtodtlckntnnupjxx/Build/Products/Debug-iphonesimulator/TribeboardUITests-Runner.app/Frameworks

Copy /Users/tafmawere/Library/Developer/Xcode/DerivedData/Tribeboard-hdigiwhflrfqtodtlckntnnupjxx/Build/Products/Debug-iphonesimulator/TribeboardUITests-Runner.app/Frameworks/libXCTestSwiftSupport.dylib /Applications/Xcode.app/Contents/Developer/Platforms/iPhoneSimulator.platform/Developer/usr/lib/libXCTestSwiftSupport.dylib (in target 'TribeboardUITests' from project 'Tribeboard')
    cd /Users/tafmawere/Projects\ Kiro/Tribeboard_MVP/Tribeboard
    builtin-copy -exclude .DS_Store -exclude CVS -exclude .svn -exclude .git -exclude .hg -exclude Headers -exclude PrivateHeaders -exclude Modules -exclude \*.tbd -resolve-src-symlinks /Applications/Xcode.app/Contents/Developer/Platforms/iPhoneSimulator.platform/Developer/usr/lib/libXCTestSwiftSupport.dylib /Users/tafmawere/Library/Developer/Xcode/DerivedData/Tribeboard-hdigiwhflrfqtodtlckntnnupjxx/Build/Products/Debug-iphonesimulator/TribeboardUITests-Runner.app/Frameworks

Copy /Users/tafmawere/Library/Developer/Xcode/DerivedData/Tribeboard-hdigiwhflrfqtodtlckntnnupjxx/Build/Products/Debug-iphonesimulator/TribeboardUITests-Runner.app/Frameworks/Testing.framework /Applications/Xcode.app/Contents/Developer/Platforms/iPhoneSimulator.platform/Developer/Library/Frameworks/Testing.framework (in target 'TribeboardUITests' from project 'Tribeboard')
    cd /Users/tafmawere/Projects\ Kiro/Tribeboard_MVP/Tribeboard
    builtin-copy -exclude .DS_Store -exclude CVS -exclude .svn -exclude .git -exclude .hg -exclude Headers -exclude PrivateHeaders -exclude Modules -exclude \*.tbd -resolve-src-symlinks /Applications/Xcode.app/Contents/Developer/Platforms/iPhoneSimulator.platform/Developer/Library/Frameworks/Testing.framework /Users/tafmawere/Library/Developer/Xcode/DerivedData/Tribeboard-hdigiwhflrfqtodtlckntnnupjxx/Build/Products/Debug-iphonesimulator/TribeboardUITests-Runner.app/Frameworks

Copy /Users/tafmawere/Library/Developer/Xcode/DerivedData/Tribeboard-hdigiwhflrfqtodtlckntnnupjxx/Build/Products/Debug-iphonesimulator/TribeboardUITests-Runner.app/Frameworks/XCTest.framework /Applications/Xcode.app/Contents/Developer/Platforms/iPhoneSimulator.platform/Developer/Library/Frameworks/XCTest.framework (in target 'TribeboardUITests' from project 'Tribeboard')
    cd /Users/tafmawere/Projects\ Kiro/Tribeboard_MVP/Tribeboard
    builtin-copy -exclude .DS_Store -exclude CVS -exclude .svn -exclude .git -exclude .hg -exclude Headers -exclude PrivateHeaders -exclude Modules -exclude \*.tbd -resolve-src-symlinks /Applications/Xcode.app/Contents/Developer/Platforms/iPhoneSimulator.platform/Developer/Library/Frameworks/XCTest.framework /Users/tafmawere/Library/Developer/Xcode/DerivedData/Tribeboard-hdigiwhflrfqtodtlckntnnupjxx/Build/Products/Debug-iphonesimulator/TribeboardUITests-Runner.app/Frameworks

Copy /Users/tafmawere/Library/Developer/Xcode/DerivedData/Tribeboard-hdigiwhflrfqtodtlckntnnupjxx/Build/Products/Debug-iphonesimulator/TribeboardUITests-Runner.app/Frameworks/XCTestCore.framework /Applications/Xcode.app/Contents/Developer/Platforms/iPhoneSimulator.platform/Developer/Library/PrivateFrameworks/XCTestCore.framework (in target 'TribeboardUITests' from project 'Tribeboard')
    cd /Users/tafmawere/Projects\ Kiro/Tribeboard_MVP/Tribeboard
    builtin-copy -exclude .DS_Store -exclude CVS -exclude .svn -exclude .git -exclude .hg -exclude Headers -exclude PrivateHeaders -exclude Modules -exclude \*.tbd -resolve-src-symlinks /Applications/Xcode.app/Contents/Developer/Platforms/iPhoneSimulator.platform/Developer/Library/PrivateFrameworks/XCTestCore.framework /Users/tafmawere/Library/Developer/Xcode/DerivedData/Tribeboard-hdigiwhflrfqtodtlckntnnupjxx/Build/Products/Debug-iphonesimulator/TribeboardUITests-Runner.app/Frameworks

Copy /Users/tafmawere/Library/Developer/Xcode/DerivedData/Tribeboard-hdigiwhflrfqtodtlckntnnupjxx/Build/Products/Debug-iphonesimulator/TribeboardUITests-Runner.app/Frameworks/XCTAutomationSupport.framework /Applications/Xcode.app/Contents/Developer/Platforms/iPhoneSimulator.platform/Developer/Library/PrivateFrameworks/XCTAutomationSupport.framework (in target 'TribeboardUITests' from project 'Tribeboard')
    cd /Users/tafmawere/Projects\ Kiro/Tribeboard_MVP/Tribeboard
    builtin-copy -exclude .DS_Store -exclude CVS -exclude .svn -exclude .git -exclude .hg -exclude Headers -exclude PrivateHeaders -exclude Modules -exclude \*.tbd -resolve-src-symlinks /Applications/Xcode.app/Contents/Developer/Platforms/iPhoneSimulator.platform/Developer/Library/PrivateFrameworks/XCTAutomationSupport.framework /Users/tafmawere/Library/Developer/Xcode/DerivedData/Tribeboard-hdigiwhflrfqtodtlckntnnupjxx/Build/Products/Debug-iphonesimulator/TribeboardUITests-Runner.app/Frameworks

CodeSign /Users/tafmawere/Library/Developer/Xcode/DerivedData/Tribeboard-hdigiwhflrfqtodtlckntnnupjxx/Build/Products/Debug-iphonesimulator/TribeboardUITests-Runner.app/PlugIns/TribeboardUITests.xctest (in target 'TribeboardUITests' from project 'Tribeboard')
    cd /Users/tafmawere/Projects\ Kiro/Tribeboard_MVP/Tribeboard
    
    Signing Identity:     "Sign to Run Locally"
    
    /usr/bin/codesign --force --sign - --timestamp\=none --generate-entitlement-der /Users/tafmawere/Library/Developer/Xcode/DerivedData/Tribeboard-hdigiwhflrfqtodtlckntnnupjxx/Build/Products/Debug-iphonesimulator/TribeboardUITests-Runner.app/PlugIns/TribeboardUITests.xctest

CodeSign /Users/tafmawere/Library/Developer/Xcode/DerivedData/Tribeboard-hdigiwhflrfqtodtlckntnnupjxx/Build/Products/Debug-iphonesimulator/TribeboardUITests-Runner.app (in target 'TribeboardUITests' from project 'Tribeboard')
    cd /Users/tafmawere/Projects\ Kiro/Tribeboard_MVP/Tribeboard
    
    Signing Identity:     "Sign to Run Locally"
    
    /usr/bin/codesign --force --sign - --timestamp\=none --generate-entitlement-der /Users/tafmawere/Library/Developer/Xcode/DerivedData/Tribeboard-hdigiwhflrfqtodtlckntnnupjxx/Build/Products/Debug-iphonesimulator/TribeboardUITests-Runner.app
/Users/tafmawere/Library/Developer/Xcode/DerivedData/Tribeboard-hdigiwhflrfqtodtlckntnnupjxx/Build/Products/Debug-iphonesimulator/TribeboardUITests-Runner.app: replacing existing signature

RegisterExecutionPolicyException /Users/tafmawere/Library/Developer/Xcode/DerivedData/Tribeboard-hdigiwhflrfqtodtlckntnnupjxx/Build/Products/Debug-iphonesimulator/TribeboardUITests-Runner.app/PlugIns/TribeboardUITests.xctest (in target 'TribeboardUITests' from project 'Tribeboard')
    cd /Users/tafmawere/Projects\ Kiro/Tribeboard_MVP/Tribeboard
    builtin-RegisterExecutionPolicyException /Users/tafmawere/Library/Developer/Xcode/DerivedData/Tribeboard-hdigiwhflrfqtodtlckntnnupjxx/Build/Products/Debug-iphonesimulator/TribeboardUITests-Runner.app/PlugIns/TribeboardUITests.xctest

Touch /Users/tafmawere/Library/Developer/Xcode/DerivedData/Tribeboard-hdigiwhflrfqtodtlckntnnupjxx/Build/Products/Debug-iphonesimulator/TribeboardUITests-Runner.app/PlugIns/TribeboardUITests.xctest (in target 'TribeboardUITests' from project 'Tribeboard')
    cd /Users/tafmawere/Projects\ Kiro/Tribeboard_MVP/Tribeboard
    /usr/bin/touch -c /Users/tafmawere/Library/Developer/Xcode/DerivedData/Tribeboard-hdigiwhflrfqtodtlckntnnupjxx/Build/Products/Debug-iphonesimulator/TribeboardUITests-Runner.app/PlugIns/TribeboardUITests.xctest

Testing started
Test suite 'SynchronizationIntegrationTests' started on 'Clone 1 of iPhone 16e - Tribeboard (71914)'
Test case 'SynchronizationIntegrationTests.testCompleteOfflineToOnlineWorkflow()' passed on 'Clone 1 of iPhone 16e - Tribeboard (71914)' (6.170 seconds)
Test case 'SynchronizationIntegrationTests.testConflictResolutionWorkflow()' failed on 'Clone 1 of iPhone 16e - Tribeboard (71914)' (0.427 seconds)
Test case 'SynchronizationIntegrationTests.testErrorRecovery()' passed on 'Clone 1 of iPhone 16e - Tribeboard (71914)' (0.008 seconds)
Test case 'SynchronizationIntegrationTests.testHighFrequencyLocationUpdates()' passed on 'Clone 1 of iPhone 16e - Tribeboard (71914)' (0.009 seconds)
Test case 'SynchronizationIntegrationTests.testMultipleRunMonitoring()' passed on 'Clone 1 of iPhone 16e - Tribeboard (71914)' (0.002 seconds)
Test case 'SynchronizationIntegrationTests.testNetworkStateTransitions()' passed on 'Clone 1 of iPhone 16e - Tribeboard (71914)' (0.001 seconds)
Test case 'SynchronizationIntegrationTests.testRealTimeMonitoring()' passed on 'Clone 1 of iPhone 16e - Tribeboard (71914)' (0.103 seconds)
Test case 'SynchronizationIntegrationTests.testSyncStatusTracking()' passed on 'Clone 1 of iPhone 16e - Tribeboard (71914)' (0.001 seconds)
Test suite 'RealTimeSyncWorkflowDemo' started on 'Clone 1 of iPhone 16e - Tribeboard (71914)'
Test suite 'TribeboardUITests' started on 'Clone 2 of iPhone 16e - TribeboardUITests-Runner (71956)'
Test case 'TribeboardUITests.testExample()' passed on 'Clone 2 of iPhone 16e - TribeboardUITests-Runner (71956)' (4.623 seconds)
Test case 'RealTimeSyncWorkflowDemo.testCompleteDriverWorkflow()' passed on 'Clone 1 of iPhone 16e - Tribeboard (71914)' (26.530 seconds)
Test case 'TribeboardUITests.testLaunchPerformance()' passed on 'Clone 2 of iPhone 16e - TribeboardUITests-Runner (71956)' (33.066 seconds)
Test suite 'RunCreationViewModelTests' started on 'Clone 3 of iPhone 16e - Tribeboard (72348)'
Test case 'RealTimeSyncWorkflowDemo.testConflictResolutionScenario()' passed on 'Clone 1 of iPhone 16e - Tribeboard (71914)' (20.225 seconds)
Test case 'RealTimeSyncWorkflowDemo.testHighVolumeEventHandling()' passed on 'Clone 1 of iPhone 16e - Tribeboard (71914)' (0.135 seconds)
Test case 'RealTimeSyncWorkflowDemo.testObserverRealTimeTracking()' passed on 'Clone 1 of iPhone 16e - Tribeboard (71914)' (0.210 seconds)
Test case 'RunCreationViewModelTests.testCompleteWorkflow()' failed on 'Clone 3 of iPhone 16e - Tribeboard (72348)' (3.212 seconds)
Test case 'RunCreationViewModelTests.testInitialState()' passed on 'Clone 3 of iPhone 16e - Tribeboard (72348)' (0.001 seconds)
Test case 'RunCreationViewModelTests.testReset()' passed on 'Clone 3 of iPhone 16e - Tribeboard (72348)' (0.001 seconds)
Test case 'RunCreationViewModelTests.testRunCreationNetworkError()' failed on 'Clone 3 of iPhone 16e - Tribeboard (72348)' (0.002 seconds)
Test case 'RunCreationViewModelTests.testRunCreationSuccess()' failed on 'Clone 3 of iPhone 16e - Tribeboard (72348)' (3.011 seconds)
Test case 'RunCreationViewModelTests.testRunCreationValidationFailure()' failed on 'Clone 3 of iPhone 16e - Tribeboard (72348)' (2.055 seconds)
Test case 'RunCreationViewModelTests.testRunSummaryFormatting()' passed on 'Clone 3 of iPhone 16e - Tribeboard (72348)' (0.034 seconds)
Test case 'RunCreationViewModelTests.testRunSummaryGeneration()' passed on 'Clone 3 of iPhone 16e - Tribeboard (72348)' (0.002 seconds)
Test case 'TribeboardUITests.testMyRunsScreenDisplays()' failed on 'Clone 2 of iPhone 16e - TribeboardUITests-Runner (71956)' (9.706 seconds)
Test suite 'RunCreationFlowTests' started on 'Clone 2 of iPhone 16e - TribeboardUITests-Runner (71956)'
Test case 'RunCreationViewModelTests.testStep1Validation()' passed on 'Clone 3 of iPhone 16e - Tribeboard (72348)' (0.517 seconds)
Test case 'RunCreationViewModelTests.testStep2Validation()' passed on 'Clone 3 of iPhone 16e - Tribeboard (72348)' (1.066 seconds)
Test case 'RunCreationViewModelTests.testStep3Validation()' passed on 'Clone 3 of iPhone 16e - Tribeboard (72348)' (1.009 seconds)
Test case 'RunCreationViewModelTests.testStep4Validation()' passed on 'Clone 3 of iPhone 16e - Tribeboard (72348)' (0.004 seconds)
Test case 'RunCreationViewModelTests.testStepBackNavigation()' passed on 'Clone 3 of iPhone 16e - Tribeboard (72348)' (0.003 seconds)
Test case 'RunCreationViewModelTests.testStepProgression()' failed on 'Clone 3 of iPhone 16e - Tribeboard (72348)' (0.510 seconds)
Test suite 'RunEventServiceTests' started on 'Clone 3 of iPhone 16e - Tribeboard (72348)'
Test case 'RunEventServiceTests.testEnhancedDemoSeedDataGeneration()' passed on 'Clone 3 of iPhone 16e - Tribeboard (72348)' (0.526 seconds)
Test case 'RunEventServiceTests.testEventBroadcasting()' passed on 'Clone 3 of iPhone 16e - Tribeboard (72348)' (0.002 seconds)
Test case 'RunEventServiceTests.testListenerManagement()' failed on 'Clone 3 of iPhone 16e - Tribeboard (72348)' (0.002 seconds)
Test case 'RunEventServiceTests.testNetworkStatusTracking()' passed on 'Clone 3 of iPhone 16e - Tribeboard (72348)' (0.001 seconds)
Test case 'RunEventServiceTests.testOfflineAdminActionQueuing()' passed on 'Clone 3 of iPhone 16e - Tribeboard (72348)' (0.017 seconds)
Test case 'RunEventServiceTests.testOfflineDriverActionQueuing()' passed on 'Clone 3 of iPhone 16e - Tribeboard (72348)' (0.010 seconds)
Test case 'RunEventServiceTests.testOnlineDriverActionProcessing()' passed on 'Clone 3 of iPhone 16e - Tribeboard (72348)' (0.005 seconds)
Test case 'RunEventServiceTests.testStateChangeBroadcasting()' passed on 'Clone 3 of iPhone 16e - Tribeboard (72348)' (0.002 seconds)
Test case 'RunEventServiceTests.testSynchronizationWhenOffline()' passed on 'Clone 3 of iPhone 16e - Tribeboard (72348)' (0.001 seconds)
Test case 'RunEventServiceTests.testSynchronizationWhenOnline()' passed on 'Clone 3 of iPhone 16e - Tribeboard (72348)' (4.035 seconds)
Test suite 'ErrorHandlingTests' started on 'Clone 3 of iPhone 16e - Tribeboard (72348)'
Test case 'ErrorHandlingTests.testCoordinateSanitization()' passed on 'Clone 3 of iPhone 16e - Tribeboard (72348)' (0.002 seconds)
Test case 'ErrorHandlingTests.testEmailSanitization()' passed on 'Clone 3 of iPhone 16e - Tribeboard (72348)' (0.074 seconds)
Test case 'ErrorHandlingTests.testErrorHandlingCoordinator()' passed on 'Clone 3 of iPhone 16e - Tribeboard (72348)' (0.016 seconds)
Test case 'ErrorHandlingTests.testErrorStatistics()' passed on 'Clone 3 of iPhone 16e - Tribeboard (72348)' (0.001 seconds)
Test case 'ErrorHandlingTests.testLogExport()' passed on 'Clone 3 of iPhone 16e - Tribeboard (72348)' (0.002 seconds)
Test case 'ErrorHandlingTests.testLoggingStatistics()' passed on 'Clone 3 of iPhone 16e - Tribeboard (72348)' (0.002 seconds)
Test case 'ErrorHandlingTests.testMaintainStateOnFailure()' passed on 'Clone 3 of iPhone 16e - Tribeboard (72348)' (0.001 seconds)
Test case 'RunCreationFlowTests.testManualRunCreation_Task11_3()' passed on 'Clone 2 of iPhone 16e - TribeboardUITests-Runner (71956)' (8.225 seconds)
Test case 'ErrorHandlingTests.testNetworkErrorWithRetry()' passed on 'Clone 3 of iPhone 16e - Tribeboard (72348)' (3.023 seconds)
Test case 'ErrorHandlingTests.testPhoneNumberSanitization()' passed on 'Clone 3 of iPhone 16e - Tribeboard (72348)' (0.004 seconds)
Test case 'ErrorHandlingTests.testPrivacyCompliantReportGeneration()' passed on 'Clone 3 of iPhone 16e - Tribeboard (72348)' (0.012 seconds)
Test case 'ErrorHandlingTests.testSensitiveDataRedaction()' passed on 'Clone 3 of iPhone 16e - Tribeboard (72348)' (0.003 seconds)
Test case 'ErrorHandlingTests.testStateTransitionErrorHandling()' passed on 'Clone 3 of iPhone 16e - Tribeboard (72348)' (0.001 seconds)
Test suite 'ObserverLiveTrackingTests' started on 'Clone 3 of iPhone 16e - Tribeboard (72348)'
Test case 'ObserverLiveTrackingTests.testCallDriverButtonAvailable()' failed on 'Clone 3 of iPhone 16e - Tribeboard (72348)' (0.283 seconds)
Test case 'RunCreationFlowTests.testRunCreationViewModelsConfiguration()' passed on 'Clone 2 of iPhone 16e - TribeboardUITests-Runner (71956)' (6.676 seconds)
Test case 'RunCreationFlowTests.testRunScheduledConfirmationDisplays_Task11_4()' passed on 'Clone 2 of iPhone 16e - TribeboardUITests-Runner (71956)' (8.191 seconds)
Test suite 'TribeboardUITestsLaunchTests' started on 'Clone 2 of iPhone 16e - TribeboardUITests-Runner (71956)'
Test case 'TribeboardUITestsLaunchTests.testLaunch()' passed on 'Clone 2 of iPhone 16e - TribeboardUITests-Runner (71956)' (27.299 seconds)
Test suite 'OfflineSyncServiceTests' started on 'Clone 5 of iPhone 16e - Tribeboard (72741)'
Test case 'OfflineSyncServiceTests.testAdminActionQueuing()' passed on 'Clone 5 of iPhone 16e - Tribeboard (72741)' (0.020 seconds)
Test case 'OfflineSyncServiceTests.testChronologicalSynchronization()' passed on 'Clone 5 of iPhone 16e - Tribeboard (72741)' (0.242 seconds)
Test case 'OfflineSyncServiceTests.testConflictResolutionBackendPrecedence()' passed on 'Clone 5 of iPhone 16e - Tribeboard (72741)' (0.005 seconds)
Test case 'OfflineSyncServiceTests.testConflictResolutionWithNewerLocalLocation()' passed on 'Clone 5 of iPhone 16e - Tribeboard (72741)' (0.002 seconds)
Test case 'OfflineSyncServiceTests.testDriverActionQueuing()' passed on 'Clone 5 of iPhone 16e - Tribeboard (72741)' (0.003 seconds)
Test case 'OfflineSyncServiceTests.testEmptyQueueSynchronization()' passed on 'Clone 5 of iPhone 16e - Tribeboard (72741)' (0.001 seconds)
Test case 'OfflineSyncServiceTests.testLocationUpdateQueuing()' passed on 'Clone 5 of iPhone 16e - Tribeboard (72741)' (0.005 seconds)
Test case 'OfflineSyncServiceTests.testMultipleActionsQueuing()' passed on 'Clone 5 of iPhone 16e - Tribeboard (72741)' (0.009 seconds)
Test case 'OfflineSyncServiceTests.testQueueClear()' passed on 'Clone 5 of iPhone 16e - Tribeboard (72741)' (0.010 seconds)
Test case 'OfflineSyncServiceTests.testSuccessfulSynchronization()' passed on 'Clone 5 of iPhone 16e - Tribeboard (72741)' (0.007 seconds)
Test case 'OfflineSyncServiceTests.testSyncErrorTracking()' passed on 'Clone 5 of iPhone 16e - Tribeboard (72741)' (2.021 seconds)
Test suite 'DropoffAndCompletionFlowTests' started on 'Clone 5 of iPhone 16e - Tribeboard (72741)'
Test case 'DropoffAndCompletionFlowTests.testCompleteFlow_PickupToDropoffToCompletion()' passed on 'Clone 5 of iPhone 16e - Tribeboard (72741)' (0.004 seconds)
Test case 'DropoffAndCompletionFlowTests.testDropoffArrival_WhenEnRouteToDropoff_DisplaysIveArrivedButton()' passed on 'Clone 5 of iPhone 16e - Tribeboard (72741)' (0.001 seconds)
Test case 'DropoffAndCompletionFlowTests.testDropoffConfirmation_MultiplePassengers_AllCanBeDroppedOff()' passed on 'Clone 5 of iPhone 16e - Tribeboard (72741)' (0.001 seconds)
Test case 'DropoffAndCompletionFlowTests.testDropoffConfirmation_WhenDropOffButtonTapped_UpdatesPassengerStatus()' passed on 'Clone 5 of iPhone 16e - Tribeboard (72741)' (0.001 seconds)
Test case 'DropoffAndCompletionFlowTests.testDropoffConfirmation_WhenIveArrivedTapped_DisplaysDropoffScreen()' passed on 'Clone 5 of iPhone 16e - Tribeboard (72741)' (0.005 seconds)
Test case 'DropoffAndCompletionFlowTests.testDropoffValidation_CannotAdvanceWithoutCompletingDropoffs()' passed on 'Clone 5 of iPhone 16e - Tribeboard (72741)' (0.001 seconds)
Test case 'TribeboardUITestsLaunchTests.testLaunch()' passed on 'Clone 2 of iPhone 16e - TribeboardUITests-Runner (71956)' (4.896 seconds)
Test case 'DropoffAndCompletionFlowTests.testDropoffValidation_CannotDropOffWaitingPassengers()' failed on 'Clone 5 of iPhone 16e - Tribeboard (72741)' (0.462 seconds)
Test case 'DropoffAndCompletionFlowTests.testDropoffValidation_PassengerNotAtStop_Fails()' passed on 'Clone 5 of iPhone 16e - Tribeboard (72741)' (0.003 seconds)
Test case 'DropoffAndCompletionFlowTests.testEndRunButton_WhenAllWaypointsCompleted_IsDisplayed()' passed on 'Clone 5 of iPhone 16e - Tribeboard (72741)' (0.001 seconds)
Test case 'DropoffAndCompletionFlowTests.testMultipleDropoffStops_WorksCorrectly()' passed on 'Clone 5 of iPhone 16e - Tribeboard (72741)' (0.001 seconds)
Test case 'DropoffAndCompletionFlowTests.testPassengerActionItems_ForDropoff_ReflectCurrentState()' passed on 'Clone 5 of iPhone 16e - Tribeboard (72741)' (0.004 seconds)
Test case 'DropoffAndCompletionFlowTests.testRunCompletedSummary_ShowsEfficiencyIndicator()' passed on 'Clone 5 of iPhone 16e - Tribeboard (72741)' (0.001 seconds)
Test case 'DropoffAndCompletionFlowTests.testRunCompletedSummary_ShowsEventTimeline()' passed on 'Clone 5 of iPhone 16e - Tribeboard (72741)' (0.004 seconds)
Test case 'DropoffAndCompletionFlowTests.testRunCompletedSummary_ShowsPassengerStatus()' passed on 'Clone 5 of iPhone 16e - Tribeboard (72741)' (0.006 seconds)
Test case 'DropoffAndCompletionFlowTests.testRunCompletedSummary_ShowsStopsCompleted()' passed on 'Clone 5 of iPhone 16e - Tribeboard (72741)' (0.001 seconds)
Test case 'DropoffAndCompletionFlowTests.testRunCompletedSummary_ShowsTotalDuration()' passed on 'Clone 5 of iPhone 16e - Tribeboard (72741)' (0.001 seconds)
Test case 'DropoffAndCompletionFlowTests.testRunCompletedSummary_WhenRunCompleted_DisplaysSummaryScreen()' passed on 'Clone 5 of iPhone 16e - Tribeboard (72741)' (0.001 seconds)
Test case 'DropoffAndCompletionFlowTests.testRunCompletion_WhenAdvancingFromLastStop_CompletesRun()' passed on 'Clone 5 of iPhone 16e - Tribeboard (72741)' (0.001 seconds)
Test case 'DropoffAndCompletionFlowTests.testRunCompletion_WhenEndRunTapped_TransitionsToCompleted()' passed on 'Clone 5 of iPhone 16e - Tribeboard (72741)' (0.001 seconds)
Test case 'DropoffAndCompletionFlowTests.testStopCompletionProgress_TracksDropoffProgress()' passed on 'Clone 5 of iPhone 16e - Tribeboard (72741)' (0.006 seconds)
Test suite 'RoleBasedAccessControlTests' started on 'Clone 5 of iPhone 16e - Tribeboard (72741)'
Test case 'ObserverLiveTrackingTests.testDemoPlaybackControllerUpdatesLocation()' failed on 'Clone 3 of iPhone 16e - Tribeboard (72348)' (0.000 seconds)
Test case 'ObserverLiveTrackingTests.testDemoRunPlaybackControllerIntegration()' passed on 'Clone 3 of iPhone 16e - Tribeboard (72827)' (0.008 seconds)
Test case 'TribeboardUITestsLaunchTests.testLaunch()' passed on 'Clone 2 of iPhone 16e - TribeboardUITests-Runner (71956)' (5.905 seconds)
Test case 'TribeboardUITestsLaunchTests.testLaunch()' passed on 'Clone 2 of iPhone 16e - TribeboardUITests-Runner (71956)' (10.099 seconds)
Test suite 'StopCompletionLogicTests' started on 'Clone 2 of iPhone 16e - Tribeboard (72868)'
Test case 'StopCompletionLogicTests.testDropoffStopCompletion_AllPassengersDroppedOff_ShouldBeComplete()' passed on 'Clone 2 of iPhone 16e - Tribeboard (72868)' (0.007 seconds)
Test case 'StopCompletionLogicTests.testDropoffStopCompletion_SomePassengersOnboard_ShouldBeIncomplete()' passed on 'Clone 2 of iPhone 16e - Tribeboard (72868)' (0.001 seconds)
Test case 'StopCompletionLogicTests.testPassengerStatusUpdate_InvalidTransition_ShouldFail()' passed on 'Clone 2 of iPhone 16e - Tribeboard (72868)' (0.001 seconds)
Test case 'StopCompletionLogicTests.testPassengerStatusUpdate_ValidDropoffTransition_ShouldSucceed()' passed on 'Clone 2 of iPhone 16e - Tribeboard (72868)' (0.001 seconds)
Test case 'StopCompletionLogicTests.testPassengerStatusUpdate_ValidPickupTransition_ShouldSucceed()' passed on 'Clone 2 of iPhone 16e - Tribeboard (72868)' (0.001 seconds)
Test case 'StopCompletionLogicTests.testPickupStopCompletion_AllPassengersPickedUp_ShouldBeComplete()' passed on 'Clone 2 of iPhone 16e - Tribeboard (72868)' (0.001 seconds)
Test case 'StopCompletionLogicTests.testPickupStopCompletion_SomePassengersWaiting_ShouldBeIncomplete()' passed on 'Clone 2 of iPhone 16e - Tribeboard (72868)' (0.001 seconds)
Test case 'StopCompletionLogicTests.testStopProgression_CompletedStop_ShouldAllowAdvancement()' passed on 'Clone 2 of iPhone 16e - Tribeboard (72868)' (0.001 seconds)
Test case 'StopCompletionLogicTests.testStopProgression_IncompleteStop_ShouldBlockAdvancement()' passed on 'Clone 2 of iPhone 16e - Tribeboard (72868)' (0.001 seconds)
Test case 'StopCompletionLogicTests.testWaypointStopCompletion_ShouldAlwaysBeComplete()' passed on 'Clone 2 of iPhone 16e - Tribeboard (72868)' (0.001 seconds)
Test suite 'DebugOverlayIntegrationTests' started on 'Clone 2 of iPhone 16e - Tribeboard (72868)'
Test case 'RoleBasedAccessControlTests.testActionPermissionDenialFeedback()' failed on 'Clone 5 of iPhone 16e - Tribeboard (72741)' (0.000 seconds)
Test case 'ObserverLiveTrackingTests.testETAUpdatesWithDriverLocation()' failed on 'Clone 3 of iPhone 16e - Tribeboard (72827)' (0.000 seconds)
Test case 'RoleBasedAccessControlTests.testAdminActionWithPermissions()' passed on 'Clone 5 of iPhone 16e - Tribeboard (72912)' (0.002 seconds)
Test case 'RoleBasedAccessControlTests.testAdminAvailableActions()' passed on 'Clone 5 of iPhone 16e - Tribeboard (72912)' (0.001 seconds)
Test suite 'ActivityStreamTests' started on 'Clone 4 of iPhone 16e - Tribeboard (72889)'
Test case 'ActivityStreamTests.testAddComment()' passed on 'Clone 4 of iPhone 16e - Tribeboard (72889)' (0.002 seconds)
Test case 'ActivityStreamTests.testAddEmptyComment()' passed on 'Clone 4 of iPhone 16e - Tribeboard (72889)' (0.001 seconds)
Test case 'ActivityStreamTests.testEventAcknowledgment()' passed on 'Clone 4 of iPhone 16e - Tribeboard (72889)' (0.001 seconds)
Test case 'ActivityStreamTests.testEventsByDate()' passed on 'Clone 4 of iPhone 16e - Tribeboard (72889)' (0.004 seconds)
Test case 'ActivityStreamTests.testEventSorting()' passed on 'Clone 4 of iPhone 16e - Tribeboard (72889)' (0.013 seconds)
Test case 'RoleBasedAccessControlTests.testAdminPermissions()' failed on 'Clone 5 of iPhone 16e - Tribeboard (72912)' (0.222 seconds)
Test case 'RoleBasedAccessControlTests.testDriverActionWithoutPermissions()' passed on 'Clone 5 of iPhone 16e - Tribeboard (72912)' (0.003 seconds)
Test case 'RoleBasedAccessControlTests.testDriverActionWithPermissions()' passed on 'Clone 5 of iPhone 16e - Tribeboard (72912)' (0.000 seconds)
Test case 'RoleBasedAccessControlTests.testDriverAvailableActions()' passed on 'Clone 5 of iPhone 16e - Tribeboard (72912)' (0.001 seconds)
Test case 'RoleBasedAccessControlTests.testDriverPermissions()' passed on 'Clone 5 of iPhone 16e - Tribeboard (72912)' (0.001 seconds)
Test case 'ActivityStreamTests.testLoadEvents()' failed on 'Clone 4 of iPhone 16e - Tribeboard (72889)' (1.006 seconds)
Test case 'ActivityStreamTests.testTimestampFormatting()' passed on 'Clone 4 of iPhone 16e - Tribeboard (72889)' (0.003 seconds)
Test suite 'DebugOverlayTests' started on 'Clone 4 of iPhone 16e - Tribeboard (72889)'
Test case 'DebugOverlayTests.testCurrentDemoUserConsistency()' passed on 'Clone 4 of iPhone 16e - Tribeboard (72889)' (0.000 seconds)
Test case 'DebugOverlayTests.testDebugAssertWithFalseCondition()' passed on 'Clone 4 of iPhone 16e - Tribeboard (72889)' (0.002 seconds)
Test case 'DebugOverlayTests.testDebugAssertWithTrueCondition()' passed on 'Clone 4 of iPhone 16e - Tribeboard (72889)' (0.000 seconds)
Test case 'DebugOverlayTests.testDebugStateManagerInitialization()' failed on 'Clone 4 of iPhone 16e - Tribeboard (72889)' (0.002 seconds)
Test case 'DebugOverlayTests.testDebugUserModeToggle()' passed on 'Clone 4 of iPhone 16e - Tribeboard (72889)' (0.000 seconds)
Test case 'DebugOverlayTests.testLaunchModeDisplayNames()' passed on 'Clone 4 of iPhone 16e - Tribeboard (72889)' (0.001 seconds)
Test case 'DebugOverlayTests.testRunStatusDisplayNames()' passed on 'Clone 4 of iPhone 16e - Tribeboard (72889)' (0.000 seconds)
Test case 'DebugOverlayTests.testUpdateActiveRun()' passed on 'Clone 4 of iPhone 16e - Tribeboard (72889)' (0.000 seconds)
Test case 'DebugOverlayTests.testUpdateActiveRunWithNil()' passed on 'Clone 4 of iPhone 16e - Tribeboard (72889)' (0.000 seconds)
Test case 'DebugOverlayTests.testUpdateCurrentUser()' passed on 'Clone 4 of iPhone 16e - Tribeboard (72889)' (0.000 seconds)
Test case 'DebugOverlayTests.testUpdateLocationInfo()' passed on 'Clone 4 of iPhone 16e - Tribeboard (72889)' (0.000 seconds)
Test case 'DebugOverlayTests.testUpdatePlaybackStatus()' passed on 'Clone 4 of iPhone 16e - Tribeboard (72889)' (0.000 seconds)
Test case 'DebugOverlayTests.testUpdatePlaybackTick()' passed on 'Clone 4 of iPhone 16e - Tribeboard (72889)' (0.013 seconds)
Test suite 'DebugOverlayFunctionalityTests' started on 'Clone 4 of iPhone 16e - Tribeboard (72889)'
Test case 'DebugOverlayIntegrationTests.testAppLaunchDebugAssertions()' failed on 'Clone 2 of iPhone 16e - Tribeboard (72868)' (0.000 seconds)
Test case 'RealTimeSyncWorkflowDemo.testOfflineResilienceScenario()' passed on 'Clone 1 of iPhone 16e - Tribeboard (71914)' (109.203 seconds)
Test case 'RoleBasedAccessControlTests.testDynamicRolePermissionUpdates()' failed on 'Clone 5 of iPhone 16e - Tribeboard (72912)' (0.000 seconds)
Test suite 'RunScheduledConfirmationViewTests' started on 'Clone 1 of iPhone 16e - Tribeboard (71914)'
Test case 'RunScheduledConfirmationViewTests.testCallbacksAreInvoked()' passed on 'Clone 1 of iPhone 16e - Tribeboard (71914)' (0.001 seconds)
Test case 'RunScheduledConfirmationViewTests.testIntegrationWithAppCoordinator()' passed on 'Clone 1 of iPhone 16e - Tribeboard (71914)' (0.000 seconds)
Test case 'RunScheduledConfirmationViewTests.testMinimalRunData()' passed on 'Clone 1 of iPhone 16e - Tribeboard (71914)' (0.012 seconds)
Test case 'RunScheduledConfirmationViewTests.testMultiplePassengersDisplay()' passed on 'Clone 1 of iPhone 16e - Tribeboard (71914)' (0.001 seconds)
Test case 'RunScheduledConfirmationViewTests.testRunDetailsFormatting()' passed on 'Clone 1 of iPhone 16e - Tribeboard (71914)' (0.000 seconds)
Test case 'RunScheduledConfirmationViewTests.testScheduledTimeFormatting()' passed on 'Clone 1 of iPhone 16e - Tribeboard (71914)' (0.001 seconds)
Test case 'RunScheduledConfirmationViewTests.testStopCountDisplay()' passed on 'Clone 1 of iPhone 16e - Tribeboard (71914)' (0.000 seconds)
Test case 'RunScheduledConfirmationViewTests.testViewInstantiation()' passed on 'Clone 1 of iPhone 16e - Tribeboard (71914)' (0.000 seconds)
Test suite 'RunCompletionSummaryTests' started on 'Clone 1 of iPhone 16e - Tribeboard (71914)'
Test case 'RunCompletionSummaryTests.testRunCompletionSummaryCreation()' passed on 'Clone 1 of iPhone 16e - Tribeboard (71914)' (0.015 seconds)
Test suite 'PickupConfirmationFlowTests' started on 'Clone 1 of iPhone 16e - Tribeboard (71914)'
Test case 'PickupConfirmationFlowTests.testAllPassengersBoardedButton_WhenAllPickedUp_IsEnabled()' passed on 'Clone 1 of iPhone 16e - Tribeboard (71914)' (0.009 seconds)
Test case 'PickupConfirmationFlowTests.testAllPassengersBoardedButton_WhenNotAllPickedUp_IsDisabled()' passed on 'Clone 1 of iPhone 16e - Tribeboard (71914)' (0.001 seconds)
Test case 'PickupConfirmationFlowTests.testDriverEnRouteToPickupConfirmation_WhenImHereButtonTapped_TransitionsToArrivedAtStop()' passed on 'Clone 1 of iPhone 16e - Tribeboard (71914)' (0.001 seconds)
Test case 'PickupConfirmationFlowTests.testPassengerActionItems_ReflectCurrentState()' passed on 'Clone 1 of iPhone 16e - Tribeboard (71914)' (0.002 seconds)
Test case 'PickupConfirmationFlowTests.testPickupConfirmation_MultiplePickupStops_WorksCorrectly()' passed on 'Clone 1 of iPhone 16e - Tribeboard (71914)' (0.001 seconds)
Test case 'PickupConfirmationFlowTests.testPickupConfirmation_PassengerNotAtStop_Fails()' passed on 'Clone 1 of iPhone 16e - Tribeboard (71914)' (0.002 seconds)
Test case 'PickupConfirmationFlowTests.testPickupConfirmation_WhenAllPassengersBoardedTapped_TransitionsToNextWaypoint()' passed on 'Clone 1 of iPhone 16e - Tribeboard (71914)' (0.001 seconds)
Test case 'PickupConfirmationFlowTests.testPickupConfirmation_WhenNotAllPickedUp_CannotAdvance()' passed on 'Clone 1 of iPhone 16e - Tribeboard (71914)' (0.002 seconds)
Test case 'PickupConfirmationFlowTests.testPickupConfirmation_WhenPickUpButtonTapped_UpdatesPassengerStatus()' passed on 'Clone 1 of iPhone 16e - Tribeboard (71914)' (0.001 seconds)
Test case 'PickupConfirmationFlowTests.testPickupConfirmationScreen_WhenDisplayed_ShowsPassengerChecklist()' passed on 'Clone 1 of iPhone 16e - Tribeboard (71914)' (0.001 seconds)
Test case 'PickupConfirmationFlowTests.testStopCompletionProgress_TracksPickupProgress()' passed on 'Clone 1 of iPhone 16e - Tribeboard (71914)' (0.001 seconds)
Test suite 'RunActionTests' started on 'Clone 1 of iPhone 16e - Tribeboard (71914)'
Test case 'RunActionTests.testArriveStopAction()' passed on 'Clone 1 of iPhone 16e - Tribeboard (71914)' (0.000 seconds)
Test case 'RunActionTests.testCancelRunAction()' passed on 'Clone 1 of iPhone 16e - Tribeboard (71914)' (0.001 seconds)
Test case 'RunActionTests.testCanTransitionAdminActions()' passed on 'Clone 1 of iPhone 16e - Tribeboard (71914)' (0.000 seconds)
Test case 'RunActionTests.testCanTransitionDriverActions()' passed on 'Clone 1 of iPhone 16e - Tribeboard (71914)' (0.000 seconds)
Test case 'RunActionTests.testConfirmPickupAction()' passed on 'Clone 1 of iPhone 16e - Tribeboard (71914)' (0.000 seconds)
Test case 'RunActionTests.testGetAvailableActionsForDriver()' passed on 'Clone 1 of iPhone 16e - Tribeboard (71914)' (0.000 seconds)
Test case 'RunActionTests.testGetAvailableActionsForNonDriver()' passed on 'Clone 1 of iPhone 16e - Tribeboard (71914)' (0.000 seconds)
Test case 'RunActionTests.testInvalidTransition()' passed on 'Clone 1 of iPhone 16e - Tribeboard (71914)' (0.001 seconds)
Test case 'RunActionTests.testReassignDriverAction()' passed on 'Clone 1 of iPhone 16e - Tribeboard (71914)' (0.000 seconds)
Test case 'RunActionTests.testStartRunAction()' passed on 'Clone 1 of iPhone 16e - Tribeboard (71914)' (0.001 seconds)
Test suite 'MyRunsViewTests' started on 'Clone 1 of iPhone 16e - Tribeboard (71914)'
Test case 'MyRunsViewTests.testDemoFamilyConstants()' passed on 'Clone 1 of iPhone 16e - Tribeboard (71914)' (0.000 seconds)
Test case 'MyRunsViewTests.testDemoFlowModeEnabled()' passed on 'Clone 1 of iPhone 16e - Tribeboard (71914)' (0.000 seconds)
Test case 'MyRunsViewTests.testMyRunsViewTabsExist()' passed on 'Clone 1 of iPhone 16e - Tribeboard (71914)' (0.001 seconds)
Test suite 'UserSwitchingDuringActiveRunTests' started on 'Clone 1 of iPhone 16e - Tribeboard (71914)'
Test case 'DebugOverlayFunctionalityTests.testAppConfigIntegration()' failed on 'Clone 4 of iPhone 16e - Tribeboard (72889)' (0.000 seconds)
Test case 'ObserverLiveTrackingTests.testLateIndicatorDisplayedWhenDelayed()' failed on 'Clone 3 of iPhone 16e - Tribeboard (72923)' (0.000 seconds)
Test case 'DebugOverlayFunctionalityTests.testDebugAssertionErrorHandling()' passed on 'Clone 4 of iPhone 16e - Tribeboard (72974)' (0.002 seconds)
Test case 'DebugOverlayFunctionalityTests.testDebugAssertionFunctionExists()' passed on 'Clone 4 of iPhone 16e - Tribeboard (72974)' (0.000 seconds)
Test case 'DebugOverlayFunctionalityTests.testDebugOverlayViewCreation()' passed on 'Clone 4 of iPhone 16e - Tribeboard (72974)' (0.003 seconds)
Test case 'DebugOverlayFunctionalityTests.testDebugOverlayViewModifierExists()' passed on 'Clone 4 of iPhone 16e - Tribeboard (72974)' (0.005 seconds)
Test case 'DebugOverlayIntegrationTests.testCompleteDebugOverlayWorkflow()' failed on 'Clone 2 of iPhone 16e - Tribeboard (72950)' (0.000 seconds)
Test case 'DebugOverlayIntegrationTests.testDebugAssertionsWorkInBothModes()' passed on 'Clone 2 of iPhone 16e - Tribeboard (73026)' (0.001 seconds)
Test case 'DebugOverlayIntegrationTests.testDebugOverlayAttachmentToDriverView()' passed on 'Clone 2 of iPhone 16e - Tribeboard (73026)' (0.012 seconds)
Test case 'DebugOverlayIntegrationTests.testDebugOverlayAttachmentToObserverView()' passed on 'Clone 2 of iPhone 16e - Tribeboard (73026)' (0.024 seconds)
Test case 'UserSwitchingDuringActiveRunTests.testNavigationToObserverTrackingAfterSwitch()' failed on 'Clone 1 of iPhone 16e - Tribeboard (71914)' (0.000 seconds)
Test case 'RoleBasedAccessControlTests.testEnhancedPermissionValidationWithContext()' failed on 'Clone 5 of iPhone 16e - Tribeboard (72973)' (0.000 seconds)
Test case 'DebugOverlayFunctionalityTests.testDebugStateManagerNilHandling()' failed on 'Clone 4 of iPhone 16e - Tribeboard (72974)' (0.000 seconds)
Test case 'ObserverLiveTrackingTests.testObserverTrackingScreenDisplaysRequiredElements()' failed on 'Clone 3 of iPhone 16e - Tribeboard (72975)' (0.000 seconds)
Test case 'DebugOverlayFunctionalityTests.testDebugStateManagerSingleton()' passed on 'Clone 4 of iPhone 16e - Tribeboard (73062)' (0.001 seconds)
Test case 'ObserverLiveTrackingTests.testObserverUIUpdatesWithDriverLocation()' failed on 'Clone 3 of iPhone 16e - Tribeboard (73064)' (0.821 seconds)
Test case 'DebugOverlayIntegrationTests.testDebugOverlayDisplaysAllSystemStateInformation()' failed on 'Clone 2 of iPhone 16e - Tribeboard (73026)' (0.000 seconds)
Test case 'UserSwitchingDuringActiveRunTests.testObserverCannotPerformDriverActions()' failed on 'Clone 1 of iPhone 16e - Tribeboard (73053)' (0.000 seconds)
Test case 'RoleBasedAccessControlTests.testImmediateUIRefreshOnRoleChange()' failed on 'Clone 5 of iPhone 16e - Tribeboard (73063)' (0.000 seconds)
Test case 'DebugOverlayFunctionalityTests.testDebugStateManagerStateUpdates()' failed on 'Clone 4 of iPhone 16e - Tribeboard (73062)' (0.000 seconds)
Test case 'ObserverLiveTrackingTests.testOnScheduleIndicatorDisplayed()' failed on 'Clone 3 of iPhone 16e - Tribeboard (73064)' (0.000 seconds)
Test case 'RoleBasedAccessControlTests.testObserverCannotPerformAdminActions()' passed on 'Clone 5 of iPhone 16e - Tribeboard (73159)' (0.004 seconds)
Test case 'RoleBasedAccessControlTests.testObserverNoDriverActions()' passed on 'Clone 5 of iPhone 16e - Tribeboard (73159)' (0.000 seconds)
Test case 'RoleBasedAccessControlTests.testObserverPermissions()' failed on 'Clone 5 of iPhone 16e - Tribeboard (73159)' (0.109 seconds)
Test case 'DebugOverlayIntegrationTests.testDebugOverlayErrorHandling()' failed on 'Clone 2 of iPhone 16e - Tribeboard (73106)' (0.000 seconds)
Test case 'UserSwitchingDuringActiveRunTests.testObserverCanViewActiveRunDetails()' failed on 'Clone 1 of iPhone 16e - Tribeboard (73140)' (0.000 seconds)
Test case 'ObserverLiveTrackingTests.testPassengerStatusUpdatesInRealTime()' failed on 'Clone 3 of iPhone 16e - Tribeboard (73171)' (0.000 seconds)
Test case 'RoleBasedAccessControlTests.testPermissionChangeSummary()' failed on 'Clone 5 of iPhone 16e - Tribeboard (73159)' (0.000 seconds)
Test case 'DebugOverlayFunctionalityTests.testDemoPlaybackControllerIntegration()' failed on 'Clone 4 of iPhone 16e - Tribeboard (73167)' (0.000 seconds)
Test case 'DebugOverlayFunctionalityTests.testLaunchModeDisplayNames()' passed on 'Clone 4 of iPhone 16e - Tribeboard (73243)' (0.001 seconds)
Test case 'DebugOverlayFunctionalityTests.testRunStatusDisplayNames()' passed on 'Clone 4 of iPhone 16e - Tribeboard (73243)' (0.000 seconds)
Test suite 'UserSwitcherTests' started on 'Clone 4 of iPhone 16e - Tribeboard (73243)'
Test case 'DebugOverlayIntegrationTests.testDebugOverlayHandlesNilValues()' failed on 'Clone 2 of iPhone 16e - Tribeboard (73222)' (0.000 seconds)
Test case 'UserSwitchingDuringActiveRunTests.testObserverSeesRealTimeUpdates()' failed on 'Clone 1 of iPhone 16e - Tribeboard (73224)' (0.000 seconds)
Test case 'ObserverLiveTrackingTests.testShareRunStatusGeneratesCorrectText()' failed on 'Clone 3 of iPhone 16e - Tribeboard (73241)' (0.000 seconds)
Test case 'UserSwitcherTests.testSwitchBetweenAllDemoUsers()' failed on 'Clone 4 of iPhone 16e - Tribeboard (73243)' (0.000 seconds)
Test case 'RoleBasedAccessControlTests.testPermissionEscalationRequest()' failed on 'Clone 5 of iPhone 16e - Tribeboard (73242)' (0.000 seconds)
Test case 'ObserverLiveTrackingTests.testTimelineEventsUpdateInRealTime()' failed on 'Clone 3 of iPhone 16e - Tribeboard (73293)' (0.317 seconds)
Test suite 'DriverEnRouteScreenTests' started on 'Clone 3 of iPhone 16e - Tribeboard (73293)'
Test case 'DebugOverlayIntegrationTests.testDebugOverlayPerformance()' failed on 'Clone 2 of iPhone 16e - Tribeboard (73267)' (0.000 seconds)
Test case 'UserSwitchingDuringActiveRunTests.testObserverTrackingViewModelWithSwitchedUser()' failed on 'Clone 1 of iPhone 16e - Tribeboard (73279)' (0.000 seconds)
Test case 'UserSwitcherTests.testSwitchingUserUpdatesPermissions()' failed on 'Clone 4 of iPhone 16e - Tribeboard (73295)' (0.000 seconds)
Test case 'RoleBasedAccessControlTests.testPermissionValidationBeforeAction()' failed on 'Clone 5 of iPhone 16e - Tribeboard (73294)' (0.000 seconds)
Test case 'DriverEnRouteScreenTests.testDriverCanStartRunAndTransitionToEnRoute()' failed on 'Clone 3 of iPhone 16e - Tribeboard (73293)' (0.000 seconds)
Test case 'DebugOverlay